Command line invocation:
    /Applications/Xcode.app/Contents/Developer/usr/bin/xcodebuild clean build -project "Past Papers Tracking System.xcodeproj"

CreateBuildRequest

SendProjectDescription

CreateBuildOperation

** CLEAN SUCCEEDED **

ComputePackagePrebuildTargetDependencyGraph

Prepare packages

CreateBuildRequest

SendProjectDescription

CreateBuildOperation

ComputeTargetDependencyGraph
note: Building targets in dependency order
note: Target dependency graph (1 target)
    Target 'Past Papers Tracking System' in project 'Past Papers Tracking System' (no dependencies)

GatherProvisioningInputs

CreateBuildDescription

ExecuteExternalTool /Applications/Xcode.app/Contents/Developer/Toolchains/XcodeDefault.xctoolchain/usr/bin/clang -v -E -dM -isysroot /Applications/Xcode.app/Contents/Developer/Platforms/MacOSX.platform/Developer/SDKs/MacOSX26.4.sdk -x c -c /dev/null

ExecuteExternalTool /Applications/Xcode.app/Contents/Developer/usr/bin/momc --dry-run --action generate --swift-version 5.0 --sdkroot /Applications/Xcode.app/Contents/Developer/Platforms/MacOSX.platform/Developer/SDKs/MacOSX26.4.sdk --macosx-deployment-target 26.3 --module Past_Papers_Tracking_System /Users/patpateephangern/Documents/Exam Timing System/Exam Timing System/Past Papers Tracking System/PaperTracker/Data/PaperTracker.xcdatamodeld /Users/patpateephangern/Documents/Exam Timing System/Exam Timing System/build/Past Papers Tracking System.build/Release/Past Papers Tracking System.build/DerivedSources/CoreDataGenerated/PaperTracker

ExecuteExternalTool /Applications/Xcode.app/Contents/Developer/usr/bin/actool --version --output-format xml1

ExecuteExternalTool /Applications/Xcode.app/Contents/Developer/Toolchains/XcodeDefault.xctoolchain/usr/bin/swiftc --version

ExecuteExternalTool /Applications/Xcode.app/Contents/Developer/Toolchains/XcodeDefault.xctoolchain/usr/bin/ld -version_details

Build description signature: c0c3a33c591aa1721fe79710e2c6efc3
Build description path: /Users/patpateephangern/Documents/Exam Timing System/Exam Timing System/build/XCBuildData/c0c3a33c591aa1721fe79710e2c6efc3.xcbuilddata
ClangStatCache /Applications/Xcode.app/Contents/Developer/Toolchains/XcodeDefault.xctoolchain/usr/bin/clang-stat-cache /Applications/Xcode.app/Contents/Developer/Platforms/MacOSX.platform/Developer/SDKs/MacOSX26.4.sdk /var/folders/zj/n36kmzzd6kv7023gxx2v65ww0000gn/C/com.apple.DeveloperTools/26.4-17E192/Xcode/SDKStatCaches.noindex/macosx26.4-25E236-30f9ca8789b706f8bd3fc906a70d770f.sdkstatcache
    cd /Users/patpateephangern/Documents/Exam\ Timing\ System/Exam\ Timing\ System/Past\ Papers\ Tracking\ System.xcodeproj
    /Applications/Xcode.app/Contents/Developer/Toolchains/XcodeDefault.xctoolchain/usr/bin/clang-stat-cache /Applications/Xcode.app/Contents/Developer/Platforms/MacOSX.platform/Developer/SDKs/MacOSX26.4.sdk -o /var/folders/zj/n36kmzzd6kv7023gxx2v65ww0000gn/C/com.apple.DeveloperTools/26.4-17E192/Xcode/SDKStatCaches.noindex/macosx26.4-25E236-30f9ca8789b706f8bd3fc906a70d770f.sdkstatcache

CreateBuildDirectory /Users/patpateephangern/Documents/Exam\ Timing\ System/Exam\ Timing\ System/build
    cd /Users/patpateephangern/Documents/Exam\ Timing\ System/Exam\ Timing\ System/Past\ Papers\ Tracking\ System.xcodeproj
    builtin-create-build-directory /Users/patpateephangern/Documents/Exam\ Timing\ System/Exam\ Timing\ System/build

CreateBuildDirectory /Users/patpateephangern/Documents/Exam\ Timing\ System/Exam\ Timing\ System/build/Release
    cd /Users/patpateephangern/Documents/Exam\ Timing\ System/Exam\ Timing\ System/Past\ Papers\ Tracking\ System.xcodeproj
    builtin-create-build-directory /Users/patpateephangern/Documents/Exam\ Timing\ System/Exam\ Timing\ System/build/Release

CreateBuildDirectory /Users/patpateephangern/Documents/Exam\ Timing\ System/Exam\ Timing\ System/build/ExplicitPrecompiledModules
    cd /Users/patpateephangern/Documents/Exam\ Timing\ System/Exam\ Timing\ System/Past\ Papers\ Tracking\ System.xcodeproj
    builtin-create-build-directory /Users/patpateephangern/Documents/Exam\ Timing\ System/Exam\ Timing\ System/build/ExplicitPrecompiledModules

CreateBuildDirectory /Users/patpateephangern/Documents/Exam\ Timing\ System/Exam\ Timing\ System/build/SwiftExplicitPrecompiledModules
    cd /Users/patpateephangern/Documents/Exam\ Timing\ System/Exam\ Timing\ System/Past\ Papers\ Tracking\ System.xcodeproj
    builtin-create-build-directory /Users/patpateephangern/Documents/Exam\ Timing\ System/Exam\ Timing\ System/build/SwiftExplicitPrecompiledModules

CreateBuildDirectory /Users/patpateephangern/Documents/Exam\ Timing\ System/Exam\ Timing\ System/build/EagerLinkingTBDs/Release
    cd /Users/patpateephangern/Documents/Exam\ Timing\ System/Exam\ Timing\ System/Past\ Papers\ Tracking\ System.xcodeproj
    builtin-create-build-directory /Users/patpateephangern/Documents/Exam\ Timing\ System/Exam\ Timing\ System/build/EagerLinkingTBDs/Release

WriteAuxiliaryFile /Users/patpateephangern/Documents/Exam\ Timing\ System/Exam\ Timing\ System/build/Past\ Papers\ Tracking\ System.build/Release/Past\ Papers\ Tracking\ System-27913aea4194f6e01469728f6214e3f3-VFS/all-product-headers.yaml
    cd /Users/patpateephangern/Documents/Exam\ Timing\ System/Exam\ Timing\ System/Past\ Papers\ Tracking\ System.xcodeproj
    write-file /Users/patpateephangern/Documents/Exam\ Timing\ System/Exam\ Timing\ System/build/Past\ Papers\ Tracking\ System.build/Release/Past\ Papers\ Tracking\ System-27913aea4194f6e01469728f6214e3f3-VFS/all-product-headers.yaml

WriteAuxiliaryFile /Users/patpateephangern/Documents/Exam\ Timing\ System/Exam\ Timing\ System/build/Past\ Papers\ Tracking\ System.build/Release/Past\ Papers\ Tracking\ System.build/Past\ Papers\ Tracking\ System-all-target-headers.hmap (in target 'Past Papers Tracking System' from project 'Past Papers Tracking System')
    cd /Users/patpateephangern/Documents/Exam\ Timing\ System/Exam\ Timing\ System
    write-file /Users/patpateephangern/Documents/Exam\ Timing\ System/Exam\ Timing\ System/build/Past\ Papers\ Tracking\ System.build/Release/Past\ Papers\ Tracking\ System.build/Past\ Papers\ Tracking\ System-all-target-headers.hmap

WriteAuxiliaryFile /Users/patpateephangern/Documents/Exam\ Timing\ System/Exam\ Timing\ System/build/Past\ Papers\ Tracking\ System.build/Release/Past\ Papers\ Tracking\ System.build/Past\ Papers\ Tracking\ System-project-headers.hmap (in target 'Past Papers Tracking System' from project 'Past Papers Tracking System')
    cd /Users/patpateephangern/Documents/Exam\ Timing\ System/Exam\ Timing\ System
    write-file /Users/patpateephangern/Documents/Exam\ Timing\ System/Exam\ Timing\ System/build/Past\ Papers\ Tracking\ System.build/Release/Past\ Papers\ Tracking\ System.build/Past\ Papers\ Tracking\ System-project-headers.hmap

WriteAuxiliaryFile /Users/patpateephangern/Documents/Exam\ Timing\ System/Exam\ Timing\ System/build/Past\ Papers\ Tracking\ System.build/Release/Past\ Papers\ Tracking\ System.build/empty-Past\ Papers\ Tracking\ System.plist (in target 'Past Papers Tracking System' from project 'Past Papers Tracking System')
    cd /Users/patpateephangern/Documents/Exam\ Timing\ System/Exam\ Timing\ System
    write-file /Users/patpateephangern/Documents/Exam\ Timing\ System/Exam\ Timing\ System/build/Past\ Papers\ Tracking\ System.build/Release/Past\ Papers\ Tracking\ System.build/empty-Past\ Papers\ Tracking\ System.plist

WriteAuxiliaryFile /Users/patpateephangern/Documents/Exam\ Timing\ System/Exam\ Timing\ System/build/Past\ Papers\ Tracking\ System.build/Release/Past\ Papers\ Tracking\ System.build/Past\ Papers\ Tracking\ System-own-target-headers.hmap (in target 'Past Papers Tracking System' from project 'Past Papers Tracking System')
    cd /Users/patpateephangern/Documents/Exam\ Timing\ System/Exam\ Timing\ System
    write-file /Users/patpateephangern/Documents/Exam\ Timing\ System/Exam\ Timing\ System/build/Past\ Papers\ Tracking\ System.build/Release/Past\ Papers\ Tracking\ System.build/Past\ Papers\ Tracking\ System-own-target-headers.hmap

WriteAuxiliaryFile /Users/patpateephangern/Documents/Exam\ Timing\ System/Exam\ Timing\ System/build/Past\ Papers\ Tracking\ System.build/Release/Past\ Papers\ Tracking\ System.build/Past\ Papers\ Tracking\ System-generated-files.hmap (in target 'Past Papers Tracking System' from project 'Past Papers Tracking System')
    cd /Users/patpateephangern/Documents/Exam\ Timing\ System/Exam\ Timing\ System
    write-file /Users/patpateephangern/Documents/Exam\ Timing\ System/Exam\ Timing\ System/build/Past\ Papers\ Tracking\ System.build/Release/Past\ Papers\ Tracking\ System.build/Past\ Papers\ Tracking\ System-generated-files.hmap

WriteAuxiliaryFile /Users/patpateephangern/Documents/Exam\ Timing\ System/Exam\ Timing\ System/build/Past\ Papers\ Tracking\ System.build/Release/Past\ Papers\ Tracking\ System.build/Past\ Papers\ Tracking\ System.hmap (in target 'Past Papers Tracking System' from project 'Past Papers Tracking System')
    cd /Users/patpateephangern/Documents/Exam\ Timing\ System/Exam\ Timing\ System
    write-file /Users/patpateephangern/Documents/Exam\ Timing\ System/Exam\ Timing\ System/build/Past\ Papers\ Tracking\ System.build/Release/Past\ Papers\ Tracking\ System.build/Past\ Papers\ Tracking\ System.hmap

WriteAuxiliaryFile /Users/patpateephangern/Documents/Exam\ Timing\ System/Exam\ Timing\ System/build/Past\ Papers\ Tracking\ System.build/Release/Past\ Papers\ Tracking\ System.build/Past\ Papers\ Tracking\ System.DependencyStaticMetadataFileList (in target 'Past Papers Tracking System' from project 'Past Papers Tracking System')
    cd /Users/patpateephangern/Documents/Exam\ Timing\ System/Exam\ Timing\ System
    write-file /Users/patpateephangern/Documents/Exam\ Timing\ System/Exam\ Timing\ System/build/Past\ Papers\ Tracking\ System.build/Release/Past\ Papers\ Tracking\ System.build/Past\ Papers\ Tracking\ System.DependencyStaticMetadataFileList

WriteAuxiliaryFile /Users/patpateephangern/Documents/Exam\ Timing\ System/Exam\ Timing\ System/build/Past\ Papers\ Tracking\ System.build/Release/Past\ Papers\ Tracking\ System.build/Past\ Papers\ Tracking\ System.DependencyMetadataFileList (in target 'Past Papers Tracking System' from project 'Past Papers Tracking System')
    cd /Users/patpateephangern/Documents/Exam\ Timing\ System/Exam\ Timing\ System
    write-file /Users/patpateephangern/Documents/Exam\ Timing\ System/Exam\ Timing\ System/build/Past\ Papers\ Tracking\ System.build/Release/Past\ Papers\ Tracking\ System.build/Past\ Papers\ Tracking\ System.DependencyMetadataFileList

WriteAuxiliaryFile /Users/patpateephangern/Documents/Exam\ Timing\ System/Exam\ Timing\ System/build/Past\ Papers\ Tracking\ System.build/Release/Past\ Papers\ Tracking\ System.build/Past\ Papers\ Tracking\ System-all-non-framework-target-headers.hmap (in target 'Past Papers Tracking System' from project 'Past Papers Tracking System')
    cd /Users/patpateephangern/Documents/Exam\ Timing\ System/Exam\ Timing\ System
    write-file /Users/patpateephangern/Documents/Exam\ Timing\ System/Exam\ Timing\ System/build/Past\ Papers\ Tracking\ System.build/Release/Past\ Papers\ Tracking\ System.build/Past\ Papers\ Tracking\ System-all-non-framework-target-headers.hmap

WriteAuxiliaryFile /Users/patpateephangern/Documents/Exam\ Timing\ System/Exam\ Timing\ System/build/Past\ Papers\ Tracking\ System.build/Release/Past\ Papers\ Tracking\ System.build/Objects-normal/x86_64/Past\ Papers\ Tracking\ System_const_extract_protocols.json (in target 'Past Papers Tracking System' from project 'Past Papers Tracking System')
    cd /Users/patpateephangern/Documents/Exam\ Timing\ System/Exam\ Timing\ System
    write-file /Users/patpateephangern/Documents/Exam\ Timing\ System/Exam\ Timing\ System/build/Past\ Papers\ Tracking\ System.build/Release/Past\ Papers\ Tracking\ System.build/Objects-normal/x86_64/Past\ Papers\ Tracking\ System_const_extract_protocols.json

WriteAuxiliaryFile /Users/patpateephangern/Documents/Exam\ Timing\ System/Exam\ Timing\ System/build/Past\ Papers\ Tracking\ System.build/Release/Past\ Papers\ Tracking\ System.build/Objects-normal/x86_64/Past\ Papers\ Tracking\ System.SwiftConstValuesFileList (in target 'Past Papers Tracking System' from project 'Past Papers Tracking System')
    cd /Users/patpateephangern/Documents/Exam\ Timing\ System/Exam\ Timing\ System
    write-file /Users/patpateephangern/Documents/Exam\ Timing\ System/Exam\ Timing\ System/build/Past\ Papers\ Tracking\ System.build/Release/Past\ Papers\ Tracking\ System.build/Objects-normal/x86_64/Past\ Papers\ Tracking\ System.SwiftConstValuesFileList

WriteAuxiliaryFile /Users/patpateephangern/Documents/Exam\ Timing\ System/Exam\ Timing\ System/build/Past\ Papers\ Tracking\ System.build/Release/Past\ Papers\ Tracking\ System.build/Objects-normal/x86_64/Past\ Papers\ Tracking\ System.LinkFileList (in target 'Past Papers Tracking System' from project 'Past Papers Tracking System')
    cd /Users/patpateephangern/Documents/Exam\ Timing\ System/Exam\ Timing\ System
    write-file /Users/patpateephangern/Documents/Exam\ Timing\ System/Exam\ Timing\ System/build/Past\ Papers\ Tracking\ System.build/Release/Past\ Papers\ Tracking\ System.build/Objects-normal/x86_64/Past\ Papers\ Tracking\ System.LinkFileList

WriteAuxiliaryFile /Users/patpateephangern/Documents/Exam\ Timing\ System/Exam\ Timing\ System/build/Past\ Papers\ Tracking\ System.build/Release/Past\ Papers\ Tracking\ System.build/Objects-normal/x86_64/Past\ Papers\ Tracking\ System.SwiftFileList (in target 'Past Papers Tracking System' from project 'Past Papers Tracking System')
    cd /Users/patpateephangern/Documents/Exam\ Timing\ System/Exam\ Timing\ System
    write-file /Users/patpateephangern/Documents/Exam\ Timing\ System/Exam\ Timing\ System/build/Past\ Papers\ Tracking\ System.build/Release/Past\ Papers\ Tracking\ System.build/Objects-normal/x86_64/Past\ Papers\ Tracking\ System.SwiftFileList

WriteAuxiliaryFile /Users/patpateephangern/Documents/Exam\ Timing\ System/Exam\ Timing\ System/build/Past\ Papers\ Tracking\ System.build/Release/Past\ Papers\ Tracking\ System.build/Objects-normal/x86_64/Past\ Papers\ Tracking\ System-OutputFileMap.json (in target 'Past Papers Tracking System' from project 'Past Papers Tracking System')
    cd /Users/patpateephangern/Documents/Exam\ Timing\ System/Exam\ Timing\ System
    write-file /Users/patpateephangern/Documents/Exam\ Timing\ System/Exam\ Timing\ System/build/Past\ Papers\ Tracking\ System.build/Release/Past\ Papers\ Tracking\ System.build/Objects-normal/x86_64/Past\ Papers\ Tracking\ System-OutputFileMap.json

WriteAuxiliaryFile /Users/patpateephangern/Documents/Exam\ Timing\ System/Exam\ Timing\ System/build/Past\ Papers\ Tracking\ System.build/Release/Past\ Papers\ Tracking\ System.build/Objects-normal/arm64/Past\ Papers\ Tracking\ System_const_extract_protocols.json (in target 'Past Papers Tracking System' from project 'Past Papers Tracking System')
    cd /Users/patpateephangern/Documents/Exam\ Timing\ System/Exam\ Timing\ System
    write-file /Users/patpateephangern/Documents/Exam\ Timing\ System/Exam\ Timing\ System/build/Past\ Papers\ Tracking\ System.build/Release/Past\ Papers\ Tracking\ System.build/Objects-normal/arm64/Past\ Papers\ Tracking\ System_const_extract_protocols.json

WriteAuxiliaryFile /Users/patpateephangern/Documents/Exam\ Timing\ System/Exam\ Timing\ System/build/Past\ Papers\ Tracking\ System.build/Release/Past\ Papers\ Tracking\ System.build/Objects-normal/arm64/Past\ Papers\ Tracking\ System.SwiftFileList (in target 'Past Papers Tracking System' from project 'Past Papers Tracking System')
    cd /Users/patpateephangern/Documents/Exam\ Timing\ System/Exam\ Timing\ System
    write-file /Users/patpateephangern/Documents/Exam\ Timing\ System/Exam\ Timing\ System/build/Past\ Papers\ Tracking\ System.build/Release/Past\ Papers\ Tracking\ System.build/Objects-normal/arm64/Past\ Papers\ Tracking\ System.SwiftFileList

WriteAuxiliaryFile /Users/patpateephangern/Documents/Exam\ Timing\ System/Exam\ Timing\ System/build/Past\ Papers\ Tracking\ System.build/Release/Past\ Papers\ Tracking\ System.build/Objects-normal/arm64/Past\ Papers\ Tracking\ System.SwiftConstValuesFileList (in target 'Past Papers Tracking System' from project 'Past Papers Tracking System')
    cd /Users/patpateephangern/Documents/Exam\ Timing\ System/Exam\ Timing\ System
    write-file /Users/patpateephangern/Documents/Exam\ Timing\ System/Exam\ Timing\ System/build/Past\ Papers\ Tracking\ System.build/Release/Past\ Papers\ Tracking\ System.build/Objects-normal/arm64/Past\ Papers\ Tracking\ System.SwiftConstValuesFileList

WriteAuxiliaryFile /Users/patpateephangern/Documents/Exam\ Timing\ System/Exam\ Timing\ System/build/Past\ Papers\ Tracking\ System.build/Release/Past\ Papers\ Tracking\ System.build/Objects-normal/arm64/Past\ Papers\ Tracking\ System.LinkFileList (in target 'Past Papers Tracking System' from project 'Past Papers Tracking System')
    cd /Users/patpateephangern/Documents/Exam\ Timing\ System/Exam\ Timing\ System
    write-file /Users/patpateephangern/Documents/Exam\ Timing\ System/Exam\ Timing\ System/build/Past\ Papers\ Tracking\ System.build/Release/Past\ Papers\ Tracking\ System.build/Objects-normal/arm64/Past\ Papers\ Tracking\ System.LinkFileList

WriteAuxiliaryFile /Users/patpateephangern/Documents/Exam\ Timing\ System/Exam\ Timing\ System/build/Past\ Papers\ Tracking\ System.build/Release/Past\ Papers\ Tracking\ System.build/Objects-normal/arm64/Past\ Papers\ Tracking\ System-OutputFileMap.json (in target 'Past Papers Tracking System' from project 'Past Papers Tracking System')
    cd /Users/patpateephangern/Documents/Exam\ Timing\ System/Exam\ Timing\ System
    write-file /Users/patpateephangern/Documents/Exam\ Timing\ System/Exam\ Timing\ System/build/Past\ Papers\ Tracking\ System.build/Release/Past\ Papers\ Tracking\ System.build/Objects-normal/arm64/Past\ Papers\ Tracking\ System-OutputFileMap.json

WriteAuxiliaryFile /Users/patpateephangern/Documents/Exam\ Timing\ System/Exam\ Timing\ System/build/Past\ Papers\ Tracking\ System.build/Release/Past\ Papers\ Tracking\ System.build/DerivedSources/Entitlements.plist (in target 'Past Papers Tracking System' from project 'Past Papers Tracking System')
    cd /Users/patpateephangern/Documents/Exam\ Timing\ System/Exam\ Timing\ System
    write-file /Users/patpateephangern/Documents/Exam\ Timing\ System/Exam\ Timing\ System/build/Past\ Papers\ Tracking\ System.build/Release/Past\ Papers\ Tracking\ System.build/DerivedSources/Entitlements.plist

MkDir /Users/patpateephangern/Documents/Exam\ Timing\ System/Exam\ Timing\ System/build/Release/Past\ Papers\ Tracking\ System.app/Contents/Resources (in target 'Past Papers Tracking System' from project 'Past Papers Tracking System')
    cd /Users/patpateephangern/Documents/Exam\ Timing\ System/Exam\ Timing\ System
    /bin/mkdir -p /Users/patpateephangern/Documents/Exam\ Timing\ System/Exam\ Timing\ System/build/Release/Past\ Papers\ Tracking\ System.app/Contents/Resources

MkDir /Users/patpateephangern/Documents/Exam\ Timing\ System/Exam\ Timing\ System/build/Release/Past\ Papers\ Tracking\ System.app/Contents/MacOS (in target 'Past Papers Tracking System' from project 'Past Papers Tracking System')
    cd /Users/patpateephangern/Documents/Exam\ Timing\ System/Exam\ Timing\ System
    /bin/mkdir -p /Users/patpateephangern/Documents/Exam\ Timing\ System/Exam\ Timing\ System/build/Release/Past\ Papers\ Tracking\ System.app/Contents/MacOS

MkDir /Users/patpateephangern/Documents/Exam\ Timing\ System/Exam\ Timing\ System/build/Release/Past\ Papers\ Tracking\ System.app/Contents (in target 'Past Papers Tracking System' from project 'Past Papers Tracking System')
    cd /Users/patpateephangern/Documents/Exam\ Timing\ System/Exam\ Timing\ System
    /bin/mkdir -p /Users/patpateephangern/Documents/Exam\ Timing\ System/Exam\ Timing\ System/build/Release/Past\ Papers\ Tracking\ System.app/Contents

MkDir /Users/patpateephangern/Documents/Exam\ Timing\ System/Exam\ Timing\ System/build/Release/Past\ Papers\ Tracking\ System.app (in target 'Past Papers Tracking System' from project 'Past Papers Tracking System')
    cd /Users/patpateephangern/Documents/Exam\ Timing\ System/Exam\ Timing\ System
    /bin/mkdir -p /Users/patpateephangern/Documents/Exam\ Timing\ System/Exam\ Timing\ System/build/Release/Past\ Papers\ Tracking\ System.app

ProcessProductPackaging "" /Users/patpateephangern/Documents/Exam\ Timing\ System/Exam\ Timing\ System/build/Past\ Papers\ Tracking\ System.build/Release/Past\ Papers\ Tracking\ System.build/Past\ Papers\ Tracking\ System.app.xcent (in target 'Past Papers Tracking System' from project 'Past Papers Tracking System')
    cd /Users/patpateephangern/Documents/Exam\ Timing\ System/Exam\ Timing\ System
    
    Entitlements:
    
    {
    "com.apple.security.app-sandbox" = 1;
    "com.apple.security.assets.movies.read-write" = 1;
    "com.apple.security.assets.music.read-write" = 1;
    "com.apple.security.assets.pictures.read-write" = 1;
    "com.apple.security.device.audio-input" = 1;
    "com.apple.security.device.bluetooth" = 1;
    "com.apple.security.device.camera" = 1;
    "com.apple.security.device.usb" = 1;
    "com.apple.security.files.downloads.read-write" = 1;
    "com.apple.security.files.user-selected.read-write" = 1;
    "com.apple.security.get-task-allow" = 1;
    "com.apple.security.network.client" = 1;
    "com.apple.security.network.server" = 1;
    "com.apple.security.personal-information.addressbook" = 1;
    "com.apple.security.personal-information.calendars" = 1;
    "com.apple.security.personal-information.location" = 1;
    "com.apple.security.print" = 1;
}
    
    builtin-productPackagingUtility -entitlements -format xml -o /Users/patpateephangern/Documents/Exam\ Timing\ System/Exam\ Timing\ System/build/Past\ Papers\ Tracking\ System.build/Release/Past\ Papers\ Tracking\ System.build/Past\ Papers\ Tracking\ System.app.xcent

ProcessProductPackagingDER /Users/patpateephangern/Documents/Exam\ Timing\ System/Exam\ Timing\ System/build/Past\ Papers\ Tracking\ System.build/Release/Past\ Papers\ Tracking\ System.build/Past\ Papers\ Tracking\ System.app.xcent /Users/patpateephangern/Documents/Exam\ Timing\ System/Exam\ Timing\ System/build/Past\ Papers\ Tracking\ System.build/Release/Past\ Papers\ Tracking\ System.build/Past\ Papers\ Tracking\ System.app.xcent.der (in target 'Past Papers Tracking System' from project 'Past Papers Tracking System')
    cd /Users/patpateephangern/Documents/Exam\ Timing\ System/Exam\ Timing\ System
    /usr/bin/derq query -f xml -i /Users/patpateephangern/Documents/Exam\ Timing\ System/Exam\ Timing\ System/build/Past\ Papers\ Tracking\ System.build/Release/Past\ Papers\ Tracking\ System.build/Past\ Papers\ Tracking\ System.app.xcent -o /Users/patpateephangern/Documents/Exam\ Timing\ System/Exam\ Timing\ System/build/Past\ Papers\ Tracking\ System.build/Release/Past\ Papers\ Tracking\ System.build/Past\ Papers\ Tracking\ System.app.xcent.der --raw

MkDir /Users/patpateephangern/Documents/Exam\ Timing\ System/Exam\ Timing\ System/build/Past\ Papers\ Tracking\ System.build/Release/Past\ Papers\ Tracking\ System.build/assetcatalog_output/thinned (in target 'Past Papers Tracking System' from project 'Past Papers Tracking System')
    cd /Users/patpateephangern/Documents/Exam\ Timing\ System/Exam\ Timing\ System
    /bin/mkdir -p /Users/patpateephangern/Documents/Exam\ Timing\ System/Exam\ Timing\ System/build/Past\ Papers\ Tracking\ System.build/Release/Past\ Papers\ Tracking\ System.build/assetcatalog_output/thinned

MkDir /Users/patpateephangern/Documents/Exam\ Timing\ System/Exam\ Timing\ System/build/Past\ Papers\ Tracking\ System.build/Release/Past\ Papers\ Tracking\ System.build/assetcatalog_output/unthinned (in target 'Past Papers Tracking System' from project 'Past Papers Tracking System')
    cd /Users/patpateephangern/Documents/Exam\ Timing\ System/Exam\ Timing\ System
    /bin/mkdir -p /Users/patpateephangern/Documents/Exam\ Timing\ System/Exam\ Timing\ System/build/Past\ Papers\ Tracking\ System.build/Release/Past\ Papers\ Tracking\ System.build/assetcatalog_output/unthinned

DataModelCompile /Users/patpateephangern/Documents/Exam\ Timing\ System/Exam\ Timing\ System/build/Release/Past\ Papers\ Tracking\ System.app/Contents/Resources/ /Users/patpateephangern/Documents/Exam\ Timing\ System/Exam\ Timing\ System/Past\ Papers\ Tracking\ System/PaperTracker/Data/PaperTracker.xcdatamodeld (in target 'Past Papers Tracking System' from project 'Past Papers Tracking System')
    cd /Users/patpateephangern/Documents/Exam\ Timing\ System/Exam\ Timing\ System
    /Applications/Xcode.app/Contents/Developer/usr/bin/momc --sdkroot /Applications/Xcode.app/Contents/Developer/Platforms/MacOSX.platform/Developer/SDKs/MacOSX26.4.sdk --macosx-deployment-target 26.3 --module Past_Papers_Tracking_System /Users/patpateephangern/Documents/Exam\ Timing\ System/Exam\ Timing\ System/Past\ Papers\ Tracking\ System/PaperTracker/Data/PaperTracker.xcdatamodeld /Users/patpateephangern/Documents/Exam\ Timing\ System/Exam\ Timing\ System/build/Release/Past\ Papers\ Tracking\ System.app/Contents/Resources/
PaperTracker 2.xcdatamodel: note: Model PaperTracker 2 version checksum: MJA79nb/dMtqaRFsh8d0B+rQikd6/+UrAqmprE1zKSI=
PaperTracker.xcdatamodel: note: Model PaperTracker version checksum: b8gBM6vJ9Jvu1Om9nKY37AfmyEp5ObI3qOG6zyB3mGs=

GenerateAssetSymbols /Users/patpateephangern/Documents/Exam\ Timing\ System/Exam\ Timing\ System/Past\ Papers\ Tracking\ System/Assets.xcassets /Users/patpateephangern/Documents/Exam\ Timing\ System/Exam\ Timing\ System/Past\ Papers\ Tracking\ System/RMS.icon (in target 'Past Papers Tracking System' from project 'Past Papers Tracking System')
    cd /Users/patpateephangern/Documents/Exam\ Timing\ System/Exam\ Timing\ System
    /Applications/Xcode.app/Contents/Developer/usr/bin/actool /Users/patpateephangern/Documents/Exam\ Timing\ System/Exam\ Timing\ System/Past\ Papers\ Tracking\ System/Assets.xcassets /Users/patpateephangern/Documents/Exam\ Timing\ System/Exam\ Timing\ System/Past\ Papers\ Tracking\ System/RMS.icon --compile /Users/patpateephangern/Documents/Exam\ Timing\ System/Exam\ Timing\ System/build/Release/Past\ Papers\ Tracking\ System.app/Contents/Resources --output-format human-readable-text --notices --warnings --export-dependency-info /Users/patpateephangern/Documents/Exam\ Timing\ System/Exam\ Timing\ System/build/Past\ Papers\ Tracking\ System.build/Release/Past\ Papers\ Tracking\ System.build/assetcatalog_dependencies --output-partial-info-plist /Users/patpateephangern/Documents/Exam\ Timing\ System/Exam\ Timing\ System/build/Past\ Papers\ Tracking\ System.build/Release/Past\ Papers\ Tracking\ System.build/assetcatalog_generated_info.plist --app-icon RMS --include-all-app-icons --accent-color AccentColor --enable-on-demand-resources NO --development-region en --target-device mac --minimum-deployment-target 26.3 --platform macosx --bundle-identifier Development.Exam-Timing-System --generate-swift-asset-symbols /Users/patpateephangern/Documents/Exam\ Timing\ System/Exam\ Timing\ System/build/Past\ Papers\ Tracking\ System.build/Release/Past\ Papers\ Tracking\ System.build/DerivedSources/GeneratedAssetSymbols.swift --generate-objc-asset-symbols /Users/patpateephangern/Documents/Exam\ Timing\ System/Exam\ Timing\ System/build/Past\ Papers\ Tracking\ System.build/Release/Past\ Papers\ Tracking\ System.build/DerivedSources/GeneratedAssetSymbols.h --generate-asset-symbol-index /Users/patpateephangern/Documents/Exam\ Timing\ System/Exam\ Timing\ System/build/Past\ Papers\ Tracking\ System.build/Release/Past\ Papers\ Tracking\ System.build/DerivedSources/GeneratedAssetSymbols-Index.plist
/* com.apple.actool.compilation-results */
/Users/patpateephangern/Documents/Exam Timing System/Exam Timing System/build/Past Papers Tracking System.build/Release/Past Papers Tracking System.build/DerivedSources/GeneratedAssetSymbols-Index.plist
/Users/patpateephangern/Documents/Exam Timing System/Exam Timing System/build/Past Papers Tracking System.build/Release/Past Papers Tracking System.build/DerivedSources/GeneratedAssetSymbols.h
/Users/patpateephangern/Documents/Exam Timing System/Exam Timing System/build/Past Papers Tracking System.build/Release/Past Papers Tracking System.build/DerivedSources/GeneratedAssetSymbols.swift


CpResource /Users/patpateephangern/Documents/Exam\ Timing\ System/Exam\ Timing\ System/build/Release/Past\ Papers\ Tracking\ System.app/Contents/Resources/win_print_server.py /Users/patpateephangern/Documents/Exam\ Timing\ System/Exam\ Timing\ System/Past\ Papers\ Tracking\ System/win_print_server.py (in target 'Past Papers Tracking System' from project 'Past Papers Tracking System')
    cd /Users/patpateephangern/Documents/Exam\ Timing\ System/Exam\ Timing\ System
    builtin-copy -exclude .DS_Store -exclude CVS -exclude .svn -exclude .git -exclude .hg -resolve-src-symlinks /Users/patpateephangern/Documents/Exam\ Timing\ System/Exam\ Timing\ System/Past\ Papers\ Tracking\ System/win_print_server.py /Users/patpateephangern/Documents/Exam\ Timing\ System/Exam\ Timing\ System/build/Release/Past\ Papers\ Tracking\ System.app/Contents/Resources

CpResource /Users/patpateephangern/Documents/Exam\ Timing\ System/Exam\ Timing\ System/build/Release/Past\ Papers\ Tracking\ System.app/Contents/Resources/build_output.log /Users/patpateephangern/Documents/Exam\ Timing\ System/Exam\ Timing\ System/Past\ Papers\ Tracking\ System/build_output.log (in target 'Past Papers Tracking System' from project 'Past Papers Tracking System')
    cd /Users/patpateephangern/Documents/Exam\ Timing\ System/Exam\ Timing\ System
    builtin-copy -exclude .DS_Store -exclude CVS -exclude .svn -exclude .git -exclude .hg -resolve-src-symlinks /Users/patpateephangern/Documents/Exam\ Timing\ System/Exam\ Timing\ System/Past\ Papers\ Tracking\ System/build_output.log /Users/patpateephangern/Documents/Exam\ Timing\ System/Exam\ Timing\ System/build/Release/Past\ Papers\ Tracking\ System.app/Contents/Resources

CpResource /Users/patpateephangern/Documents/Exam\ Timing\ System/Exam\ Timing\ System/build/Release/Past\ Papers\ Tracking\ System.app/Contents/Resources/USER_GUIDE.md /Users/patpateephangern/Documents/Exam\ Timing\ System/Exam\ Timing\ System/Past\ Papers\ Tracking\ System/USER_GUIDE.md (in target 'Past Papers Tracking System' from project 'Past Papers Tracking System')
    cd /Users/patpateephangern/Documents/Exam\ Timing\ System/Exam\ Timing\ System
    builtin-copy -exclude .DS_Store -exclude CVS -exclude .svn -exclude .git -exclude .hg -resolve-src-symlinks /Users/patpateephangern/Documents/Exam\ Timing\ System/Exam\ Timing\ System/Past\ Papers\ Tracking\ System/USER_GUIDE.md /Users/patpateephangern/Documents/Exam\ Timing\ System/Exam\ Timing\ System/build/Release/Past\ Papers\ Tracking\ System.app/Contents/Resources

CpResource /Users/patpateephangern/Documents/Exam\ Timing\ System/Exam\ Timing\ System/build/Release/Past\ Papers\ Tracking\ System.app/Contents/Resources/UI_REDESIGN_SUMMARY.md /Users/patpateephangern/Documents/Exam\ Timing\ System/Exam\ Timing\ System/Past\ Papers\ Tracking\ System/UI_REDESIGN_SUMMARY.md (in target 'Past Papers Tracking System' from project 'Past Papers Tracking System')
    cd /Users/patpateephangern/Documents/Exam\ Timing\ System/Exam\ Timing\ System
    builtin-copy -exclude .DS_Store -exclude CVS -exclude .svn -exclude .git -exclude .hg -resolve-src-symlinks /Users/patpateephangern/Documents/Exam\ Timing\ System/Exam\ Timing\ System/Past\ Papers\ Tracking\ System/UI_REDESIGN_SUMMARY.md /Users/patpateephangern/Documents/Exam\ Timing\ System/Exam\ Timing\ System/build/Release/Past\ Papers\ Tracking\ System.app/Contents/Resources

CpResource /Users/patpateephangern/Documents/Exam\ Timing\ System/Exam\ Timing\ System/build/Release/Past\ Papers\ Tracking\ System.app/Contents/Resources/UI_IMPROVEMENTS_SUMMARY.md /Users/patpateephangern/Documents/Exam\ Timing\ System/Exam\ Timing\ System/Past\ Papers\ Tracking\ System/UI_IMPROVEMENTS_SUMMARY.md (in target 'Past Papers Tracking System' from project 'Past Papers Tracking System')
    cd /Users/patpateephangern/Documents/Exam\ Timing\ System/Exam\ Timing\ System
    builtin-copy -exclude .DS_Store -exclude CVS -exclude .svn -exclude .git -exclude .hg -resolve-src-symlinks /Users/patpateephangern/Documents/Exam\ Timing\ System/Exam\ Timing\ System/Past\ Papers\ Tracking\ System/UI_IMPROVEMENTS_SUMMARY.md /Users/patpateephangern/Documents/Exam\ Timing\ System/Exam\ Timing\ System/build/Release/Past\ Papers\ Tracking\ System.app/Contents/Resources

CpResource /Users/patpateephangern/Documents/Exam\ Timing\ System/Exam\ Timing\ System/build/Release/Past\ Papers\ Tracking\ System.app/Contents/Resources/README.md /Users/patpateephangern/Documents/Exam\ Timing\ System/Exam\ Timing\ System/Past\ Papers\ Tracking\ System/README.md (in target 'Past Papers Tracking System' from project 'Past Papers Tracking System')
    cd /Users/patpateephangern/Documents/Exam\ Timing\ System/Exam\ Timing\ System
    builtin-copy -exclude .DS_Store -exclude CVS -exclude .svn -exclude .git -exclude .hg -resolve-src-symlinks /Users/patpateephangern/Documents/Exam\ Timing\ System/Exam\ Timing\ System/Past\ Papers\ Tracking\ System/README.md /Users/patpateephangern/Documents/Exam\ Timing\ System/Exam\ Timing\ System/build/Release/Past\ Papers\ Tracking\ System.app/Contents/Resources

CpResource /Users/patpateephangern/Documents/Exam\ Timing\ System/Exam\ Timing\ System/build/Release/Past\ Papers\ Tracking\ System.app/Contents/Resources/IMPLEMENTATION_SUMMARY.md /Users/patpateephangern/Documents/Exam\ Timing\ System/Exam\ Timing\ System/Past\ Papers\ Tracking\ System/IMPLEMENTATION_SUMMARY.md (in target 'Past Papers Tracking System' from project 'Past Papers Tracking System')
    cd /Users/patpateephangern/Documents/Exam\ Timing\ System/Exam\ Timing\ System
    builtin-copy -exclude .DS_Store -exclude CVS -exclude .svn -exclude .git -exclude .hg -resolve-src-symlinks /Users/patpateephangern/Documents/Exam\ Timing\ System/Exam\ Timing\ System/Past\ Papers\ Tracking\ System/IMPLEMENTATION_SUMMARY.md /Users/patpateephangern/Documents/Exam\ Timing\ System/Exam\ Timing\ System/build/Release/Past\ Papers\ Tracking\ System.app/Contents/Resources

CpResource /Users/patpateephangern/Documents/Exam\ Timing\ System/Exam\ Timing\ System/build/Release/Past\ Papers\ Tracking\ System.app/Contents/Resources/IMPLEMENTATION_NOTES.md /Users/patpateephangern/Documents/Exam\ Timing\ System/Exam\ Timing\ System/Past\ Papers\ Tracking\ System/IMPLEMENTATION_NOTES.md (in target 'Past Papers Tracking System' from project 'Past Papers Tracking System')
    cd /Users/patpateephangern/Documents/Exam\ Timing\ System/Exam\ Timing\ System
    builtin-copy -exclude .DS_Store -exclude CVS -exclude .svn -exclude .git -exclude .hg -resolve-src-symlinks /Users/patpateephangern/Documents/Exam\ Timing\ System/Exam\ Timing\ System/Past\ Papers\ Tracking\ System/IMPLEMENTATION_NOTES.md /Users/patpateephangern/Documents/Exam\ Timing\ System/Exam\ Timing\ System/build/Release/Past\ Papers\ Tracking\ System.app/Contents/Resources

CpResource /Users/patpateephangern/Documents/Exam\ Timing\ System/Exam\ Timing\ System/build/Release/Past\ Papers\ Tracking\ System.app/Contents/Resources/BUG_FIXES_SUMMARY.md /Users/patpateephangern/Documents/Exam\ Timing\ System/Exam\ Timing\ System/Past\ Papers\ Tracking\ System/BUG_FIXES_SUMMARY.md (in target 'Past Papers Tracking System' from project 'Past Papers Tracking System')
    cd /Users/patpateephangern/Documents/Exam\ Timing\ System/Exam\ Timing\ System
    builtin-copy -exclude .DS_Store -exclude CVS -exclude .svn -exclude .git -exclude .hg -resolve-src-symlinks /Users/patpateephangern/Documents/Exam\ Timing\ System/Exam\ Timing\ System/Past\ Papers\ Tracking\ System/BUG_FIXES_SUMMARY.md /Users/patpateephangern/Documents/Exam\ Timing\ System/Exam\ Timing\ System/build/Release/Past\ Papers\ Tracking\ System.app/Contents/Resources

CompileAssetCatalogVariant thinned /Users/patpateephangern/Documents/Exam\ Timing\ System/Exam\ Timing\ System/build/Release/Past\ Papers\ Tracking\ System.app/Contents/Resources /Users/patpateephangern/Documents/Exam\ Timing\ System/Exam\ Timing\ System/Past\ Papers\ Tracking\ System/Assets.xcassets /Users/patpateephangern/Documents/Exam\ Timing\ System/Exam\ Timing\ System/Past\ Papers\ Tracking\ System/RMS.icon (in target 'Past Papers Tracking System' from project 'Past Papers Tracking System')
    cd /Users/patpateephangern/Documents/Exam\ Timing\ System/Exam\ Timing\ System
    /Applications/Xcode.app/Contents/Developer/usr/bin/actool /Users/patpateephangern/Documents/Exam\ Timing\ System/Exam\ Timing\ System/Past\ Papers\ Tracking\ System/Assets.xcassets /Users/patpateephangern/Documents/Exam\ Timing\ System/Exam\ Timing\ System/Past\ Papers\ Tracking\ System/RMS.icon --compile /Users/patpateephangern/Documents/Exam\ Timing\ System/Exam\ Timing\ System/build/Past\ Papers\ Tracking\ System.build/Release/Past\ Papers\ Tracking\ System.build/assetcatalog_output/thinned --output-format human-readable-text --notices --warnings --export-dependency-info /Users/patpateephangern/Documents/Exam\ Timing\ System/Exam\ Timing\ System/build/Past\ Papers\ Tracking\ System.build/Release/Past\ Papers\ Tracking\ System.build/assetcatalog_dependencies_thinned --output-partial-info-plist /Users/patpateephangern/Documents/Exam\ Timing\ System/Exam\ Timing\ System/build/Past\ Papers\ Tracking\ System.build/Release/Past\ Papers\ Tracking\ System.build/assetcatalog_generated_info.plist_thinned --app-icon RMS --include-all-app-icons --accent-color AccentColor --enable-on-demand-resources NO --development-region en --target-device mac --minimum-deployment-target 26.3 --platform macosx
/* com.apple.actool.compilation-results */
/Users/patpateephangern/Documents/Exam Timing System/Exam Timing System/build/Past Papers Tracking System.build/Release/Past Papers Tracking System.build/assetcatalog_generated_info.plist_thinned
/Users/patpateephangern/Documents/Exam Timing System/Exam Timing System/build/Past Papers Tracking System.build/Release/Past Papers Tracking System.build/assetcatalog_output/thinned/Assets.car
/Users/patpateephangern/Documents/Exam Timing System/Exam Timing System/build/Past Papers Tracking System.build/Release/Past Papers Tracking System.build/assetcatalog_output/thinned/RMS.icns


SwiftDriver Past\ Papers\ Tracking\ System normal x86_64 com.apple.xcode.tools.swift.compiler (in target 'Past Papers Tracking System' from project 'Past Papers Tracking System')
    cd /Users/patpateephangern/Documents/Exam\ Timing\ System/Exam\ Timing\ System
    builtin-SwiftDriver -- /Applications/Xcode.app/Contents/Developer/Toolchains/XcodeDefault.xctoolchain/usr/bin/swiftc -module-name Past_Papers_Tracking_System -O -whole-module-optimization @/Users/patpateephangern/Documents/Exam\ Timing\ System/Exam\ Timing\ System/build/Past\ Papers\ Tracking\ System.build/Release/Past\ Papers\ Tracking\ System.build/Objects-normal/x86_64/Past\ Papers\ Tracking\ System.SwiftFileList -default-isolation\=MainActor -enable-bare-slash-regex -enable-upcoming-feature DisableOutwardActorInference -enable-upcoming-feature InferSendableFromCaptures -enable-upcoming-feature GlobalActorIsolatedTypesUsability -enable-upcoming-feature MemberImportVisibility -enable-upcoming-feature InferIsolatedConformances -enable-upcoming-feature NonisolatedNonsendingByDefault -enable-experimental-feature DebugDescriptionMacro -sdk /Applications/Xcode.app/Contents/Developer/Platforms/MacOSX.platform/Developer/SDKs/MacOSX26.4.sdk -target x86_64-apple-macos26.3 -g -Xfrontend -serialize-debugging-options -swift-version 5 -I /Users/patpateephangern/Documents/Exam\ Timing\ System/Exam\ Timing\ System/build/Release -F /Users/patpateephangern/Documents/Exam\ Timing\ System/Exam\ Timing\ System/build/Release -emit-localized-strings -emit-localized-strings-path /Users/patpateephangern/Documents/Exam\ Timing\ System/Exam\ Timing\ System/build/Past\ Papers\ Tracking\ System.build/Release/Past\ Papers\ Tracking\ System.build/Objects-normal/x86_64 -c -num-threads 8 -Xcc -ivfsstatcache -Xcc /var/folders/zj/n36kmzzd6kv7023gxx2v65ww0000gn/C/com.apple.DeveloperTools/26.4-17E192/Xcode/SDKStatCaches.noindex/macosx26.4-25E236-30f9ca8789b706f8bd3fc906a70d770f.sdkstatcache -output-file-map /Users/patpateephangern/Documents/Exam\ Timing\ System/Exam\ Timing\ System/build/Past\ Papers\ Tracking\ System.build/Release/Past\ Papers\ Tracking\ System.build/Objects-normal/x86_64/Past\ Papers\ Tracking\ System-OutputFileMap.json -use-frontend-parseable-output -save-temps -no-color-diagnostics -explicit-module-build -module-cache-path /Users/patpateephangern/Documents/Exam\ Timing\ System/Exam\ Timing\ System/build/SwiftExplicitPrecompiledModules -serialize-diagnostics -emit-dependencies -emit-module -emit-module-path /Users/patpateephangern/Documents/Exam\ Timing\ System/Exam\ Timing\ System/build/Past\ Papers\ Tracking\ System.build/Release/Past\ Papers\ Tracking\ System.build/Objects-normal/x86_64/Past_Papers_Tracking_System.swiftmodule -validate-clang-modules-once -clang-build-session-file /var/folders/zj/n36kmzzd6kv7023gxx2v65ww0000gn/C/org.llvm.clang/ModuleCache.noindex/Session.modulevalidation -Xcc -I/Users/patpateephangern/Documents/Exam\ Timing\ System/Exam\ Timing\ System/build/Past\ Papers\ Tracking\ System.build/Release/Past\ Papers\ Tracking\ System.build/swift-overrides.hmap -emit-const-values -Xfrontend -const-gather-protocols-file -Xfrontend /Users/patpateephangern/Documents/Exam\ Timing\ System/Exam\ Timing\ System/build/Past\ Papers\ Tracking\ System.build/Release/Past\ Papers\ Tracking\ System.build/Objects-normal/x86_64/Past\ Papers\ Tracking\ System_const_extract_protocols.json -Xcc -iquote -Xcc /Users/patpateephangern/Documents/Exam\ Timing\ System/Exam\ Timing\ System/build/Past\ Papers\ Tracking\ System.build/Release/Past\ Papers\ Tracking\ System.build/Past\ Papers\ Tracking\ System-generated-files.hmap -Xcc -I/Users/patpateephangern/Documents/Exam\ Timing\ System/Exam\ Timing\ System/build/Past\ Papers\ Tracking\ System.build/Release/Past\ Papers\ Tracking\ System.build/Past\ Papers\ Tracking\ System-own-target-headers.hmap -Xcc -I/Users/patpateephangern/Documents/Exam\ Timing\ System/Exam\ Timing\ System/build/Past\ Papers\ Tracking\ System.build/Release/Past\ Papers\ Tracking\ System.build/Past\ Papers\ Tracking\ System-all-target-headers.hmap -Xcc -iquote -Xcc /Users/patpateephangern/Documents/Exam\ Timing\ System/Exam\ Timing\ System/build/Past\ Papers\ Tracking\ System.build/Release/Past\ Papers\ Tracking\ System.build/Past\ Papers\ Tracking\ System-project-headers.hmap -Xcc -I/Users/patpateephangern/Documents/Exam\ Timing\ System/Exam\ Timing\ System/build/Release/include -Xcc -I/Users/patpateephangern/Documents/Exam\ Timing\ System/Exam\ Timing\ System/build/Past\ Papers\ Tracking\ System.build/Release/Past\ Papers\ Tracking\ System.build/DerivedSources-normal/x86_64 -Xcc -I/Users/patpateephangern/Documents/Exam\ Timing\ System/Exam\ Timing\ System/build/Past\ Papers\ Tracking\ System.build/Release/Past\ Papers\ Tracking\ System.build/DerivedSources/x86_64 -Xcc -I/Users/patpateephangern/Documents/Exam\ Timing\ System/Exam\ Timing\ System/build/Past\ Papers\ Tracking\ System.build/Release/Past\ Papers\ Tracking\ System.build/DerivedSources -emit-objc-header -emit-objc-header-path /Users/patpateephangern/Documents/Exam\ Timing\ System/Exam\ Timing\ System/build/Past\ Papers\ Tracking\ System.build/Release/Past\ Papers\ Tracking\ System.build/Objects-normal/x86_64/Past_Papers_Tracking_System-Swift.h -working-directory /Users/patpateephangern/Documents/Exam\ Timing\ System/Exam\ Timing\ System -no-emit-module-separately-wmo

SwiftDriver Past\ Papers\ Tracking\ System normal arm64 com.apple.xcode.tools.swift.compiler (in target 'Past Papers Tracking System' from project 'Past Papers Tracking System')
    cd /Users/patpateephangern/Documents/Exam\ Timing\ System/Exam\ Timing\ System
    builtin-SwiftDriver -- /Applications/Xcode.app/Contents/Developer/Toolchains/XcodeDefault.xctoolchain/usr/bin/swiftc -module-name Past_Papers_Tracking_System -O -whole-module-optimization @/Users/patpateephangern/Documents/Exam\ Timing\ System/Exam\ Timing\ System/build/Past\ Papers\ Tracking\ System.build/Release/Past\ Papers\ Tracking\ System.build/Objects-normal/arm64/Past\ Papers\ Tracking\ System.SwiftFileList -default-isolation\=MainActor -enable-bare-slash-regex -enable-upcoming-feature DisableOutwardActorInference -enable-upcoming-feature InferSendableFromCaptures -enable-upcoming-feature GlobalActorIsolatedTypesUsability -enable-upcoming-feature MemberImportVisibility -enable-upcoming-feature InferIsolatedConformances -enable-upcoming-feature NonisolatedNonsendingByDefault -enable-experimental-feature DebugDescriptionMacro -sdk /Applications/Xcode.app/Contents/Developer/Platforms/MacOSX.platform/Developer/SDKs/MacOSX26.4.sdk -target arm64-apple-macos26.3 -g -Xfrontend -serialize-debugging-options -swift-version 5 -I /Users/patpateephangern/Documents/Exam\ Timing\ System/Exam\ Timing\ System/build/Release -F /Users/patpateephangern/Documents/Exam\ Timing\ System/Exam\ Timing\ System/build/Release -emit-localized-strings -emit-localized-strings-path /Users/patpateephangern/Documents/Exam\ Timing\ System/Exam\ Timing\ System/build/Past\ Papers\ Tracking\ System.build/Release/Past\ Papers\ Tracking\ System.build/Objects-normal/arm64 -c -num-threads 8 -Xcc -ivfsstatcache -Xcc /var/folders/zj/n36kmzzd6kv7023gxx2v65ww0000gn/C/com.apple.DeveloperTools/26.4-17E192/Xcode/SDKStatCaches.noindex/macosx26.4-25E236-30f9ca8789b706f8bd3fc906a70d770f.sdkstatcache -output-file-map /Users/patpateephangern/Documents/Exam\ Timing\ System/Exam\ Timing\ System/build/Past\ Papers\ Tracking\ System.build/Release/Past\ Papers\ Tracking\ System.build/Objects-normal/arm64/Past\ Papers\ Tracking\ System-OutputFileMap.json -use-frontend-parseable-output -save-temps -no-color-diagnostics -explicit-module-build -module-cache-path /Users/patpateephangern/Documents/Exam\ Timing\ System/Exam\ Timing\ System/build/SwiftExplicitPrecompiledModules -serialize-diagnostics -emit-dependencies -emit-module -emit-module-path /Users/patpateephangern/Documents/Exam\ Timing\ System/Exam\ Timing\ System/build/Past\ Papers\ Tracking\ System.build/Release/Past\ Papers\ Tracking\ System.build/Objects-normal/arm64/Past_Papers_Tracking_System.swiftmodule -validate-clang-modules-once -clang-build-session-file /var/folders/zj/n36kmzzd6kv7023gxx2v65ww0000gn/C/org.llvm.clang/ModuleCache.noindex/Session.modulevalidation -Xcc -I/Users/patpateephangern/Documents/Exam\ Timing\ System/Exam\ Timing\ System/build/Past\ Papers\ Tracking\ System.build/Release/Past\ Papers\ Tracking\ System.build/swift-overrides.hmap -emit-const-values -Xfrontend -const-gather-protocols-file -Xfrontend /Users/patpateephangern/Documents/Exam\ Timing\ System/Exam\ Timing\ System/build/Past\ Papers\ Tracking\ System.build/Release/Past\ Papers\ Tracking\ System.build/Objects-normal/arm64/Past\ Papers\ Tracking\ System_const_extract_protocols.json -Xcc -iquote -Xcc /Users/patpateephangern/Documents/Exam\ Timing\ System/Exam\ Timing\ System/build/Past\ Papers\ Tracking\ System.build/Release/Past\ Papers\ Tracking\ System.build/Past\ Papers\ Tracking\ System-generated-files.hmap -Xcc -I/Users/patpateephangern/Documents/Exam\ Timing\ System/Exam\ Timing\ System/build/Past\ Papers\ Tracking\ System.build/Release/Past\ Papers\ Tracking\ System.build/Past\ Papers\ Tracking\ System-own-target-headers.hmap -Xcc -I/Users/patpateephangern/Documents/Exam\ Timing\ System/Exam\ Timing\ System/build/Past\ Papers\ Tracking\ System.build/Release/Past\ Papers\ Tracking\ System.build/Past\ Papers\ Tracking\ System-all-target-headers.hmap -Xcc -iquote -Xcc /Users/patpateephangern/Documents/Exam\ Timing\ System/Exam\ Timing\ System/build/Past\ Papers\ Tracking\ System.build/Release/Past\ Papers\ Tracking\ System.build/Past\ Papers\ Tracking\ System-project-headers.hmap -Xcc -I/Users/patpateephangern/Documents/Exam\ Timing\ System/Exam\ Timing\ System/build/Release/include -Xcc -I/Users/patpateephangern/Documents/Exam\ Timing\ System/Exam\ Timing\ System/build/Past\ Papers\ Tracking\ System.build/Release/Past\ Papers\ Tracking\ System.build/DerivedSources-normal/arm64 -Xcc -I/Users/patpateephangern/Documents/Exam\ Timing\ System/Exam\ Timing\ System/build/Past\ Papers\ Tracking\ System.build/Release/Past\ Papers\ Tracking\ System.build/DerivedSources/arm64 -Xcc -I/Users/patpateephangern/Documents/Exam\ Timing\ System/Exam\ Timing\ System/build/Past\ Papers\ Tracking\ System.build/Release/Past\ Papers\ Tracking\ System.build/DerivedSources -emit-objc-header -emit-objc-header-path /Users/patpateephangern/Documents/Exam\ Timing\ System/Exam\ Timing\ System/build/Past\ Papers\ Tracking\ System.build/Release/Past\ Papers\ Tracking\ System.build/Objects-normal/arm64/Past_Papers_Tracking_System-Swift.h -working-directory /Users/patpateephangern/Documents/Exam\ Timing\ System/Exam\ Timing\ System -no-emit-module-separately-wmo

SwiftDriver\ Compilation Past\ Papers\ Tracking\ System normal x86_64 com.apple.xcode.tools.swift.compiler (in target 'Past Papers Tracking System' from project 'Past Papers Tracking System')
    cd /Users/patpateephangern/Documents/Exam\ Timing\ System/Exam\ Timing\ System
    builtin-Swift-Compilation -- /Applications/Xcode.app/Contents/Developer/Toolchains/XcodeDefault.xctoolchain/usr/bin/swiftc -module-name Past_Papers_Tracking_System -O -whole-module-optimization @/Users/patpateephangern/Documents/Exam\ Timing\ System/Exam\ Timing\ System/build/Past\ Papers\ Tracking\ System.build/Release/Past\ Papers\ Tracking\ System.build/Objects-normal/x86_64/Past\ Papers\ Tracking\ System.SwiftFileList -default-isolation\=MainActor -enable-bare-slash-regex -enable-upcoming-feature DisableOutwardActorInference -enable-upcoming-feature InferSendableFromCaptures -enable-upcoming-feature GlobalActorIsolatedTypesUsability -enable-upcoming-feature MemberImportVisibility -enable-upcoming-feature InferIsolatedConformances -enable-upcoming-feature NonisolatedNonsendingByDefault -enable-experimental-feature DebugDescriptionMacro -sdk /Applications/Xcode.app/Contents/Developer/Platforms/MacOSX.platform/Developer/SDKs/MacOSX26.4.sdk -target x86_64-apple-macos26.3 -g -Xfrontend -serialize-debugging-options -swift-version 5 -I /Users/patpateephangern/Documents/Exam\ Timing\ System/Exam\ Timing\ System/build/Release -F /Users/patpateephangern/Documents/Exam\ Timing\ System/Exam\ Timing\ System/build/Release -emit-localized-strings -emit-localized-strings-path /Users/patpateephangern/Documents/Exam\ Timing\ System/Exam\ Timing\ System/build/Past\ Papers\ Tracking\ System.build/Release/Past\ Papers\ Tracking\ System.build/Objects-normal/x86_64 -c -num-threads 8 -Xcc -ivfsstatcache -Xcc /var/folders/zj/n36kmzzd6kv7023gxx2v65ww0000gn/C/com.apple.DeveloperTools/26.4-17E192/Xcode/SDKStatCaches.noindex/macosx26.4-25E236-30f9ca8789b706f8bd3fc906a70d770f.sdkstatcache -output-file-map /Users/patpateephangern/Documents/Exam\ Timing\ System/Exam\ Timing\ System/build/Past\ Papers\ Tracking\ System.build/Release/Past\ Papers\ Tracking\ System.build/Objects-normal/x86_64/Past\ Papers\ Tracking\ System-OutputFileMap.json -use-frontend-parseable-output -save-temps -no-color-diagnostics -explicit-module-build -module-cache-path /Users/patpateephangern/Documents/Exam\ Timing\ System/Exam\ Timing\ System/build/SwiftExplicitPrecompiledModules -serialize-diagnostics -emit-dependencies -emit-module -emit-module-path /Users/patpateephangern/Documents/Exam\ Timing\ System/Exam\ Timing\ System/build/Past\ Papers\ Tracking\ System.build/Release/Past\ Papers\ Tracking\ System.build/Objects-normal/x86_64/Past_Papers_Tracking_System.swiftmodule -validate-clang-modules-once -clang-build-session-file /var/folders/zj/n36kmzzd6kv7023gxx2v65ww0000gn/C/org.llvm.clang/ModuleCache.noindex/Session.modulevalidation -Xcc -I/Users/patpateephangern/Documents/Exam\ Timing\ System/Exam\ Timing\ System/build/Past\ Papers\ Tracking\ System.build/Release/Past\ Papers\ Tracking\ System.build/swift-overrides.hmap -emit-const-values -Xfrontend -const-gather-protocols-file -Xfrontend /Users/patpateephangern/Documents/Exam\ Timing\ System/Exam\ Timing\ System/build/Past\ Papers\ Tracking\ System.build/Release/Past\ Papers\ Tracking\ System.build/Objects-normal/x86_64/Past\ Papers\ Tracking\ System_const_extract_protocols.json -Xcc -iquote -Xcc /Users/patpateephangern/Documents/Exam\ Timing\ System/Exam\ Timing\ System/build/Past\ Papers\ Tracking\ System.build/Release/Past\ Papers\ Tracking\ System.build/Past\ Papers\ Tracking\ System-generated-files.hmap -Xcc -I/Users/patpateephangern/Documents/Exam\ Timing\ System/Exam\ Timing\ System/build/Past\ Papers\ Tracking\ System.build/Release/Past\ Papers\ Tracking\ System.build/Past\ Papers\ Tracking\ System-own-target-headers.hmap -Xcc -I/Users/patpateephangern/Documents/Exam\ Timing\ System/Exam\ Timing\ System/build/Past\ Papers\ Tracking\ System.build/Release/Past\ Papers\ Tracking\ System.build/Past\ Papers\ Tracking\ System-all-target-headers.hmap -Xcc -iquote -Xcc /Users/patpateephangern/Documents/Exam\ Timing\ System/Exam\ Timing\ System/build/Past\ Papers\ Tracking\ System.build/Release/Past\ Papers\ Tracking\ System.build/Past\ Papers\ Tracking\ System-project-headers.hmap -Xcc -I/Users/patpateephangern/Documents/Exam\ Timing\ System/Exam\ Timing\ System/build/Release/include -Xcc -I/Users/patpateephangern/Documents/Exam\ Timing\ System/Exam\ Timing\ System/build/Past\ Papers\ Tracking\ System.build/Release/Past\ Papers\ Tracking\ System.build/DerivedSources-normal/x86_64 -Xcc -I/Users/patpateephangern/Documents/Exam\ Timing\ System/Exam\ Timing\ System/build/Past\ Papers\ Tracking\ System.build/Release/Past\ Papers\ Tracking\ System.build/DerivedSources/x86_64 -Xcc -I/Users/patpateephangern/Documents/Exam\ Timing\ System/Exam\ Timing\ System/build/Past\ Papers\ Tracking\ System.build/Release/Past\ Papers\ Tracking\ System.build/DerivedSources -emit-objc-header -emit-objc-header-path /Users/patpateephangern/Documents/Exam\ Timing\ System/Exam\ Timing\ System/build/Past\ Papers\ Tracking\ System.build/Release/Past\ Papers\ Tracking\ System.build/Objects-normal/x86_64/Past_Papers_Tracking_System-Swift.h -working-directory /Users/patpateephangern/Documents/Exam\ Timing\ System/Exam\ Timing\ System -no-emit-module-separately-wmo

SwiftDriver\ Compilation Past\ Papers\ Tracking\ System normal arm64 com.apple.xcode.tools.swift.compiler (in target 'Past Papers Tracking System' from project 'Past Papers Tracking System')
    cd /Users/patpateephangern/Documents/Exam\ Timing\ System/Exam\ Timing\ System
    builtin-Swift-Compilation -- /Applications/Xcode.app/Contents/Developer/Toolchains/XcodeDefault.xctoolchain/usr/bin/swiftc -module-name Past_Papers_Tracking_System -O -whole-module-optimization @/Users/patpateephangern/Documents/Exam\ Timing\ System/Exam\ Timing\ System/build/Past\ Papers\ Tracking\ System.build/Release/Past\ Papers\ Tracking\ System.build/Objects-normal/arm64/Past\ Papers\ Tracking\ System.SwiftFileList -default-isolation\=MainActor -enable-bare-slash-regex -enable-upcoming-feature DisableOutwardActorInference -enable-upcoming-feature InferSendableFromCaptures -enable-upcoming-feature GlobalActorIsolatedTypesUsability -enable-upcoming-feature MemberImportVisibility -enable-upcoming-feature InferIsolatedConformances -enable-upcoming-feature NonisolatedNonsendingByDefault -enable-experimental-feature DebugDescriptionMacro -sdk /Applications/Xcode.app/Contents/Developer/Platforms/MacOSX.platform/Developer/SDKs/MacOSX26.4.sdk -target arm64-apple-macos26.3 -g -Xfrontend -serialize-debugging-options -swift-version 5 -I /Users/patpateephangern/Documents/Exam\ Timing\ System/Exam\ Timing\ System/build/Release -F /Users/patpateephangern/Documents/Exam\ Timing\ System/Exam\ Timing\ System/build/Release -emit-localized-strings -emit-localized-strings-path /Users/patpateephangern/Documents/Exam\ Timing\ System/Exam\ Timing\ System/build/Past\ Papers\ Tracking\ System.build/Release/Past\ Papers\ Tracking\ System.build/Objects-normal/arm64 -c -num-threads 8 -Xcc -ivfsstatcache -Xcc /var/folders/zj/n36kmzzd6kv7023gxx2v65ww0000gn/C/com.apple.DeveloperTools/26.4-17E192/Xcode/SDKStatCaches.noindex/macosx26.4-25E236-30f9ca8789b706f8bd3fc906a70d770f.sdkstatcache -output-file-map /Users/patpateephangern/Documents/Exam\ Timing\ System/Exam\ Timing\ System/build/Past\ Papers\ Tracking\ System.build/Release/Past\ Papers\ Tracking\ System.build/Objects-normal/arm64/Past\ Papers\ Tracking\ System-OutputFileMap.json -use-frontend-parseable-output -save-temps -no-color-diagnostics -explicit-module-build -module-cache-path /Users/patpateephangern/Documents/Exam\ Timing\ System/Exam\ Timing\ System/build/SwiftExplicitPrecompiledModules -serialize-diagnostics -emit-dependencies -emit-module -emit-module-path /Users/patpateephangern/Documents/Exam\ Timing\ System/Exam\ Timing\ System/build/Past\ Papers\ Tracking\ System.build/Release/Past\ Papers\ Tracking\ System.build/Objects-normal/arm64/Past_Papers_Tracking_System.swiftmodule -validate-clang-modules-once -clang-build-session-file /var/folders/zj/n36kmzzd6kv7023gxx2v65ww0000gn/C/org.llvm.clang/ModuleCache.noindex/Session.modulevalidation -Xcc -I/Users/patpateephangern/Documents/Exam\ Timing\ System/Exam\ Timing\ System/build/Past\ Papers\ Tracking\ System.build/Release/Past\ Papers\ Tracking\ System.build/swift-overrides.hmap -emit-const-values -Xfrontend -const-gather-protocols-file -Xfrontend /Users/patpateephangern/Documents/Exam\ Timing\ System/Exam\ Timing\ System/build/Past\ Papers\ Tracking\ System.build/Release/Past\ Papers\ Tracking\ System.build/Objects-normal/arm64/Past\ Papers\ Tracking\ System_const_extract_protocols.json -Xcc -iquote -Xcc /Users/patpateephangern/Documents/Exam\ Timing\ System/Exam\ Timing\ System/build/Past\ Papers\ Tracking\ System.build/Release/Past\ Papers\ Tracking\ System.build/Past\ Papers\ Tracking\ System-generated-files.hmap -Xcc -I/Users/patpateephangern/Documents/Exam\ Timing\ System/Exam\ Timing\ System/build/Past\ Papers\ Tracking\ System.build/Release/Past\ Papers\ Tracking\ System.build/Past\ Papers\ Tracking\ System-own-target-headers.hmap -Xcc -I/Users/patpateephangern/Documents/Exam\ Timing\ System/Exam\ Timing\ System/build/Past\ Papers\ Tracking\ System.build/Release/Past\ Papers\ Tracking\ System.build/Past\ Papers\ Tracking\ System-all-target-headers.hmap -Xcc -iquote -Xcc /Users/patpateephangern/Documents/Exam\ Timing\ System/Exam\ Timing\ System/build/Past\ Papers\ Tracking\ System.build/Release/Past\ Papers\ Tracking\ System.build/Past\ Papers\ Tracking\ System-project-headers.hmap -Xcc -I/Users/patpateephangern/Documents/Exam\ Timing\ System/Exam\ Timing\ System/build/Release/include -Xcc -I/Users/patpateephangern/Documents/Exam\ Timing\ System/Exam\ Timing\ System/build/Past\ Papers\ Tracking\ System.build/Release/Past\ Papers\ Tracking\ System.build/DerivedSources-normal/arm64 -Xcc -I/Users/patpateephangern/Documents/Exam\ Timing\ System/Exam\ Timing\ System/build/Past\ Papers\ Tracking\ System.build/Release/Past\ Papers\ Tracking\ System.build/DerivedSources/arm64 -Xcc -I/Users/patpateephangern/Documents/Exam\ Timing\ System/Exam\ Timing\ System/build/Past\ Papers\ Tracking\ System.build/Release/Past\ Papers\ Tracking\ System.build/DerivedSources -emit-objc-header -emit-objc-header-path /Users/patpateephangern/Documents/Exam\ Timing\ System/Exam\ Timing\ System/build/Past\ Papers\ Tracking\ System.build/Release/Past\ Papers\ Tracking\ System.build/Objects-normal/arm64/Past_Papers_Tracking_System-Swift.h -working-directory /Users/patpateephangern/Documents/Exam\ Timing\ System/Exam\ Timing\ System -no-emit-module-separately-wmo

SwiftExplicitDependencyGeneratePcm x86_64 /Users/patpateephangern/Documents/Exam\ Timing\ System/Exam\ Timing\ System/build/SwiftExplicitPrecompiledModules/ptrcheck-L4POWFVKDT1TICNWBSVFYC3E.pcm

SwiftExplicitDependencyGeneratePcm x86_64 /Users/patpateephangern/Documents/Exam\ Timing\ System/Exam\ Timing\ System/build/SwiftExplicitPrecompiledModules/_Builtin_stdarg-6U5B13RLVE4DOJN88PT0GQ6SV.pcm

SwiftExplicitDependencyGeneratePcm x86_64 /Users/patpateephangern/Documents/Exam\ Timing\ System/Exam\ Timing\ System/build/SwiftExplicitPrecompiledModules/ptrauth-BY1KXN33IQEIUFY15H50209YO.pcm

SwiftExplicitDependencyGeneratePcm x86_64 /Users/patpateephangern/Documents/Exam\ Timing\ System/Exam\ Timing\ System/build/SwiftExplicitPrecompiledModules/_SwiftConcurrencyShims-5I7JL6IPI2TO3XNQIDM3TVDEB.pcm

SwiftExplicitDependencyGeneratePcm x86_64 /Users/patpateephangern/Documents/Exam\ Timing\ System/Exam\ Timing\ System/build/SwiftExplicitPrecompiledModules/_Builtin_stdbool-ANWXDESYBW53GLH9WE82GCK5Q.pcm

SwiftExplicitDependencyGeneratePcm arm64 /Users/patpateephangern/Documents/Exam\ Timing\ System/Exam\ Timing\ System/build/SwiftExplicitPrecompiledModules/_Builtin_stdarg-4E3FTVBV9AT6PIL3GHLERAP1Y.pcm

SwiftExplicitDependencyGeneratePcm x86_64 /Users/patpateephangern/Documents/Exam\ Timing\ System/Exam\ Timing\ System/build/SwiftExplicitPrecompiledModules/DeveloperToolsSupport-3FECHKM9LL2G4O86G8EWK077M.pcm

SwiftExplicitDependencyGeneratePcm x86_64 /Users/patpateephangern/Documents/Exam\ Timing\ System/Exam\ Timing\ System/build/SwiftExplicitPrecompiledModules/SwiftShims-4Q9PX8ZRX3HT6ONWTWTATEUUM.pcm

SwiftExplicitDependencyGeneratePcm arm64 /Users/patpateephangern/Documents/Exam\ Timing\ System/Exam\ Timing\ System/build/SwiftExplicitPrecompiledModules/_Builtin_stddef-3B6M0A6QITFH0CVW5HR339873.pcm

SwiftExplicitDependencyGeneratePcm x86_64 /Users/patpateephangern/Documents/Exam\ Timing\ System/Exam\ Timing\ System/build/SwiftExplicitPrecompiledModules/_AvailabilityInternal-AR433LRAGPPCE7OPDHXVBTF3.pcm

SwiftExplicitDependencyGeneratePcm arm64 /Users/patpateephangern/Documents/Exam\ Timing\ System/Exam\ Timing\ System/build/SwiftExplicitPrecompiledModules/SwiftShims-71T7CCCAGW8X3S8I8VU20U92P.pcm

SwiftExplicitDependencyGeneratePcm arm64 /Users/patpateephangern/Documents/Exam\ Timing\ System/Exam\ Timing\ System/build/SwiftExplicitPrecompiledModules/ptrauth-BN74GPYXLHJE41Z3684GTZBXY.pcm

SwiftExplicitDependencyGeneratePcm arm64 /Users/patpateephangern/Documents/Exam\ Timing\ System/Exam\ Timing\ System/build/SwiftExplicitPrecompiledModules/DeveloperToolsSupport-44WR08EMNO4WNMKFOJHLWX5N.pcm

SwiftExplicitDependencyGeneratePcm x86_64 /Users/patpateephangern/Documents/Exam\ Timing\ System/Exam\ Timing\ System/build/SwiftExplicitPrecompiledModules/_Builtin_float-A61QZMPLMKOKVXQ5SCJFQ0L7B.pcm

SwiftExplicitDependencyGeneratePcm arm64 /Users/patpateephangern/Documents/Exam\ Timing\ System/Exam\ Timing\ System/build/SwiftExplicitPrecompiledModules/_Builtin_stdbool-4FOYU24WQWED7YU6EW6A6D2P4.pcm

SwiftExplicitDependencyGeneratePcm arm64 /Users/patpateephangern/Documents/Exam\ Timing\ System/Exam\ Timing\ System/build/SwiftExplicitPrecompiledModules/_Builtin_float-9HTZ2L44278VF46V7Z155L7R8.pcm

SwiftExplicitDependencyGeneratePcm arm64 /Users/patpateephangern/Documents/Exam\ Timing\ System/Exam\ Timing\ System/build/SwiftExplicitPrecompiledModules/_AvailabilityInternal-AM0NKVNIGMIPFXU7IJ6W0E30G.pcm

SwiftExplicitDependencyGeneratePcm arm64 /Users/patpateephangern/Documents/Exam\ Timing\ System/Exam\ Timing\ System/build/SwiftExplicitPrecompiledModules/_SwiftConcurrencyShims-CJW0JQN077YVM67PY652BKLFS.pcm

SwiftExplicitDependencyGeneratePcm x86_64 /Users/patpateephangern/Documents/Exam\ Timing\ System/Exam\ Timing\ System/build/SwiftExplicitPrecompiledModules/_Builtin_stddef-30JIWEYXADJQ17M7CCLY025D4.pcm

SwiftExplicitDependencyGeneratePcm x86_64 /Users/patpateephangern/Documents/Exam\ Timing\ System/Exam\ Timing\ System/build/SwiftExplicitPrecompiledModules/_DarwinFoundation1-3RCCAJGPB1VHWZFP7JA15YS7I.pcm

SwiftExplicitDependencyGeneratePcm arm64 /Users/patpateephangern/Documents/Exam\ Timing\ System/Exam\ Timing\ System/build/SwiftExplicitPrecompiledModules/ptrcheck-8IQK08CPUOYS83M7G9UYGPS.pcm

SwiftExplicitDependencyGeneratePcm arm64 /Users/patpateephangern/Documents/Exam\ Timing\ System/Exam\ Timing\ System/build/SwiftExplicitPrecompiledModules/_DarwinFoundation1-2E2NO4G1KLNZM15300OZZ74K2.pcm

SwiftExplicitDependencyGeneratePcm x86_64 /Users/patpateephangern/Documents/Exam\ Timing\ System/Exam\ Timing\ System/build/SwiftExplicitPrecompiledModules/_DarwinFoundation2-BKUN88YJ5A1XUI78G93ML14OW.pcm

SwiftExplicitDependencyGeneratePcm x86_64 /Users/patpateephangern/Documents/Exam\ Timing\ System/Exam\ Timing\ System/build/SwiftExplicitPrecompiledModules/_Builtin_limits-64C7N54FWYBYCLH1LBPVID5L3.pcm

SwiftExplicitDependencyGeneratePcm arm64 /Users/patpateephangern/Documents/Exam\ Timing\ System/Exam\ Timing\ System/build/SwiftExplicitPrecompiledModules/_Builtin_limits-BZNOQ7QHGO2UFRITKOWF6ONDS.pcm

SwiftExplicitDependencyGeneratePcm arm64 /Users/patpateephangern/Documents/Exam\ Timing\ System/Exam\ Timing\ System/build/SwiftExplicitPrecompiledModules/_DarwinFoundation2-9ZF17YWHITHSI9O273KSGQEBN.pcm

SwiftExplicitDependencyGeneratePcm x86_64 /Users/patpateephangern/Documents/Exam\ Timing\ System/Exam\ Timing\ System/build/SwiftExplicitPrecompiledModules/_Builtin_stdint-2TCBOPITZB25Y65NZIT9W3947.pcm

SwiftExplicitDependencyGeneratePcm x86_64 /Users/patpateephangern/Documents/Exam\ Timing\ System/Exam\ Timing\ System/build/SwiftExplicitPrecompiledModules/sys_types-4Y64ULO6DEOAWQCAP07VWFF0L.pcm

SwiftExplicitDependencyGeneratePcm x86_64 /Users/patpateephangern/Documents/Exam\ Timing\ System/Exam\ Timing\ System/build/SwiftExplicitPrecompiledModules/_Builtin_tgmath-78AUP92V6BZ83Q8TKTXHUPDAK.pcm

SwiftExplicitDependencyGeneratePcm arm64 /Users/patpateephangern/Documents/Exam\ Timing\ System/Exam\ Timing\ System/build/SwiftExplicitPrecompiledModules/sys_types-8NCJ72J6ASYR5B1RN2J716ARK.pcm

SwiftExplicitDependencyGeneratePcm arm64 /Users/patpateephangern/Documents/Exam\ Timing\ System/Exam\ Timing\ System/build/SwiftExplicitPrecompiledModules/_Builtin_stdint-302NLGKRY2H397FPVJDMGI2AU.pcm

SwiftExplicitDependencyGeneratePcm arm64 /Users/patpateephangern/Documents/Exam\ Timing\ System/Exam\ Timing\ System/build/SwiftExplicitPrecompiledModules/_Builtin_tgmath-AJNAMKV9JS5P8CNB1FZ41Y6H1.pcm

SwiftExplicitDependencyGeneratePcm x86_64 /Users/patpateephangern/Documents/Exam\ Timing\ System/Exam\ Timing\ System/build/SwiftExplicitPrecompiledModules/OpenGL-8MN4SYA0KCZXNG5VFJ305YESI.pcm

SwiftExplicitDependencyGeneratePcm x86_64 /Users/patpateephangern/Documents/Exam\ Timing\ System/Exam\ Timing\ System/build/SwiftExplicitPrecompiledModules/_Builtin_stdatomic-9903WG0CGEWGNN70HR9RT7RZD.pcm

SwiftExplicitDependencyGeneratePcm x86_64 /Users/patpateephangern/Documents/Exam\ Timing\ System/Exam\ Timing\ System/build/SwiftExplicitPrecompiledModules/libDER-5LOQV724EUJYR72GF4V1XYIRF.pcm

SwiftExplicitDependencyGeneratePcm x86_64 /Users/patpateephangern/Documents/Exam\ Timing\ System/Exam\ Timing\ System/build/SwiftExplicitPrecompiledModules/_DarwinFoundation3-149PMO0HRYAVDY3VANUFS769U.pcm

SwiftExplicitDependencyGeneratePcm arm64 /Users/patpateephangern/Documents/Exam\ Timing\ System/Exam\ Timing\ System/build/SwiftExplicitPrecompiledModules/_DarwinFoundation3-7CQE3T2YV92K9YCIHC5SAWM5Y.pcm

SwiftExplicitDependencyGeneratePcm arm64 /Users/patpateephangern/Documents/Exam\ Timing\ System/Exam\ Timing\ System/build/SwiftExplicitPrecompiledModules/OpenGL-3X2W1GWBX1BWFQ5FCULSBCWYN.pcm

SwiftExplicitDependencyGeneratePcm arm64 /Users/patpateephangern/Documents/Exam\ Timing\ System/Exam\ Timing\ System/build/SwiftExplicitPrecompiledModules/libDER-D0RNYS89U9Y50F4D2BCDQUY39.pcm

SwiftExplicitDependencyGeneratePcm arm64 /Users/patpateephangern/Documents/Exam\ Timing\ System/Exam\ Timing\ System/build/SwiftExplicitPrecompiledModules/_Builtin_stdatomic-AYO8R332QCQ7FGGF5BSNM46GB.pcm

SwiftExplicitDependencyGeneratePcm arm64 /Users/patpateephangern/Documents/Exam\ Timing\ System/Exam\ Timing\ System/build/SwiftExplicitPrecompiledModules/_Builtin_intrinsics-BXM21NDMJ0BZ0ZA9QUG2WDNKA.pcm

SwiftExplicitDependencyGeneratePcm x86_64 /Users/patpateephangern/Documents/Exam\ Timing\ System/Exam\ Timing\ System/build/SwiftExplicitPrecompiledModules/_Builtin_intrinsics-EQTLDVSFEE3LT9D6ZCPT754LT.pcm

SwiftExplicitDependencyGeneratePcm x86_64 /Users/patpateephangern/Documents/Exam\ Timing\ System/Exam\ Timing\ System/build/SwiftExplicitPrecompiledModules/_Builtin_inttypes-3HQ0QM3EXPFNOVC7NYKES0LE9.pcm

SwiftExplicitDependencyGeneratePcm arm64 /Users/patpateephangern/Documents/Exam\ Timing\ System/Exam\ Timing\ System/build/SwiftExplicitPrecompiledModules/_Builtin_inttypes-9P397AF6DOZC2C5T3IF47M0RZ.pcm

SwiftExplicitDependencyGeneratePcm x86_64 /Users/patpateephangern/Documents/Exam\ Timing\ System/Exam\ Timing\ System/build/SwiftExplicitPrecompiledModules/Darwin-7HXH11CHCBA42RSJZ0H2V6EG4.pcm

SwiftExplicitDependencyGeneratePcm arm64 /Users/patpateephangern/Documents/Exam\ Timing\ System/Exam\ Timing\ System/build/SwiftExplicitPrecompiledModules/Darwin-BKIKBAWBR4KKMKFBMSSKGZDPQ.pcm

SwiftExplicitDependencyGeneratePcm arm64 /Users/patpateephangern/Documents/Exam\ Timing\ System/Exam\ Timing\ System/build/SwiftExplicitPrecompiledModules/simd-5WXB45D8BCZU62XCCGITC37XX.pcm

SwiftExplicitDependencyGeneratePcm x86_64 /Users/patpateephangern/Documents/Exam\ Timing\ System/Exam\ Timing\ System/build/SwiftExplicitPrecompiledModules/simd-BCQIZ0QZX4QV6SM3H9D48LLBU.pcm

SwiftExplicitDependencyGeneratePcm x86_64 /Users/patpateephangern/Documents/Exam\ Timing\ System/Exam\ Timing\ System/build/SwiftExplicitPrecompiledModules/CUPS-189IPXGNGGXNGJOV0GFSURBSN.pcm

SwiftExplicitDependencyGeneratePcm x86_64 /Users/patpateephangern/Documents/Exam\ Timing\ System/Exam\ Timing\ System/build/SwiftExplicitPrecompiledModules/MachO-B7GDY1LLFCPYO2D0RQ8HBF2UA.pcm

SwiftExplicitDependencyGeneratePcm x86_64 /Users/patpateephangern/Documents/Exam\ Timing\ System/Exam\ Timing\ System/build/SwiftExplicitPrecompiledModules/libkern-CAZX8ZTHB31WWYAW5SNOEL911.pcm

SwiftExplicitDependencyGeneratePcm x86_64 /Users/patpateephangern/Documents/Exam\ Timing\ System/Exam\ Timing\ System/build/SwiftExplicitPrecompiledModules/launch-DMD4MB7K71ORAHF224SD5RM14.pcm

SwiftExplicitDependencyGeneratePcm arm64 /Users/patpateephangern/Documents/Exam\ Timing\ System/Exam\ Timing\ System/build/SwiftExplicitPrecompiledModules/CUPS-50YQ4ZOB5RF3TGEYT19Z2QPPA.pcm

SwiftExplicitDependencyGeneratePcm arm64 /Users/patpateephangern/Documents/Exam\ Timing\ System/Exam\ Timing\ System/build/SwiftExplicitPrecompiledModules/MachO-EGK93HTFE83P5L81Z2FCHUMOT.pcm

SwiftExplicitDependencyGeneratePcm arm64 /Users/patpateephangern/Documents/Exam\ Timing\ System/Exam\ Timing\ System/build/SwiftExplicitPrecompiledModules/libkern-4CVCBNA9RMD8DKSY74ROPCJ7S.pcm

SwiftExplicitDependencyGeneratePcm arm64 /Users/patpateephangern/Documents/Exam\ Timing\ System/Exam\ Timing\ System/build/SwiftExplicitPrecompiledModules/launch-PM5MVI8Z5C6WE8K92PLC2AX.pcm

SwiftExplicitDependencyGeneratePcm x86_64 /Users/patpateephangern/Documents/Exam\ Timing\ System/Exam\ Timing\ System/build/SwiftExplicitPrecompiledModules/ObjectiveC-A83P4CG0Z9BQZIDI1GK5KJX14.pcm

SwiftExplicitDependencyGeneratePcm arm64 /Users/patpateephangern/Documents/Exam\ Timing\ System/Exam\ Timing\ System/build/SwiftExplicitPrecompiledModules/Spatial-3GIDRICUDN9813FOKLDXZYIFJ.pcm

SwiftExplicitDependencyGeneratePcm arm64 /Users/patpateephangern/Documents/Exam\ Timing\ System/Exam\ Timing\ System/build/SwiftExplicitPrecompiledModules/ObjectiveC-BAFYIFW7Y7UOKUSQMJEQBP09H.pcm

SwiftExplicitDependencyGeneratePcm x86_64 /Users/patpateephangern/Documents/Exam\ Timing\ System/Exam\ Timing\ System/build/SwiftExplicitPrecompiledModules/os_object-DQW0OBR7EJOXI5NMLRRNK69M7.pcm

SwiftExplicitDependencyGeneratePcm arm64 /Users/patpateephangern/Documents/Exam\ Timing\ System/Exam\ Timing\ System/build/SwiftExplicitPrecompiledModules/os_object-E0C2PVO3W6EQJ3JXYM175A8XL.pcm

SwiftExplicitDependencyGeneratePcm x86_64 /Users/patpateephangern/Documents/Exam\ Timing\ System/Exam\ Timing\ System/build/SwiftExplicitPrecompiledModules/os_workgroup-6YRJCDU6YN5MHBL7B61WAU50H.pcm

SwiftExplicitDependencyGeneratePcm arm64 /Users/patpateephangern/Documents/Exam\ Timing\ System/Exam\ Timing\ System/build/SwiftExplicitPrecompiledModules/os_workgroup-87V95W20GKGS813PYNVY37NLU.pcm

SwiftExplicitDependencyGeneratePcm x86_64 /Users/patpateephangern/Documents/Exam\ Timing\ System/Exam\ Timing\ System/build/SwiftExplicitPrecompiledModules/Dispatch-F2WBM38APHK1HI8W1TLLHZFQZ.pcm

SwiftExplicitDependencyGeneratePcm x86_64 /Users/patpateephangern/Documents/Exam\ Timing\ System/Exam\ Timing\ System/build/SwiftExplicitPrecompiledModules/Spatial-9ZYWLUUM77Q98OUNE52HOIFTV.pcm

SwiftExplicitDependencyGeneratePcm arm64 /Users/patpateephangern/Documents/Exam\ Timing\ System/Exam\ Timing\ System/build/SwiftExplicitPrecompiledModules/Dispatch-7PLBVOOV5KK166IKRTY2F57L7.pcm

SwiftExplicitDependencyGeneratePcm x86_64 /Users/patpateephangern/Documents/Exam\ Timing\ System/Exam\ Timing\ System/build/SwiftExplicitPrecompiledModules/CoreFoundation-A6XNANV1XZ55V0N0U8UEME95L.pcm

SwiftExplicitDependencyGeneratePcm x86_64 /Users/patpateephangern/Documents/Exam\ Timing\ System/Exam\ Timing\ System/build/SwiftExplicitPrecompiledModules/XPC-2DTSDYX280H80I4DFBELK81I7.pcm

SwiftExplicitDependencyGeneratePcm arm64 /Users/patpateephangern/Documents/Exam\ Timing\ System/Exam\ Timing\ System/build/SwiftExplicitPrecompiledModules/XPC-8QJKNKMAFQGAZ2HZX8DOE58XK.pcm

SwiftExplicitDependencyGeneratePcm arm64 /Users/patpateephangern/Documents/Exam\ Timing\ System/Exam\ Timing\ System/build/SwiftExplicitPrecompiledModules/CoreFoundation-9YRKC096S1ZGAOUI5FB8ZF6NL.pcm

SwiftExplicitDependencyGeneratePcm x86_64 /Users/patpateephangern/Documents/Exam\ Timing\ System/Exam\ Timing\ System/build/SwiftExplicitPrecompiledModules/os-5YGTTBULLNEWCI4HIB8II80OQ.pcm

SwiftExplicitDependencyGeneratePcm arm64 /Users/patpateephangern/Documents/Exam\ Timing\ System/Exam\ Timing\ System/build/SwiftExplicitPrecompiledModules/os-E0MRXEZVVOTVJN5A5INZNRFPK.pcm

SwiftExplicitDependencyGeneratePcm x86_64 /Users/patpateephangern/Documents/Exam\ Timing\ System/Exam\ Timing\ System/build/SwiftExplicitPrecompiledModules/CoreAudioTypes-4K6FO5NWUHU8EUH42I8NKJ56U.pcm

SwiftExplicitDependencyGeneratePcm x86_64 /Users/patpateephangern/Documents/Exam\ Timing\ System/Exam\ Timing\ System/build/SwiftExplicitPrecompiledModules/IOKit-F21UWSO3N0K6PK38HESGS508L.pcm

SwiftExplicitDependencyGeneratePcm x86_64 /Users/patpateephangern/Documents/Exam\ Timing\ System/Exam\ Timing\ System/build/SwiftExplicitPrecompiledModules/Security-70ZL8CP4G11AYC2HAQ6IV2PTW.pcm

SwiftExplicitDependencyGeneratePcm x86_64 /Users/patpateephangern/Documents/Exam\ Timing\ System/Exam\ Timing\ System/build/SwiftExplicitPrecompiledModules/CFNetwork-4GYTGS52M9UAYPY0CJN59HB0W.pcm

SwiftExplicitDependencyGeneratePcm x86_64 /Users/patpateephangern/Documents/Exam\ Timing\ System/Exam\ Timing\ System/build/SwiftExplicitPrecompiledModules/ColorSync-92ADWERS46RJF0UP012PEZDT3.pcm

SwiftExplicitDependencyGeneratePcm arm64 /Users/patpateephangern/Documents/Exam\ Timing\ System/Exam\ Timing\ System/build/SwiftExplicitPrecompiledModules/ColorSync-7Z6CDFON0YWMMWG3J6BCZL444.pcm

SwiftExplicitDependencyGeneratePcm arm64 /Users/patpateephangern/Documents/Exam\ Timing\ System/Exam\ Timing\ System/build/SwiftExplicitPrecompiledModules/CFNetwork-4JSSALTYBJ5L7I7ONROTVEWG7.pcm

SwiftExplicitDependencyGeneratePcm arm64 /Users/patpateephangern/Documents/Exam\ Timing\ System/Exam\ Timing\ System/build/SwiftExplicitPrecompiledModules/Security-F0XKSUV1TWIFLT1HVCS3D1Z2G.pcm

SwiftExplicitDependencyGeneratePcm arm64 /Users/patpateephangern/Documents/Exam\ Timing\ System/Exam\ Timing\ System/build/SwiftExplicitPrecompiledModules/IOKit-AC4OA1SZF86T6OJSBDXNV5NID.pcm

SwiftExplicitDependencyGeneratePcm arm64 /Users/patpateephangern/Documents/Exam\ Timing\ System/Exam\ Timing\ System/build/SwiftExplicitPrecompiledModules/CoreAudioTypes-E4R1NTXPL0KEH75BR4T0X7XJ2.pcm

SwiftExplicitDependencyGeneratePcm x86_64 /Users/patpateephangern/Documents/Exam\ Timing\ System/Exam\ Timing\ System/build/SwiftExplicitPrecompiledModules/DiskArbitration-208XO5HH3RANDWHE6GK99SGSA.pcm

SwiftExplicitDependencyGeneratePcm x86_64 /Users/patpateephangern/Documents/Exam\ Timing\ System/Exam\ Timing\ System/build/SwiftExplicitPrecompiledModules/CoreGraphics-60ME3NKJFHP0FYQGTSTU69D1.pcm

SwiftExplicitDependencyGeneratePcm arm64 /Users/patpateephangern/Documents/Exam\ Timing\ System/Exam\ Timing\ System/build/SwiftExplicitPrecompiledModules/CoreGraphics-43ZIYTLLW4JEUQI2MEGSZ6397.pcm

SwiftExplicitDependencyGeneratePcm arm64 /Users/patpateephangern/Documents/Exam\ Timing\ System/Exam\ Timing\ System/build/SwiftExplicitPrecompiledModules/DiskArbitration-BB0HM83H2Y9K2CKTJVM4MWUS6.pcm

SwiftExplicitDependencyGeneratePcm x86_64 /Users/patpateephangern/Documents/Exam\ Timing\ System/Exam\ Timing\ System/build/SwiftExplicitPrecompiledModules/CoreServices-44SDMZJCNE6JQ0V3VD7CZ8BMJ.pcm

SwiftExplicitDependencyGeneratePcm arm64 /Users/patpateephangern/Documents/Exam\ Timing\ System/Exam\ Timing\ System/build/SwiftExplicitPrecompiledModules/CoreServices-5BRJDBMRKN195N9EH961CBHN1.pcm

SwiftExplicitDependencyGeneratePcm x86_64 /Users/patpateephangern/Documents/Exam\ Timing\ System/Exam\ Timing\ System/build/SwiftExplicitPrecompiledModules/CoreText-DUK2KGL95DEKM1942Y21TB6X5.pcm

SwiftExplicitDependencyGeneratePcm x86_64 /Users/patpateephangern/Documents/Exam\ Timing\ System/Exam\ Timing\ System/build/SwiftExplicitPrecompiledModules/ImageIO-CTB2LANFQ1T99YLBFGRTUKCFM.pcm

SwiftExplicitDependencyGeneratePcm arm64 /Users/patpateephangern/Documents/Exam\ Timing\ System/Exam\ Timing\ System/build/SwiftExplicitPrecompiledModules/CoreText-BTKOM393DDV6KWV5MKR1TD5HN.pcm

SwiftExplicitDependencyGeneratePcm arm64 /Users/patpateephangern/Documents/Exam\ Timing\ System/Exam\ Timing\ System/build/SwiftExplicitPrecompiledModules/ImageIO-3G0G39HW9FD8T04ND37539T48.pcm

LinkAssetCatalog /Users/patpateephangern/Documents/Exam\ Timing\ System/Exam\ Timing\ System/Past\ Papers\ Tracking\ System/Assets.xcassets /Users/patpateephangern/Documents/Exam\ Timing\ System/Exam\ Timing\ System/Past\ Papers\ Tracking\ System/RMS.icon (in target 'Past Papers Tracking System' from project 'Past Papers Tracking System')
    cd /Users/patpateephangern/Documents/Exam\ Timing\ System/Exam\ Timing\ System
    builtin-linkAssetCatalog --thinned /Users/patpateephangern/Documents/Exam\ Timing\ System/Exam\ Timing\ System/build/Past\ Papers\ Tracking\ System.build/Release/Past\ Papers\ Tracking\ System.build/assetcatalog_output/thinned --thinned-dependencies /Users/patpateephangern/Documents/Exam\ Timing\ System/Exam\ Timing\ System/build/Past\ Papers\ Tracking\ System.build/Release/Past\ Papers\ Tracking\ System.build/assetcatalog_dependencies_thinned --thinned-info-plist-content /Users/patpateephangern/Documents/Exam\ Timing\ System/Exam\ Timing\ System/build/Past\ Papers\ Tracking\ System.build/Release/Past\ Papers\ Tracking\ System.build/assetcatalog_generated_info.plist_thinned --unthinned /Users/patpateephangern/Documents/Exam\ Timing\ System/Exam\ Timing\ System/build/Past\ Papers\ Tracking\ System.build/Release/Past\ Papers\ Tracking\ System.build/assetcatalog_output/unthinned --unthinned-dependencies /Users/patpateephangern/Documents/Exam\ Timing\ System/Exam\ Timing\ System/build/Past\ Papers\ Tracking\ System.build/Release/Past\ Papers\ Tracking\ System.build/assetcatalog_dependencies_unthinned --unthinned-info-plist-content /Users/patpateephangern/Documents/Exam\ Timing\ System/Exam\ Timing\ System/build/Past\ Papers\ Tracking\ System.build/Release/Past\ Papers\ Tracking\ System.build/assetcatalog_generated_info.plist_unthinned --output /Users/patpateephangern/Documents/Exam\ Timing\ System/Exam\ Timing\ System/build/Release/Past\ Papers\ Tracking\ System.app/Contents/Resources --plist-output /Users/patpateephangern/Documents/Exam\ Timing\ System/Exam\ Timing\ System/build/Past\ Papers\ Tracking\ System.build/Release/Past\ Papers\ Tracking\ System.build/assetcatalog_generated_info.plist
note: Emplaced /Users/patpateephangern/Documents/Exam Timing System/Exam Timing System/build/Release/Past Papers Tracking System.app/Contents/Resources/RMS.icns (in target 'Past Papers Tracking System' from project 'Past Papers Tracking System')
note: Emplaced /Users/patpateephangern/Documents/Exam Timing System/Exam Timing System/build/Release/Past Papers Tracking System.app/Contents/Resources/Assets.car (in target 'Past Papers Tracking System' from project 'Past Papers Tracking System')

ProcessInfoPlistFile /Users/patpateephangern/Documents/Exam\ Timing\ System/Exam\ Timing\ System/build/Release/Past\ Papers\ Tracking\ System.app/Contents/Info.plist /Users/patpateephangern/Documents/Exam\ Timing\ System/Exam\ Timing\ System/build/Past\ Papers\ Tracking\ System.build/Release/Past\ Papers\ Tracking\ System.build/empty-Past\ Papers\ Tracking\ System.plist (in target 'Past Papers Tracking System' from project 'Past Papers Tracking System')
    cd /Users/patpateephangern/Documents/Exam\ Timing\ System/Exam\ Timing\ System
    builtin-infoPlistUtility /Users/patpateephangern/Documents/Exam\ Timing\ System/Exam\ Timing\ System/build/Past\ Papers\ Tracking\ System.build/Release/Past\ Papers\ Tracking\ System.build/empty-Past\ Papers\ Tracking\ System.plist -producttype com.apple.product-type.application -genpkginfo /Users/patpateephangern/Documents/Exam\ Timing\ System/Exam\ Timing\ System/build/Release/Past\ Papers\ Tracking\ System.app/Contents/PkgInfo -expandbuildsettings -platform macosx -additionalcontentfile /Users/patpateephangern/Documents/Exam\ Timing\ System/Exam\ Timing\ System/build/Past\ Papers\ Tracking\ System.build/Release/Past\ Papers\ Tracking\ System.build/assetcatalog_generated_info.plist -o /Users/patpateephangern/Documents/Exam\ Timing\ System/Exam\ Timing\ System/build/Release/Past\ Papers\ Tracking\ System.app/Contents/Info.plist

SwiftExplicitDependencyGeneratePcm x86_64 /Users/patpateephangern/Documents/Exam\ Timing\ System/Exam\ Timing\ System/build/SwiftExplicitPrecompiledModules/Foundation-EV5UHOLS7L8HNALT8H9A30OF1.pcm

SwiftExplicitDependencyGeneratePcm arm64 /Users/patpateephangern/Documents/Exam\ Timing\ System/Exam\ Timing\ System/build/SwiftExplicitPrecompiledModules/Foundation-2BKO6V4SYXJQI4JV8RPM5BTVO.pcm

SwiftExplicitDependencyGeneratePcm x86_64 /Users/patpateephangern/Documents/Exam\ Timing\ System/Exam\ Timing\ System/build/SwiftExplicitPrecompiledModules/OSLog-7IERVYGZMPR369FD38NDSOPPV.pcm

SwiftExplicitDependencyGeneratePcm x86_64 /Users/patpateephangern/Documents/Exam\ Timing\ System/Exam\ Timing\ System/build/SwiftExplicitPrecompiledModules/CoreData-CMKI3QZ2T26L0X3UVW8ZW7310.pcm

SwiftExplicitDependencyGeneratePcm x86_64 /Users/patpateephangern/Documents/Exam\ Timing\ System/Exam\ Timing\ System/build/SwiftExplicitPrecompiledModules/ApplicationServices-VB5HJAA3AT6TDSJGILXAPT3P.pcm

SwiftExplicitDependencyGeneratePcm x86_64 /Users/patpateephangern/Documents/Exam\ Timing\ System/Exam\ Timing\ System/build/SwiftExplicitPrecompiledModules/Symbols-5J8H6UNQB7S5RZ1W8KSOZHK2G.pcm

SwiftExplicitDependencyGeneratePcm x86_64 /Users/patpateephangern/Documents/Exam\ Timing\ System/Exam\ Timing\ System/build/SwiftExplicitPrecompiledModules/CoreTransferable-58OTD3DB54ZI50J84837CUJDR.pcm

SwiftExplicitDependencyGeneratePcm x86_64 /Users/patpateephangern/Documents/Exam\ Timing\ System/Exam\ Timing\ System/build/SwiftExplicitPrecompiledModules/UniformTypeIdentifiers-81UU13RANDTQU72M0AOLYLRM6.pcm

SwiftExplicitDependencyGeneratePcm x86_64 /Users/patpateephangern/Documents/Exam\ Timing\ System/Exam\ Timing\ System/build/SwiftExplicitPrecompiledModules/IOSurface-DHNT77A2LXMRVDNHI9YKHMAFE.pcm

SwiftExplicitDependencyGeneratePcm x86_64 /Users/patpateephangern/Documents/Exam\ Timing\ System/Exam\ Timing\ System/build/SwiftExplicitPrecompiledModules/DataDetection-EOKSSCF0LMKJN0M68QUZEN3UL.pcm

SwiftExplicitDependencyGeneratePcm arm64 /Users/patpateephangern/Documents/Exam\ Timing\ System/Exam\ Timing\ System/build/SwiftExplicitPrecompiledModules/CoreTransferable-DOKOY83WOHK4PGRSYKSYXZ76R.pcm

SwiftExplicitDependencyGeneratePcm arm64 /Users/patpateephangern/Documents/Exam\ Timing\ System/Exam\ Timing\ System/build/SwiftExplicitPrecompiledModules/IOSurface-1P929ULXA50290EDGGMBRFQLD.pcm

SwiftExplicitDependencyGeneratePcm arm64 /Users/patpateephangern/Documents/Exam\ Timing\ System/Exam\ Timing\ System/build/SwiftExplicitPrecompiledModules/CoreAudio-6H90Z49FRXUP61EGXJSPK0M0A.pcm

SwiftExplicitDependencyGeneratePcm arm64 /Users/patpateephangern/Documents/Exam\ Timing\ System/Exam\ Timing\ System/build/SwiftExplicitPrecompiledModules/ApplicationServices-C7SHKF08U0AT6LOKVKAMMCOGV.pcm

SwiftExplicitDependencyGeneratePcm arm64 /Users/patpateephangern/Documents/Exam\ Timing\ System/Exam\ Timing\ System/build/SwiftExplicitPrecompiledModules/DataDetection-4EWNXYES8BTUU49WF3YG2LPAS.pcm

SwiftExplicitDependencyGeneratePcm arm64 /Users/patpateephangern/Documents/Exam\ Timing\ System/Exam\ Timing\ System/build/SwiftExplicitPrecompiledModules/CoreMIDI-AUGVLB0XV19XU6BDAXVREE5YD.pcm

SwiftExplicitDependencyGeneratePcm x86_64 /Users/patpateephangern/Documents/Exam\ Timing\ System/Exam\ Timing\ System/build/SwiftExplicitPrecompiledModules/Metal-4CY926PV7FW8KH9WJEPPGDGTQ.pcm

SwiftExplicitDependencyGeneratePcm arm64 /Users/patpateephangern/Documents/Exam\ Timing\ System/Exam\ Timing\ System/build/SwiftExplicitPrecompiledModules/Accessibility-7SGV73YLVILXO8U1WGZB8ZX35.pcm

SwiftExplicitDependencyGeneratePcm arm64 /Users/patpateephangern/Documents/Exam\ Timing\ System/Exam\ Timing\ System/build/SwiftExplicitPrecompiledModules/UniformTypeIdentifiers-A7XNF97OTV5X1GXZUAPI7BS3R.pcm

SwiftExplicitDependencyGeneratePcm arm64 /Users/patpateephangern/Documents/Exam\ Timing\ System/Exam\ Timing\ System/build/SwiftExplicitPrecompiledModules/OSLog-9PTXSIUQWX9WTSSHXNA6270CB.pcm

SwiftExplicitDependencyGeneratePcm arm64 /Users/patpateephangern/Documents/Exam\ Timing\ System/Exam\ Timing\ System/build/SwiftExplicitPrecompiledModules/Symbols-7HN8DBWGOIU7BT5TUGZC0DGWU.pcm

SwiftExplicitDependencyGeneratePcm x86_64 /Users/patpateephangern/Documents/Exam\ Timing\ System/Exam\ Timing\ System/build/SwiftExplicitPrecompiledModules/CoreMIDI-7HBFGXKAUODES7YY1XENE4HP8.pcm

SwiftExplicitDependencyGeneratePcm x86_64 /Users/patpateephangern/Documents/Exam\ Timing\ System/Exam\ Timing\ System/build/SwiftExplicitPrecompiledModules/Carbon-6K1F0EKKC7CSA7TDEV7VCFN96.pcm

SwiftExplicitDependencyGeneratePcm arm64 /Users/patpateephangern/Documents/Exam\ Timing\ System/Exam\ Timing\ System/build/SwiftExplicitPrecompiledModules/CoreData-2NBX0K4H9CS4W83NMYZ622WVX.pcm

SwiftExplicitDependencyGeneratePcm x86_64 /Users/patpateephangern/Documents/Exam\ Timing\ System/Exam\ Timing\ System/build/SwiftExplicitPrecompiledModules/Accessibility-7W4QQGJLL8ARG1TMLBXQJV7Y5.pcm

SwiftExplicitDependencyGeneratePcm x86_64 /Users/patpateephangern/Documents/Exam\ Timing\ System/Exam\ Timing\ System/build/SwiftExplicitPrecompiledModules/CoreAudio-9P2V9ZOP73BEYVRJ4STV0ERZJ.pcm

SwiftExplicitDependencyGeneratePcm arm64 /Users/patpateephangern/Documents/Exam\ Timing\ System/Exam\ Timing\ System/build/SwiftExplicitPrecompiledModules/Carbon-2VP1U41W3LOYYTB1F8HE4GHMM.pcm

SwiftExplicitDependencyGeneratePcm arm64 /Users/patpateephangern/Documents/Exam\ Timing\ System/Exam\ Timing\ System/build/SwiftExplicitPrecompiledModules/Metal-330L4O88GW53714SY56PVFE0H.pcm

SwiftExplicitDependencyGeneratePcm x86_64 /Users/patpateephangern/Documents/Exam\ Timing\ System/Exam\ Timing\ System/build/SwiftExplicitPrecompiledModules/CoreVideo-CQKW5G5W9E3WAHQ2SOEMFITHH.pcm

SwiftExplicitDependencyGeneratePcm x86_64 /Users/patpateephangern/Documents/Exam\ Timing\ System/Exam\ Timing\ System/build/SwiftExplicitPrecompiledModules/AudioToolbox-BAQCPNOGA4OK9ZTJ9NKBYKDAC.pcm

SwiftExplicitDependencyGeneratePcm arm64 /Users/patpateephangern/Documents/Exam\ Timing\ System/Exam\ Timing\ System/build/SwiftExplicitPrecompiledModules/AudioToolbox-7YP2T6JG87ML73CVMJP00Q7P9.pcm

SwiftExplicitDependencyGeneratePcm arm64 /Users/patpateephangern/Documents/Exam\ Timing\ System/Exam\ Timing\ System/build/SwiftExplicitPrecompiledModules/CoreVideo-B2PWBW4IU0DC1QG22ITDUSOV5.pcm

SwiftExplicitDependencyGeneratePcm x86_64 /Users/patpateephangern/Documents/Exam\ Timing\ System/Exam\ Timing\ System/build/SwiftExplicitPrecompiledModules/Accelerate-8KDL2CQUNPDXUM9TIM1C2B6VR.pcm

SwiftExplicitDependencyGeneratePcm x86_64 /Users/patpateephangern/Documents/Exam\ Timing\ System/Exam\ Timing\ System/build/SwiftExplicitPrecompiledModules/QuartzCore-6SI914H83VNDM12504CRUPGO1.pcm

SwiftExplicitDependencyGeneratePcm x86_64 /Users/patpateephangern/Documents/Exam\ Timing\ System/Exam\ Timing\ System/build/SwiftExplicitPrecompiledModules/CoreMedia-44KD2TIQZ638X1OLAU67E1K3.pcm

SwiftExplicitDependencyGeneratePcm x86_64 /Users/patpateephangern/Documents/Exam\ Timing\ System/Exam\ Timing\ System/build/SwiftExplicitPrecompiledModules/CoreImage-3YYEHLSK94WTXTNHL3YUSJT8J.pcm

SwiftExplicitDependencyGeneratePcm x86_64 /Users/patpateephangern/Documents/Exam\ Timing\ System/Exam\ Timing\ System/build/SwiftExplicitPrecompiledModules/CoreML-2SWV62VICALTL0HCL2FUD7YU7.pcm

SwiftExplicitDependencyGeneratePcm arm64 /Users/patpateephangern/Documents/Exam\ Timing\ System/Exam\ Timing\ System/build/SwiftExplicitPrecompiledModules/Accelerate-65P79JDVE6OM3DNOREXCMTE1J.pcm

SwiftExplicitDependencyGeneratePcm arm64 /Users/patpateephangern/Documents/Exam\ Timing\ System/Exam\ Timing\ System/build/SwiftExplicitPrecompiledModules/CoreMedia-2L50UNEHCRWRLRG5G3531ZGYO.pcm

SwiftExplicitDependencyGeneratePcm arm64 /Users/patpateephangern/Documents/Exam\ Timing\ System/Exam\ Timing\ System/build/SwiftExplicitPrecompiledModules/CoreImage-75PK79P6XL9KSP2HDPL1E5G7B.pcm

SwiftExplicitDependencyGeneratePcm arm64 /Users/patpateephangern/Documents/Exam\ Timing\ System/Exam\ Timing\ System/build/SwiftExplicitPrecompiledModules/CoreML-8AIAA3MN0P3Y30PYEGQ8WLDF1.pcm

SwiftExplicitDependencyGeneratePcm x86_64 /Users/patpateephangern/Documents/Exam\ Timing\ System/Exam\ Timing\ System/build/SwiftExplicitPrecompiledModules/SwiftUICore-FWXWFIMIE7LV86TWJ6M9HQ1E.pcm

SwiftExplicitDependencyGeneratePcm x86_64 /Users/patpateephangern/Documents/Exam\ Timing\ System/Exam\ Timing\ System/build/SwiftExplicitPrecompiledModules/AVFAudio-4EDTO7QYJVUZBPO16VZ4R5Q5B.pcm

SwiftExplicitDependencyGeneratePcm x86_64 /Users/patpateephangern/Documents/Exam\ Timing\ System/Exam\ Timing\ System/build/SwiftExplicitPrecompiledModules/AppKit-CIZ8ABGYXWBDBSRPKFKIF24JT.pcm

SwiftExplicitDependencyGeneratePcm x86_64 /Users/patpateephangern/Documents/Exam\ Timing\ System/Exam\ Timing\ System/build/SwiftExplicitPrecompiledModules/Vision-AQ50BMRECJT5KYGJ2VAUPNK7U.pcm

SwiftExplicitDependencyGeneratePcm arm64 /Users/patpateephangern/Documents/Exam\ Timing\ System/Exam\ Timing\ System/build/SwiftExplicitPrecompiledModules/QuartzCore-2DOCEDCNQTLLWCILS9JIA8R6T.pcm

SwiftExplicitDependencyGeneratePcm arm64 /Users/patpateephangern/Documents/Exam\ Timing\ System/Exam\ Timing\ System/build/SwiftExplicitPrecompiledModules/MediaToolbox-7D1KMWMCK0QBE2UZ2HY5HHBM4.pcm

SwiftExplicitDependencyGeneratePcm arm64 /Users/patpateephangern/Documents/Exam\ Timing\ System/Exam\ Timing\ System/build/SwiftExplicitPrecompiledModules/Vision-8Y3R9YVC8V3WX3U3PY8VQ7BHW.pcm

SwiftExplicitDependencyGeneratePcm arm64 /Users/patpateephangern/Documents/Exam\ Timing\ System/Exam\ Timing\ System/build/SwiftExplicitPrecompiledModules/AVFAudio-1F9SJEX31S9E0EL10UTUNBMMP.pcm

SwiftExplicitDependencyGeneratePcm x86_64 /Users/patpateephangern/Documents/Exam\ Timing\ System/Exam\ Timing\ System/build/SwiftExplicitPrecompiledModules/MediaToolbox-9PFI2JIMVXCT01JTCVWT1PTVA.pcm

SwiftExplicitDependencyGeneratePcm arm64 /Users/patpateephangern/Documents/Exam\ Timing\ System/Exam\ Timing\ System/build/SwiftExplicitPrecompiledModules/AppKit-6L2X9OA86VY9MG5D65XCF58DP.pcm

SwiftExplicitDependencyGeneratePcm arm64 /Users/patpateephangern/Documents/Exam\ Timing\ System/Exam\ Timing\ System/build/SwiftExplicitPrecompiledModules/SwiftUICore-5YKUD8UUTIE8ZHDWT03Y8T2E9.pcm

SwiftExplicitDependencyGeneratePcm x86_64 /Users/patpateephangern/Documents/Exam\ Timing\ System/Exam\ Timing\ System/build/SwiftExplicitPrecompiledModules/AVFoundation-EJF6G3GGNGKY3LFJ1NDU28ZZ9.pcm

SwiftExplicitDependencyGeneratePcm arm64 /Users/patpateephangern/Documents/Exam\ Timing\ System/Exam\ Timing\ System/build/SwiftExplicitPrecompiledModules/AVFoundation-9NDEYRC4G3FPMP3EIJ97QHGSE.pcm

SwiftExplicitDependencyGeneratePcm x86_64 /Users/patpateephangern/Documents/Exam\ Timing\ System/Exam\ Timing\ System/build/SwiftExplicitPrecompiledModules/Cocoa-A3DRY9Z9GTGEYUDUUGYIAJTET.pcm

SwiftExplicitDependencyGeneratePcm x86_64 /Users/patpateephangern/Documents/Exam\ Timing\ System/Exam\ Timing\ System/build/SwiftExplicitPrecompiledModules/SwiftUI-3IF0KX5XANNXRZPS921KO94EN.pcm

SwiftExplicitDependencyGeneratePcm x86_64 /Users/patpateephangern/Documents/Exam\ Timing\ System/Exam\ Timing\ System/build/SwiftExplicitPrecompiledModules/PDFKit-2SVBXJC7B3TAZEDNOKK7WYF3E.pcm

SwiftCompile normal x86_64 Compiling\ AttemptMO.swift,\ BackupManifest.swift,\ DifficultQuestionsArchiveMO.swift,\ ETSEventLogMO.swift,\ GradeThresholdTableMO.swift,\ PaperMO.swift,\ PersistenceController.swift,\ PersistenceController+Backup.swift,\ QuestionStructureMO.swift,\ SubjectMO.swift,\ BarcodeGenerator.swift,\ ETSPDFReceiptGenerator.swift,\ PDFDocumentGenerator.swift,\ AttemptNumberCoordinator.swift,\ DurationParser.swift,\ ETSTimerEngine.swift,\ SeriesNormalizationEngine.swift,\ PerformanceReportEngine.swift,\ ReportSetupSheet.swift,\ ReportWindowController.swift,\ FileOrganizationPipeline.swift,\ VisionBarcodeScanner.swift,\ AutoBackupService.swift,\ LANPrintRouter.swift,\ GradeThresholdSheet.swift,\ ManualBarcodeEntrySheet.swift,\ PDFPageMappingPanel.swift,\ PDFViewerSheet.swift,\ SearchableComboBox.swift,\ ETSLaunchView.swift,\ ETSPostSessionView.swift,\ ETSQuestionSetupSheet.swift,\ ETSSessionView.swift,\ AttemptDetailView.swift,\ BackupManagerView.swift,\ CompleteLogsView.swift,\ DQAHelpers.swift,\ DQAMainView.swift,\ DQAPrintManager.swift,\ DQASetupSheet.swift,\ DQAWindowController.swift,\ DSPrintingView.swift,\ DSPrintWindowController.swift,\ EPENMarkingView.swift,\ OCRVerificationView.swift,\ PapersMappingView.swift,\ PapersMappingWindowController.swift,\ PaperTrackerRootView.swift,\ PaperTrackerSettingsView.swift,\ PDFFloatingWindowController.swift,\ PDFPageMappingWindowController.swift,\ StartNewPaperView.swift,\ SubjectManagerView.swift,\ SummaryView.swift,\ ValidationPaneView.swift,\ ContentView.swift,\ DocumentationDataFlowDiagram.swift,\ EngineTimingEngine.swift,\ ExportPDFExporter.swift,\ ModelsAppSettings.swift,\ ModelsExamModels.swift,\ ModelsExamModelsExtensions.swift,\ PastPapersTrackingSystemApp.swift,\ UtilitiesKeyboardShortcuts.swift,\ ViewsActiveSessionView.swift,\ ViewsPerformanceLogView.swift,\ ViewsSessionSetupView.swift,\ ViewsSettingsView.swift,\ ViewsShortcutReferenceView.swift,\ GeneratedAssetSymbols.swift /Users/patpateephangern/Documents/Exam\ Timing\ System/Exam\ Timing\ System/Past\ Papers\ Tracking\ System/PaperTracker/Data/AttemptMO.swift /Users/patpateephangern/Documents/Exam\ Timing\ System/Exam\ Timing\ System/Past\ Papers\ Tracking\ System/PaperTracker/Data/BackupManifest.swift /Users/patpateephangern/Documents/Exam\ Timing\ System/Exam\ Timing\ System/Past\ Papers\ Tracking\ System/PaperTracker/Data/DifficultQuestionsArchiveMO.swift /Users/patpateephangern/Documents/Exam\ Timing\ System/Exam\ Timing\ System/Past\ Papers\ Tracking\ System/PaperTracker/Data/ETSEventLogMO.swift /Users/patpateephangern/Documents/Exam\ Timing\ System/Exam\ Timing\ System/Past\ Papers\ Tracking\ System/PaperTracker/Data/GradeThresholdTableMO.swift /Users/patpateephangern/Documents/Exam\ Timing\ System/Exam\ Timing\ System/Past\ Papers\ Tracking\ System/PaperTracker/Data/PaperMO.swift /Users/patpateephangern/Documents/Exam\ Timing\ System/Exam\ Timing\ System/Past\ Papers\ Tracking\ System/PaperTracker/Data/PersistenceController.swift /Users/patpateephangern/Documents/Exam\ Timing\ System/Exam\ Timing\ System/Past\ Papers\ Tracking\ System/PaperTracker/Data/PersistenceController+Backup.swift /Users/patpateephangern/Documents/Exam\ Timing\ System/Exam\ Timing\ System/Past\ Papers\ Tracking\ System/PaperTracker/Data/QuestionStructureMO.swift /Users/patpateephangern/Documents/Exam\ Timing\ System/Exam\ Timing\ System/Past\ Papers\ Tracking\ System/PaperTracker/Data/SubjectMO.swift /Users/patpateephangern/Documents/Exam\ Timing\ System/Exam\ Timing\ System/Past\ Papers\ Tracking\ System/PaperTracker/Documents/BarcodeGenerator.swift /Users/patpateephangern/Documents/Exam\ Timing\ System/Exam\ Timing\ System/Past\ Papers\ Tracking\ System/PaperTracker/Documents/ETSPDFReceiptGenerator.swift /Users/patpateephangern/Documents/Exam\ Timing\ System/Exam\ Timing\ System/Past\ Papers\ Tracking\ System/PaperTracker/Documents/PDFDocumentGenerator.swift /Users/patpateephangern/Documents/Exam\ Timing\ System/Exam\ Timing\ System/Past\ Papers\ Tracking\ System/PaperTracker/Engines/AttemptNumberCoordinator.swift /Users/patpateephangern/Documents/Exam\ Timing\ System/Exam\ Timing\ System/Past\ Papers\ Tracking\ System/PaperTracker/Engines/DurationParser.swift /Users/patpateephangern/Documents/Exam\ Timing\ System/Exam\ Timing\ System/Past\ Papers\ Tracking\ System/PaperTracker/Engines/ETSTimerEngine.swift /Users/patpateephangern/Documents/Exam\ Timing\ System/Exam\ Timing\ System/Past\ Papers\ Tracking\ System/PaperTracker/Engines/SeriesNormalizationEngine.swift /Users/patpateephangern/Documents/Exam\ Timing\ System/Exam\ Timing\ System/Past\ Papers\ Tracking\ System/PaperTracker/Reports/PerformanceReportEngine.swift /Users/patpateephangern/Documents/Exam\ Timing\ System/Exam\ Timing\ System/Past\ Papers\ Tracking\ System/PaperTracker/Reports/ReportSetupSheet.swift /Users/patpateephangern/Documents/Exam\ Timing\ System/Exam\ Timing\ System/Past\ Papers\ Tracking\ System/PaperTracker/Reports/ReportWindowController.swift /Users/patpateephangern/Documents/Exam\ Timing\ System/Exam\ Timing\ System/Past\ Papers\ Tracking\ System/PaperTracker/Scanning/FileOrganizationPipeline.swift /Users/patpateephangern/Documents/Exam\ Timing\ System/Exam\ Timing\ System/Past\ Papers\ Tracking\ System/PaperTracker/Scanning/VisionBarcodeScanner.swift /Users/patpateephangern/Documents/Exam\ Timing\ System/Exam\ Timing\ System/Past\ Papers\ Tracking\ System/PaperTracker/Services/AutoBackupService.swift /Users/patpateephangern/Documents/Exam\ Timing\ System/Exam\ Timing\ System/Past\ Papers\ Tracking\ System/PaperTracker/Services/LANPrintRouter.swift /Users/patpateephangern/Documents/Exam\ Timing\ System/Exam\ Timing\ System/Past\ Papers\ Tracking\ System/PaperTracker/Views/Components/GradeThresholdSheet.swift /Users/patpateephangern/Documents/Exam\ Timing\ System/Exam\ Timing\ System/Past\ Papers\ Tracking\ System/PaperTracker/Views/Components/ManualBarcodeEntrySheet.swift /Users/patpateephangern/Documents/Exam\ Timing\ System/Exam\ Timing\ System/Past\ Papers\ Tracking\ System/PaperTracker/Views/Components/PDFPageMappingPanel.swift /Users/patpateephangern/Documents/Exam\ Timing\ System/Exam\ Timing\ System/Past\ Papers\ Tracking\ System/PaperTracker/Views/Components/PDFViewerSheet.swift /Users/patpateephangern/Documents/Exam\ Timing\ System/Exam\ Timing\ System/Past\ Papers\ Tracking\ System/PaperTracker/Views/Components/SearchableComboBox.swift /Users/patpateephangern/Documents/Exam\ Timing\ System/Exam\ Timing\ System/Past\ Papers\ Tracking\ System/PaperTracker/Views/ETS/ETSLaunchView.swift /Users/patpateephangern/Documents/Exam\ Timing\ System/Exam\ Timing\ System/Past\ Papers\ Tracking\ System/PaperTracker/Views/ETS/ETSPostSessionView.swift /Users/patpateephangern/Documents/Exam\ Timing\ System/Exam\ Timing\ System/Past\ Papers\ Tracking\ System/PaperTracker/Views/ETS/ETSQuestionSetupSheet.swift /Users/patpateephangern/Documents/Exam\ Timing\ System/Exam\ Timing\ System/Past\ Papers\ Tracking\ System/PaperTracker/Views/ETS/ETSSessionView.swift /Users/patpateephangern/Documents/Exam\ Timing\ System/Exam\ Timing\ System/Past\ Papers\ Tracking\ System/PaperTracker/Views/AttemptDetailView.swift /Users/patpateephangern/Documents/Exam\ Timing\ System/Exam\ Timing\ System/Past\ Papers\ Tracking\ System/PaperTracker/Views/BackupManagerView.swift /Users/patpateephangern/Documents/Exam\ Timing\ System/Exam\ Timing\ System/Past\ Papers\ Tracking\ System/PaperTracker/Views/CompleteLogsView.swift /Users/patpateephangern/Documents/Exam\ Timing\ System/Exam\ Timing\ System/Past\ Papers\ Tracking\ System/PaperTracker/Views/DQAHelpers.swift /Users/patpateephangern/Documents/Exam\ Timing\ System/Exam\ Timing\ System/Past\ Papers\ Tracking\ System/PaperTracker/Views/DQAMainView.swift /Users/patpateephangern/Documents/Exam\ Timing\ System/Exam\ Timing\ System/Past\ Papers\ Tracking\ System/PaperTracker/Views/DQAPrintManager.swift /Users/patpateephangern/Documents/Exam\ Timing\ System/Exam\ Timing\ System/Past\ Papers\ Tracking\ System/PaperTracker/Views/DQASetupSheet.swift /Users/patpateephangern/Documents/Exam\ Timing\ System/Exam\ Timing\ System/Past\ Papers\ Tracking\ System/PaperTracker/Views/DQAWindowController.swift /Users/patpateephangern/Documents/Exam\ Timing\ System/Exam\ Timing\ System/Past\ Papers\ Tracking\ System/PaperTracker/Views/DSPrintingView.swift /Users/patpateephangern/Documents/Exam\ Timing\ System/Exam\ Timing\ System/Past\ Papers\ Tracking\ System/PaperTracker/Views/DSPrintWindowController.swift /Users/patpateephangern/Documents/Exam\ Timing\ System/Exam\ Timing\ System/Past\ Papers\ Tracking\ System/PaperTracker/Views/EPENMarkingView.swift /Users/patpateephangern/Documents/Exam\ Timing\ System/Exam\ Timing\ System/Past\ Papers\ Tracking\ System/PaperTracker/Views/OCRVerificationView.swift /Users/patpateephangern/Documents/Exam\ Timing\ System/Exam\ Timing\ System/Past\ Papers\ Tracking\ System/PaperTracker/Views/PapersMappingView.swift /Users/patpateephangern/Documents/Exam\ Timing\ System/Exam\ Timing\ System/Past\ Papers\ Tracking\ System/PaperTracker/Views/PapersMappingWindowController.swift /Users/patpateephangern/Documents/Exam\ Timing\ System/Exam\ Timing\ System/Past\ Papers\ Tracking\ System/PaperTracker/Views/PaperTrackerRootView.swift /Users/patpateephangern/Documents/Exam\ Timing\ System/Exam\ Timing\ System/Past\ Papers\ Tracking\ System/PaperTracker/Views/PaperTrackerSettingsView.swift /Users/patpateephangern/Documents/Exam\ Timing\ System/Exam\ Timing\ System/Past\ Papers\ Tracking\ System/PaperTracker/Views/PDFFloatingWindowController.swift /Users/patpateephangern/Documents/Exam\ Timing\ System/Exam\ Timing\ System/Past\ Papers\ Tracking\ System/PaperTracker/Views/PDFPageMappingWindowController.swift /Users/patpateephangern/Documents/Exam\ Timing\ System/Exam\ Timing\ System/Past\ Papers\ Tracking\ System/PaperTracker/Views/StartNewPaperView.swift /Users/patpateephangern/Documents/Exam\ Timing\ System/Exam\ Timing\ System/Past\ Papers\ Tracking\ System/PaperTracker/Views/SubjectManagerView.swift /Users/patpateephangern/Documents/Exam\ Timing\ System/Exam\ Timing\ System/Past\ Papers\ Tracking\ System/PaperTracker/Views/SummaryView.swift /Users/patpateephangern/Documents/Exam\ Timing\ System/Exam\ Timing\ System/Past\ Papers\ Tracking\ System/PaperTracker/Views/ValidationPaneView.swift /Users/patpateephangern/Documents/Exam\ Timing\ System/Exam\ Timing\ System/Past\ Papers\ Tracking\ System/ContentView.swift /Users/patpateephangern/Documents/Exam\ Timing\ System/Exam\ Timing\ System/Past\ Papers\ Tracking\ System/DocumentationDataFlowDiagram.swift /Users/patpateephangern/Documents/Exam\ Timing\ System/Exam\ Timing\ System/Past\ Papers\ Tracking\ System/EngineTimingEngine.swift /Users/patpateephangern/Documents/Exam\ Timing\ System/Exam\ Timing\ System/Past\ Papers\ Tracking\ System/ExportPDFExporter.swift /Users/patpateephangern/Documents/Exam\ Timing\ System/Exam\ Timing\ System/Past\ Papers\ Tracking\ System/ModelsAppSettings.swift /Users/patpateephangern/Documents/Exam\ Timing\ System/Exam\ Timing\ System/Past\ Papers\ Tracking\ System/ModelsExamModels.swift /Users/patpateephangern/Documents/Exam\ Timing\ System/Exam\ Timing\ System/Past\ Papers\ Tracking\ System/ModelsExamModelsExtensions.swift /Users/patpateephangern/Documents/Exam\ Timing\ System/Exam\ Timing\ System/Past\ Papers\ Tracking\ System/PastPapersTrackingSystemApp.swift /Users/patpateephangern/Documents/Exam\ Timing\ System/Exam\ Timing\ System/Past\ Papers\ Tracking\ System/UtilitiesKeyboardShortcuts.swift /Users/patpateephangern/Documents/Exam\ Timing\ System/Exam\ Timing\ System/Past\ Papers\ Tracking\ System/ViewsActiveSessionView.swift /Users/patpateephangern/Documents/Exam\ Timing\ System/Exam\ Timing\ System/Past\ Papers\ Tracking\ System/ViewsPerformanceLogView.swift /Users/patpateephangern/Documents/Exam\ Timing\ System/Exam\ Timing\ System/Past\ Papers\ Tracking\ System/ViewsSessionSetupView.swift /Users/patpateephangern/Documents/Exam\ Timing\ System/Exam\ Timing\ System/Past\ Papers\ Tracking\ System/ViewsSettingsView.swift /Users/patpateephangern/Documents/Exam\ Timing\ System/Exam\ Timing\ System/Past\ Papers\ Tracking\ System/ViewsShortcutReferenceView.swift /Users/patpateephangern/Documents/Exam\ Timing\ System/Exam\ Timing\ System/build/Past\ Papers\ Tracking\ System.build/Release/Past\ Papers\ Tracking\ System.build/DerivedSources/GeneratedAssetSymbols.swift /Applications/Xcode.app/Contents/Developer/Toolchains/XcodeDefault.xctoolchain/usr/lib/swift/macosx/prebuilt-modules/26.4/XPC.swiftmodule/x86_64-apple-macos.swiftmodule /Applications/Xcode.app/Contents/Developer/Toolchains/XcodeDefault.xctoolchain/usr/lib/swift/macosx/prebuilt-modules/26.4/CoreVideo.swiftmodule/x86_64-apple-macos.swiftmodule /Applications/Xcode.app/Contents/Developer/Toolchains/XcodeDefault.xctoolchain/usr/lib/swift/macosx/prebuilt-modules/26.4/CoreMedia.swiftmodule/x86_64-apple-macos.swiftmodule /Applications/Xcode.app/Contents/Developer/Toolchains/XcodeDefault.xctoolchain/usr/lib/swift/macosx/prebuilt-modules/26.4/Combine.swiftmodule/x86_64-apple-macos.swiftmodule /Applications/Xcode.app/Contents/Developer/Toolchains/XcodeDefault.xctoolchain/usr/lib/swift/macosx/prebuilt-modules/26.4/os.swiftmodule/x86_64-apple-macos.swiftmodule /Applications/Xcode.app/Contents/Developer/Toolchains/XcodeDefault.xctoolchain/usr/lib/swift/macosx/prebuilt-modules/26.4/ObjectiveC.swiftmodule/x86_64-apple-macos.swiftmodule /Applications/Xcode.app/Contents/Developer/Toolchains/XcodeDefault.xctoolchain/usr/lib/swift/macosx/prebuilt-modules/26.4/IOKit.swiftmodule/x86_64-apple-macos.swiftmodule /Applications/Xcode.app/Contents/Developer/Toolchains/XcodeDefault.xctoolchain/usr/lib/swift/macosx/prebuilt-modules/26.4/Dispatch.swiftmodule/x86_64-apple-macos.swiftmodule /Applications/Xcode.app/Contents/Developer/Toolchains/XcodeDefault.xctoolchain/usr/lib/swift/macosx/prebuilt-modules/26.4/Metal.swiftmodule/x86_64-apple-macos.swiftmodule /Applications/Xcode.app/Contents/Developer/Toolchains/XcodeDefault.xctoolchain/usr/lib/swift/macosx/prebuilt-modules/26.4/AudioToolbox.swiftmodule/x86_64-apple-macos.swiftmodule /Applications/Xcode.app/Contents/Developer/Toolchains/XcodeDefault.xctoolchain/usr/lib/swift/macosx/prebuilt-modules/26.4/_StringProcessing.swiftmodule/x86_64-apple-macos.swiftmodule /Applications/Xcode.app/Contents/Developer/Toolchains/XcodeDefault.xctoolchain/usr/lib/swift/macosx/prebuilt-modules/26.4/CoreGraphics.swiftmodule/x86_64-apple-macos.swiftmodule /Applications/Xcode.app/Contents/Developer/Toolchains/XcodeDefault.xctoolchain/usr/lib/swift/macosx/prebuilt-modules/26.4/CoreText.swiftmodule/x86_64-apple-macos.swiftmodule /Applications/Xcode.app/Contents/Developer/Toolchains/XcodeDefault.xctoolchain/usr/lib/swift/macosx/prebuilt-modules/26.4/Accessibility.swiftmodule/x86_64-apple-macos.swiftmodule /Applications/Xcode.app/Contents/Developer/Toolchains/XcodeDefault.xctoolchain/usr/lib/swift/macosx/prebuilt-modules/26.4/PDFKit.swiftmodule/x86_64-apple-macos.swiftmodule /Applications/Xcode.app/Contents/Developer/Toolchains/XcodeDefault.xctoolchain/usr/lib/swift/macosx/prebuilt-modules/26.4/CoreAudio.swiftmodule/x86_64-apple-macos.swiftmodule /Applications/Xcode.app/Contents/Developer/Toolchains/XcodeDefault.xctoolchain/usr/lib/swift/macosx/prebuilt-modules/26.4/Symbols.swiftmodule/x86_64-apple-macos.swiftmodule /Applications/Xcode.app/Contents/Developer/Toolchains/XcodeDefault.xctoolchain/usr/lib/swift/macosx/prebuilt-modules/26.4/_DarwinFoundation3.swiftmodule/x86_64-apple-macos.swiftmodule /Applications/Xcode.app/Contents/Developer/Toolchains/XcodeDefault.xctoolchain/usr/lib/swift/macosx/prebuilt-modules/26.4/CoreMIDI.swiftmodule/x86_64-apple-macos.swiftmodule /Applications/Xcode.app/Contents/Developer/Toolchains/XcodeDefault.xctoolchain/usr/lib/swift/macosx/prebuilt-modules/26.4/Foundation.swiftmodule/x86_64-apple-macos.swiftmodule /Applications/Xcode.app/Contents/Developer/Toolchains/XcodeDefault.xctoolchain/usr/lib/swift/macosx/prebuilt-modules/26.4/AVFAudio.swiftmodule/x86_64-apple-macos.swiftmodule /Applications/Xcode.app/Contents/Developer/Toolchains/XcodeDefault.xctoolchain/usr/lib/swift/macosx/prebuilt-modules/26.4/UniformTypeIdentifiers.swiftmodule/x86_64-apple-macos.swiftmodule /Applications/Xcode.app/Contents/Developer/Toolchains/XcodeDefault.xctoolchain/usr/lib/swift/macosx/prebuilt-modules/26.4/simd.swiftmodule/x86_64-apple-macos.swiftmodule /Applications/Xcode.app/Contents/Developer/Toolchains/XcodeDefault.xctoolchain/usr/lib/swift/macosx/prebuilt-modules/26.4/CoreData.swiftmodule/x86_64-apple-macos.swiftmodule /Applications/Xcode.app/Contents/Developer/Toolchains/XcodeDefault.xctoolchain/usr/lib/swift/macosx/prebuilt-modules/26.4/Swift.swiftmodule/x86_64-apple-macos.swiftmodule /Applications/Xcode.app/Contents/Developer/Toolchains/XcodeDefault.xctoolchain/usr/lib/swift/macosx/prebuilt-modules/26.4/AppKit.swiftmodule/x86_64-apple-macos.swiftmodule /Applications/Xcode.app/Contents/Developer/Toolchains/XcodeDefault.xctoolchain/usr/lib/swift/macosx/prebuilt-modules/26.4/DeveloperToolsSupport.swiftmodule/x86_64-apple-macos.swiftmodule /Applications/Xcode.app/Contents/Developer/Toolchains/XcodeDefault.xctoolchain/usr/lib/swift/macosx/prebuilt-modules/26.4/Observation.swiftmodule/x86_64-apple-macos.swiftmodule /Applications/Xcode.app/Contents/Developer/Toolchains/XcodeDefault.xctoolchain/usr/lib/swift/macosx/prebuilt-modules/26.4/OSLog.swiftmodule/x86_64-apple-macos.swiftmodule /Applications/Xcode.app/Contents/Developer/Toolchains/XcodeDefault.xctoolchain/usr/lib/swift/macosx/prebuilt-modules/26.4/DataDetection.swiftmodule/x86_64-apple-macos.swiftmodule /Applications/Xcode.app/Contents/Developer/Toolchains/XcodeDefault.xctoolchain/usr/lib/swift/macosx/prebuilt-modules/26.4/_Concurrency.swiftmodule/x86_64-apple-macos.swiftmodule /Applications/Xcode.app/Contents/Developer/Toolchains/XcodeDefault.xctoolchain/usr/lib/swift/macosx/prebuilt-modules/26.4/Synchronization.swiftmodule/x86_64-apple-macos.swiftmodule /Applications/Xcode.app/Contents/Developer/Toolchains/XcodeDefault.xctoolchain/usr/lib/swift/macosx/prebuilt-modules/26.4/System.swiftmodule/x86_64-apple-macos.swiftmodule /Applications/Xcode.app/Contents/Developer/Toolchains/XcodeDefault.xctoolchain/usr/lib/swift/macosx/prebuilt-modules/26.4/Accelerate.swiftmodule/x86_64-apple-macos.swiftmodule /Applications/Xcode.app/Contents/Developer/Toolchains/XcodeDefault.xctoolchain/usr/lib/swift/macosx/prebuilt-modules/26.4/Darwin.swiftmodule/x86_64-apple-macos.swiftmodule /Applications/Xcode.app/Contents/Developer/Toolchains/XcodeDefault.xctoolchain/usr/lib/swift/macosx/prebuilt-modules/26.4/AVFoundation.swiftmodule/x86_64-apple-macos.swiftmodule /Applications/Xcode.app/Contents/Developer/Toolchains/XcodeDefault.xctoolchain/usr/lib/swift/macosx/prebuilt-modules/26.4/QuartzCore.swiftmodule/x86_64-apple-macos.swiftmodule /Applications/Xcode.app/Contents/Developer/Toolchains/XcodeDefault.xctoolchain/usr/lib/swift/macosx/prebuilt-modules/26.4/SwiftUICore.swiftmodule/x86_64-apple-macos.swiftmodule /Applications/Xcode.app/Contents/Developer/Toolchains/XcodeDefault.xctoolchain/usr/lib/swift/macosx/prebuilt-modules/26.4/CoreFoundation.swiftmodule/x86_64-apple-macos.swiftmodule /Applications/Xcode.app/Contents/Developer/Toolchains/XcodeDefault.xctoolchain/usr/lib/swift/macosx/prebuilt-modules/26.4/Vision.swiftmodule/x86_64-apple-macos.swiftmodule /Applications/Xcode.app/Contents/Developer/Toolchains/XcodeDefault.xctoolchain/usr/lib/swift/macosx/prebuilt-modules/26.4/CoreML.swiftmodule/x86_64-apple-macos.swiftmodule /Applications/Xcode.app/Contents/Developer/Toolchains/XcodeDefault.xctoolchain/usr/lib/swift/macosx/prebuilt-modules/26.4/Spatial.swiftmodule/x86_64-apple-macos.swiftmodule /Applications/Xcode.app/Contents/Developer/Toolchains/XcodeDefault.xctoolchain/usr/lib/swift/macosx/prebuilt-modules/26.4/_DarwinFoundation1.swiftmodule/x86_64-apple-macos.swiftmodule /Applications/Xcode.app/Contents/Developer/Toolchains/XcodeDefault.xctoolchain/usr/lib/swift/macosx/prebuilt-modules/26.4/SwiftUI.swiftmodule/x86_64-apple-macos.swiftmodule /Applications/Xcode.app/Contents/Developer/Toolchains/XcodeDefault.xctoolchain/usr/lib/swift/macosx/prebuilt-modules/26.4/CoreTransferable.swiftmodule/x86_64-apple-macos.swiftmodule /Applications/Xcode.app/Contents/Developer/Toolchains/XcodeDefault.xctoolchain/usr/lib/swift/macosx/prebuilt-modules/26.4/_DarwinFoundation2.swiftmodule/x86_64-apple-macos.swiftmodule /Applications/Xcode.app/Contents/Developer/Toolchains/XcodeDefault.xctoolchain/usr/lib/swift/macosx/prebuilt-modules/26.4/_Builtin_float.swiftmodule/x86_64-apple-macos.swiftmodule /Applications/Xcode.app/Contents/Developer/Toolchains/XcodeDefault.xctoolchain/usr/lib/swift/macosx/prebuilt-modules/26.4/CoreImage.swiftmodule/x86_64-apple-macos.swiftmodule /Users/patpateephangern/Documents/Exam\ Timing\ System/Exam\ Timing\ System/build/SwiftExplicitPrecompiledModules/CoreServices-44SDMZJCNE6JQ0V3VD7CZ8BMJ.pcm /Users/patpateephangern/Documents/Exam\ Timing\ System/Exam\ Timing\ System/build/SwiftExplicitPrecompiledModules/Metal-4CY926PV7FW8KH9WJEPPGDGTQ.pcm /Users/patpateephangern/Documents/Exam\ Timing\ System/Exam\ Timing\ System/build/SwiftExplicitPrecompiledModules/_Builtin_stddef-30JIWEYXADJQ17M7CCLY025D4.pcm /Users/patpateephangern/Documents/Exam\ Timing\ System/Exam\ Timing\ System/build/SwiftExplicitPrecompiledModules/MachO-B7GDY1LLFCPYO2D0RQ8HBF2UA.pcm /Users/patpateephangern/Documents/Exam\ Timing\ System/Exam\ Timing\ System/build/SwiftExplicitPrecompiledModules/_AvailabilityInternal-AR433LRAGPPCE7OPDHXVBTF3.pcm /Users/patpateephangern/Documents/Exam\ Timing\ System/Exam\ Timing\ System/build/SwiftExplicitPrecompiledModules/_Builtin_tgmath-78AUP92V6BZ83Q8TKTXHUPDAK.pcm /Users/patpateephangern/Documents/Exam\ Timing\ System/Exam\ Timing\ System/build/SwiftExplicitPrecompiledModules/Foundation-EV5UHOLS7L8HNALT8H9A30OF1.pcm /Users/patpateephangern/Documents/Exam\ Timing\ System/Exam\ Timing\ System/build/SwiftExplicitPrecompiledModules/OSLog-7IERVYGZMPR369FD38NDSOPPV.pcm /Users/patpateephangern/Documents/Exam\ Timing\ System/Exam\ Timing\ System/build/SwiftExplicitPrecompiledModules/Security-70ZL8CP4G11AYC2HAQ6IV2PTW.pcm /Users/patpateephangern/Documents/Exam\ Timing\ System/Exam\ Timing\ System/build/SwiftExplicitPrecompiledModules/AVFoundation-EJF6G3GGNGKY3LFJ1NDU28ZZ9.pcm /Users/patpateephangern/Documents/Exam\ Timing\ System/Exam\ Timing\ System/build/SwiftExplicitPrecompiledModules/DeveloperToolsSupport-3FECHKM9LL2G4O86G8EWK077M.pcm /Users/patpateephangern/Documents/Exam\ Timing\ System/Exam\ Timing\ System/build/SwiftExplicitPrecompiledModules/ptrcheck-L4POWFVKDT1TICNWBSVFYC3E.pcm /Users/patpateephangern/Documents/Exam\ Timing\ System/Exam\ Timing\ System/build/SwiftExplicitPrecompiledModules/ColorSync-92ADWERS46RJF0UP012PEZDT3.pcm /Users/patpateephangern/Documents/Exam\ Timing\ System/Exam\ Timing\ System/build/SwiftExplicitPrecompiledModules/_Builtin_limits-64C7N54FWYBYCLH1LBPVID5L3.pcm /Users/patpateephangern/Documents/Exam\ Timing\ System/Exam\ Timing\ System/build/SwiftExplicitPrecompiledModules/AVFAudio-4EDTO7QYJVUZBPO16VZ4R5Q5B.pcm /Users/patpateephangern/Documents/Exam\ Timing\ System/Exam\ Timing\ System/build/SwiftExplicitPrecompiledModules/_DarwinFoundation2-BKUN88YJ5A1XUI78G93ML14OW.pcm /Users/patpateephangern/Documents/Exam\ Timing\ System/Exam\ Timing\ System/build/SwiftExplicitPrecompiledModules/ptrauth-BY1KXN33IQEIUFY15H50209YO.pcm /Users/patpateephangern/Documents/Exam\ Timing\ System/Exam\ Timing\ System/build/SwiftExplicitPrecompiledModules/CoreFoundation-A6XNANV1XZ55V0N0U8UEME95L.pcm /Users/patpateephangern/Documents/Exam\ Timing\ System/Exam\ Timing\ System/build/SwiftExplicitPrecompiledModules/launch-DMD4MB7K71ORAHF224SD5RM14.pcm /Users/patpateephangern/Documents/Exam\ Timing\ System/Exam\ Timing\ System/build/SwiftExplicitPrecompiledModules/AppKit-CIZ8ABGYXWBDBSRPKFKIF24JT.pcm /Users/patpateephangern/Documents/Exam\ Timing\ System/Exam\ Timing\ System/build/SwiftExplicitPrecompiledModules/os_workgroup-6YRJCDU6YN5MHBL7B61WAU50H.pcm /Users/patpateephangern/Documents/Exam\ Timing\ System/Exam\ Timing\ System/build/SwiftExplicitPrecompiledModules/PDFKit-2SVBXJC7B3TAZEDNOKK7WYF3E.pcm /Users/patpateephangern/Documents/Exam\ Timing\ System/Exam\ Timing\ System/build/SwiftExplicitPrecompiledModules/CoreData-CMKI3QZ2T26L0X3UVW8ZW7310.pcm /Users/patpateephangern/Documents/Exam\ Timing\ System/Exam\ Timing\ System/build/SwiftExplicitPrecompiledModules/Spatial-9ZYWLUUM77Q98OUNE52HOIFTV.pcm /Users/patpateephangern/Documents/Exam\ Timing\ System/Exam\ Timing\ System/build/SwiftExplicitPrecompiledModules/Darwin-7HXH11CHCBA42RSJZ0H2V6EG4.pcm /Users/patpateephangern/Documents/Exam\ Timing\ System/Exam\ Timing\ System/build/SwiftExplicitPrecompiledModules/Carbon-6K1F0EKKC7CSA7TDEV7VCFN96.pcm /Users/patpateephangern/Documents/Exam\ Timing\ System/Exam\ Timing\ System/build/SwiftExplicitPrecompiledModules/Accessibility-7W4QQGJLL8ARG1TMLBXQJV7Y5.pcm /Users/patpateephangern/Documents/Exam\ Timing\ System/Exam\ Timing\ System/build/SwiftExplicitPrecompiledModules/DiskArbitration-208XO5HH3RANDWHE6GK99SGSA.pcm /Users/patpateephangern/Documents/Exam\ Timing\ System/Exam\ Timing\ System/build/SwiftExplicitPrecompiledModules/CoreGraphics-60ME3NKJFHP0FYQGTSTU69D1.pcm /Users/patpateephangern/Documents/Exam\ Timing\ System/Exam\ Timing\ System/build/SwiftExplicitPrecompiledModules/CFNetwork-4GYTGS52M9UAYPY0CJN59HB0W.pcm /Users/patpateephangern/Documents/Exam\ Timing\ System/Exam\ Timing\ System/build/SwiftExplicitPrecompiledModules/MediaToolbox-9PFI2JIMVXCT01JTCVWT1PTVA.pcm /Users/patpateephangern/Documents/Exam\ Timing\ System/Exam\ Timing\ System/build/SwiftExplicitPrecompiledModules/os_object-DQW0OBR7EJOXI5NMLRRNK69M7.pcm /Users/patpateephangern/Documents/Exam\ Timing\ System/Exam\ Timing\ System/build/SwiftExplicitPrecompiledModules/os-5YGTTBULLNEWCI4HIB8II80OQ.pcm /Users/patpateephangern/Documents/Exam\ Timing\ System/Exam\ Timing\ System/build/SwiftExplicitPrecompiledModules/IOKit-F21UWSO3N0K6PK38HESGS508L.pcm /Users/patpateephangern/Documents/Exam\ Timing\ System/Exam\ Timing\ System/build/SwiftExplicitPrecompiledModules/sys_types-4Y64ULO6DEOAWQCAP07VWFF0L.pcm /Users/patpateephangern/Documents/Exam\ Timing\ System/Exam\ Timing\ System/build/SwiftExplicitPrecompiledModules/CoreImage-3YYEHLSK94WTXTNHL3YUSJT8J.pcm /Users/patpateephangern/Documents/Exam\ Timing\ System/Exam\ Timing\ System/build/SwiftExplicitPrecompiledModules/SwiftUI-3IF0KX5XANNXRZPS921KO94EN.pcm /Users/patpateephangern/Documents/Exam\ Timing\ System/Exam\ Timing\ System/build/SwiftExplicitPrecompiledModules/OpenGL-8MN4SYA0KCZXNG5VFJ305YESI.pcm /Users/patpateephangern/Documents/Exam\ Timing\ System/Exam\ Timing\ System/build/SwiftExplicitPrecompiledModules/IOSurface-DHNT77A2LXMRVDNHI9YKHMAFE.pcm /Users/patpateephangern/Documents/Exam\ Timing\ System/Exam\ Timing\ System/build/SwiftExplicitPrecompiledModules/_Builtin_inttypes-3HQ0QM3EXPFNOVC7NYKES0LE9.pcm /Users/patpateephangern/Documents/Exam\ Timing\ System/Exam\ Timing\ System/build/SwiftExplicitPrecompiledModules/Dispatch-F2WBM38APHK1HI8W1TLLHZFQZ.pcm /Users/patpateephangern/Documents/Exam\ Timing\ System/Exam\ Timing\ System/build/SwiftExplicitPrecompiledModules/DataDetection-EOKSSCF0LMKJN0M68QUZEN3UL.pcm /Users/patpateephangern/Documents/Exam\ Timing\ System/Exam\ Timing\ System/build/SwiftExplicitPrecompiledModules/CoreMedia-44KD2TIQZ638X1OLAU67E1K3.pcm /Users/patpateephangern/Documents/Exam\ Timing\ System/Exam\ Timing\ System/build/SwiftExplicitPrecompiledModules/_Builtin_stdbool-ANWXDESYBW53GLH9WE82GCK5Q.pcm /Users/patpateephangern/Documents/Exam\ Timing\ System/Exam\ Timing\ System/build/SwiftExplicitPrecompiledModules/UniformTypeIdentifiers-81UU13RANDTQU72M0AOLYLRM6.pcm /Users/patpateephangern/Documents/Exam\ Timing\ System/Exam\ Timing\ System/build/SwiftExplicitPrecompiledModules/CoreML-2SWV62VICALTL0HCL2FUD7YU7.pcm /Users/patpateephangern/Documents/Exam\ Timing\ System/Exam\ Timing\ System/build/SwiftExplicitPrecompiledModules/Symbols-5J8H6UNQB7S5RZ1W8KSOZHK2G.pcm /Users/patpateephangern/Documents/Exam\ Timing\ System/Exam\ Timing\ System/build/SwiftExplicitPrecompiledModules/_Builtin_float-A61QZMPLMKOKVXQ5SCJFQ0L7B.pcm /Users/patpateephangern/Documents/Exam\ Timing\ System/Exam\ Timing\ System/build/SwiftExplicitPrecompiledModules/_DarwinFoundation1-3RCCAJGPB1VHWZFP7JA15YS7I.pcm /Users/patpateephangern/Documents/Exam\ Timing\ System/Exam\ Timing\ System/build/SwiftExplicitPrecompiledModules/CoreMIDI-7HBFGXKAUODES7YY1XENE4HP8.pcm /Users/patpateephangern/Documents/Exam\ Timing\ System/Exam\ Timing\ System/build/SwiftExplicitPrecompiledModules/_Builtin_stdatomic-9903WG0CGEWGNN70HR9RT7RZD.pcm /Users/patpateephangern/Documents/Exam\ Timing\ System/Exam\ Timing\ System/build/SwiftExplicitPrecompiledModules/CoreText-DUK2KGL95DEKM1942Y21TB6X5.pcm /Users/patpateephangern/Documents/Exam\ Timing\ System/Exam\ Timing\ System/build/SwiftExplicitPrecompiledModules/_DarwinFoundation3-149PMO0HRYAVDY3VANUFS769U.pcm /Users/patpateephangern/Documents/Exam\ Timing\ System/Exam\ Timing\ System/build/SwiftExplicitPrecompiledModules/CoreTransferable-58OTD3DB54ZI50J84837CUJDR.pcm /Users/patpateephangern/Documents/Exam\ Timing\ System/Exam\ Timing\ System/build/SwiftExplicitPrecompiledModules/AudioToolbox-BAQCPNOGA4OK9ZTJ9NKBYKDAC.pcm /Users/patpateephangern/Documents/Exam\ Timing\ System/Exam\ Timing\ System/build/SwiftExplicitPrecompiledModules/SwiftShims-4Q9PX8ZRX3HT6ONWTWTATEUUM.pcm /Users/patpateephangern/Documents/Exam\ Timing\ System/Exam\ Timing\ System/build/SwiftExplicitPrecompiledModules/ApplicationServices-VB5HJAA3AT6TDSJGILXAPT3P.pcm /Users/patpateephangern/Documents/Exam\ Timing\ System/Exam\ Timing\ System/build/SwiftExplicitPrecompiledModules/CoreVideo-CQKW5G5W9E3WAHQ2SOEMFITHH.pcm /Users/patpateephangern/Documents/Exam\ Timing\ System/Exam\ Timing\ System/build/SwiftExplicitPrecompiledModules/libkern-CAZX8ZTHB31WWYAW5SNOEL911.pcm /Users/patpateephangern/Documents/Exam\ Timing\ System/Exam\ Timing\ System/build/SwiftExplicitPrecompiledModules/CoreAudio-9P2V9ZOP73BEYVRJ4STV0ERZJ.pcm /Users/patpateephangern/Documents/Exam\ Timing\ System/Exam\ Timing\ System/build/SwiftExplicitPrecompiledModules/ImageIO-CTB2LANFQ1T99YLBFGRTUKCFM.pcm /Users/patpateephangern/Documents/Exam\ Timing\ System/Exam\ Timing\ System/build/SwiftExplicitPrecompiledModules/Cocoa-A3DRY9Z9GTGEYUDUUGYIAJTET.pcm /Users/patpateephangern/Documents/Exam\ Timing\ System/Exam\ Timing\ System/build/SwiftExplicitPrecompiledModules/_Builtin_intrinsics-EQTLDVSFEE3LT9D6ZCPT754LT.pcm /Users/patpateephangern/Documents/Exam\ Timing\ System/Exam\ Timing\ System/build/SwiftExplicitPrecompiledModules/libDER-5LOQV724EUJYR72GF4V1XYIRF.pcm /Users/patpateephangern/Documents/Exam\ Timing\ System/Exam\ Timing\ System/build/SwiftExplicitPrecompiledModules/Vision-AQ50BMRECJT5KYGJ2VAUPNK7U.pcm /Users/patpateephangern/Documents/Exam\ Timing\ System/Exam\ Timing\ System/build/SwiftExplicitPrecompiledModules/simd-BCQIZ0QZX4QV6SM3H9D48LLBU.pcm /Users/patpateephangern/Documents/Exam\ Timing\ System/Exam\ Timing\ System/build/SwiftExplicitPrecompiledModules/_Builtin_stdarg-6U5B13RLVE4DOJN88PT0GQ6SV.pcm /Users/patpateephangern/Documents/Exam\ Timing\ System/Exam\ Timing\ System/build/SwiftExplicitPrecompiledModules/_SwiftConcurrencyShims-5I7JL6IPI2TO3XNQIDM3TVDEB.pcm /Users/patpateephangern/Documents/Exam\ Timing\ System/Exam\ Timing\ System/build/SwiftExplicitPrecompiledModules/XPC-2DTSDYX280H80I4DFBELK81I7.pcm /Users/patpateephangern/Documents/Exam\ Timing\ System/Exam\ Timing\ System/build/SwiftExplicitPrecompiledModules/ObjectiveC-A83P4CG0Z9BQZIDI1GK5KJX14.pcm /Users/patpateephangern/Documents/Exam\ Timing\ System/Exam\ Timing\ System/build/SwiftExplicitPrecompiledModules/CUPS-189IPXGNGGXNGJOV0GFSURBSN.pcm /Users/patpateephangern/Documents/Exam\ Timing\ System/Exam\ Timing\ System/build/SwiftExplicitPrecompiledModules/_Builtin_stdint-2TCBOPITZB25Y65NZIT9W3947.pcm /Users/patpateephangern/Documents/Exam\ Timing\ System/Exam\ Timing\ System/build/SwiftExplicitPrecompiledModules/CoreAudioTypes-4K6FO5NWUHU8EUH42I8NKJ56U.pcm /Users/patpateephangern/Documents/Exam\ Timing\ System/Exam\ Timing\ System/build/SwiftExplicitPrecompiledModules/SwiftUICore-FWXWFIMIE7LV86TWJ6M9HQ1E.pcm /Users/patpateephangern/Documents/Exam\ Timing\ System/Exam\ Timing\ System/build/SwiftExplicitPrecompiledModules/QuartzCore-6SI914H83VNDM12504CRUPGO1.pcm /Users/patpateephangern/Documents/Exam\ Timing\ System/Exam\ Timing\ System/build/SwiftExplicitPrecompiledModules/Accelerate-8KDL2CQUNPDXUM9TIM1C2B6VR.pcm /Users/patpateephangern/Documents/Exam\ Timing\ System/Exam\ Timing\ System/build/Past\ Papers\ Tracking\ System.build/Release/Past\ Papers\ Tracking\ System.build/Objects-normal/x86_64/Past_Papers_Tracking_System-dependencies-2.json (in target 'Past Papers Tracking System' from project 'Past Papers Tracking System')

CompileSwift normal x86_64 (in target 'Past Papers Tracking System' from project 'Past Papers Tracking System')
    cd /Users/patpateephangern/Documents/Exam\ Timing\ System/Exam\ Timing\ System
    
/Users/patpateephangern/Documents/Exam Timing System/Exam Timing System/Past Papers Tracking System/PaperTracker/Reports/ReportSetupSheet.swift:310:48: warning: main actor-isolated static method 'generate(config:context:)' cannot be called from outside of the actor; this is an error in the Swift 6 language mode
            let data = PerformanceReportEngine.generate(config: cfg, context: context)
                       ~~~~~~~~~~~~~~~~~~~~~~~~^~~~~~~~~~~~~~~~~~~~~~~~~~~~~~~~~~~~~~~
                       await 
/Users/patpateephangern/Documents/Exam Timing System/Exam Timing System/Past Papers Tracking System/PaperTracker/Views/DQAMainView.swift:758:10: warning: 'onChange(of:perform:)' was deprecated in macOS 14.0: Use `onChange` with a two or zero parameter action closure instead.
        .onChange(of: record.committedDate) { _ in syncMonthDisplay() }
         ^
/Users/patpateephangern/Documents/Exam Timing System/Exam Timing System/Past Papers Tracking System/PaperTracker/Views/DQASetupSheet.swift:159:10: warning: 'onChange(of:perform:)' was deprecated in macOS 14.0: Use `onChange` with a two or zero parameter action closure instead.
        .onChange(of: alphaSubjectID) { _ in alphaPaperID = nil; alphaAttemptID = nil; resetShared() }
         ^
/Users/patpateephangern/Documents/Exam Timing System/Exam Timing System/Past Papers Tracking System/PaperTracker/Views/DQASetupSheet.swift:160:10: warning: 'onChange(of:perform:)' was deprecated in macOS 14.0: Use `onChange` with a two or zero parameter action closure instead.
        .onChange(of: alphaPaperID)   { _ in alphaAttemptID = alphaAttempts.last?.objectID; resetShared(); loadPreview() }
         ^
/Users/patpateephangern/Documents/Exam Timing System/Exam Timing System/Past Papers Tracking System/PaperTracker/Views/DQASetupSheet.swift:161:10: warning: 'onChange(of:perform:)' was deprecated in macOS 14.0: Use `onChange` with a two or zero parameter action closure instead.
        .onChange(of: alphaAttemptID) { _ in resetShared(); loadPreview() }
         ^
/Users/patpateephangern/Documents/Exam Timing System/Exam Timing System/Past Papers Tracking System/PaperTracker/Views/DQASetupSheet.swift:162:10: warning: 'onChange(of:perform:)' was deprecated in macOS 14.0: Use `onChange` with a two or zero parameter action closure instead.
        .onChange(of: betaAttempt)    { _ in resetShared(); loadPreview() }
         ^
/Users/patpateephangern/Documents/Exam Timing System/Exam Timing System/Past Papers Tracking System/PaperTracker/Views/StartNewPaperView.swift:384:33: warning: immutable value 'subject' was never used; consider replacing with '_' or removing it
        guard !raw.isEmpty, let subject = selectedSubject else { return }
                            ~~~~^~~~~~~
                            _
/Users/patpateephangern/Documents/Exam Timing System/Exam Timing System/Past Papers Tracking System/PaperTracker/Views/SubjectManagerView.swift:168:20: warning: value 'date' was defined but never used; consider replacing with boolean test
            if let date = subject[keyPath: keyPath] {
               ~~~~^~~~~~~
                                                    != nil

SwiftExplicitDependencyGeneratePcm arm64 /Users/patpateephangern/Documents/Exam\ Timing\ System/Exam\ Timing\ System/build/SwiftExplicitPrecompiledModules/SwiftUI-CFX8Q40WHOQ8YKB8KWF91ONOU.pcm

SwiftExplicitDependencyGeneratePcm arm64 /Users/patpateephangern/Documents/Exam\ Timing\ System/Exam\ Timing\ System/build/SwiftExplicitPrecompiledModules/Cocoa-YSD35IYEUU4WD0DHAB6BER73.pcm

SwiftExplicitDependencyGeneratePcm arm64 /Users/patpateephangern/Documents/Exam\ Timing\ System/Exam\ Timing\ System/build/SwiftExplicitPrecompiledModules/PDFKit-4JDGM9ALPAWDZRR8RGW2H1PLO.pcm

SwiftCompile normal arm64 Compiling\ AttemptMO.swift,\ BackupManifest.swift,\ DifficultQuestionsArchiveMO.swift,\ ETSEventLogMO.swift,\ GradeThresholdTableMO.swift,\ PaperMO.swift,\ PersistenceController.swift,\ PersistenceController+Backup.swift,\ QuestionStructureMO.swift,\ SubjectMO.swift,\ BarcodeGenerator.swift,\ ETSPDFReceiptGenerator.swift,\ PDFDocumentGenerator.swift,\ AttemptNumberCoordinator.swift,\ DurationParser.swift,\ ETSTimerEngine.swift,\ SeriesNormalizationEngine.swift,\ PerformanceReportEngine.swift,\ ReportSetupSheet.swift,\ ReportWindowController.swift,\ FileOrganizationPipeline.swift,\ VisionBarcodeScanner.swift,\ AutoBackupService.swift,\ LANPrintRouter.swift,\ GradeThresholdSheet.swift,\ ManualBarcodeEntrySheet.swift,\ PDFPageMappingPanel.swift,\ PDFViewerSheet.swift,\ SearchableComboBox.swift,\ ETSLaunchView.swift,\ ETSPostSessionView.swift,\ ETSQuestionSetupSheet.swift,\ ETSSessionView.swift,\ AttemptDetailView.swift,\ BackupManagerView.swift,\ CompleteLogsView.swift,\ DQAHelpers.swift,\ DQAMainView.swift,\ DQAPrintManager.swift,\ DQASetupSheet.swift,\ DQAWindowController.swift,\ DSPrintingView.swift,\ DSPrintWindowController.swift,\ EPENMarkingView.swift,\ OCRVerificationView.swift,\ PapersMappingView.swift,\ PapersMappingWindowController.swift,\ PaperTrackerRootView.swift,\ PaperTrackerSettingsView.swift,\ PDFFloatingWindowController.swift,\ PDFPageMappingWindowController.swift,\ StartNewPaperView.swift,\ SubjectManagerView.swift,\ SummaryView.swift,\ ValidationPaneView.swift,\ ContentView.swift,\ DocumentationDataFlowDiagram.swift,\ EngineTimingEngine.swift,\ ExportPDFExporter.swift,\ ModelsAppSettings.swift,\ ModelsExamModels.swift,\ ModelsExamModelsExtensions.swift,\ PastPapersTrackingSystemApp.swift,\ UtilitiesKeyboardShortcuts.swift,\ ViewsActiveSessionView.swift,\ ViewsPerformanceLogView.swift,\ ViewsSessionSetupView.swift,\ ViewsSettingsView.swift,\ ViewsShortcutReferenceView.swift,\ GeneratedAssetSymbols.swift /Users/patpateephangern/Documents/Exam\ Timing\ System/Exam\ Timing\ System/Past\ Papers\ Tracking\ System/PaperTracker/Data/AttemptMO.swift /Users/patpateephangern/Documents/Exam\ Timing\ System/Exam\ Timing\ System/Past\ Papers\ Tracking\ System/PaperTracker/Data/BackupManifest.swift /Users/patpateephangern/Documents/Exam\ Timing\ System/Exam\ Timing\ System/Past\ Papers\ Tracking\ System/PaperTracker/Data/DifficultQuestionsArchiveMO.swift /Users/patpateephangern/Documents/Exam\ Timing\ System/Exam\ Timing\ System/Past\ Papers\ Tracking\ System/PaperTracker/Data/ETSEventLogMO.swift /Users/patpateephangern/Documents/Exam\ Timing\ System/Exam\ Timing\ System/Past\ Papers\ Tracking\ System/PaperTracker/Data/GradeThresholdTableMO.swift /Users/patpateephangern/Documents/Exam\ Timing\ System/Exam\ Timing\ System/Past\ Papers\ Tracking\ System/PaperTracker/Data/PaperMO.swift /Users/patpateephangern/Documents/Exam\ Timing\ System/Exam\ Timing\ System/Past\ Papers\ Tracking\ System/PaperTracker/Data/PersistenceController.swift /Users/patpateephangern/Documents/Exam\ Timing\ System/Exam\ Timing\ System/Past\ Papers\ Tracking\ System/PaperTracker/Data/PersistenceController+Backup.swift /Users/patpateephangern/Documents/Exam\ Timing\ System/Exam\ Timing\ System/Past\ Papers\ Tracking\ System/PaperTracker/Data/QuestionStructureMO.swift /Users/patpateephangern/Documents/Exam\ Timing\ System/Exam\ Timing\ System/Past\ Papers\ Tracking\ System/PaperTracker/Data/SubjectMO.swift /Users/patpateephangern/Documents/Exam\ Timing\ System/Exam\ Timing\ System/Past\ Papers\ Tracking\ System/PaperTracker/Documents/BarcodeGenerator.swift /Users/patpateephangern/Documents/Exam\ Timing\ System/Exam\ Timing\ System/Past\ Papers\ Tracking\ System/PaperTracker/Documents/ETSPDFReceiptGenerator.swift /Users/patpateephangern/Documents/Exam\ Timing\ System/Exam\ Timing\ System/Past\ Papers\ Tracking\ System/PaperTracker/Documents/PDFDocumentGenerator.swift /Users/patpateephangern/Documents/Exam\ Timing\ System/Exam\ Timing\ System/Past\ Papers\ Tracking\ System/PaperTracker/Engines/AttemptNumberCoordinator.swift /Users/patpateephangern/Documents/Exam\ Timing\ System/Exam\ Timing\ System/Past\ Papers\ Tracking\ System/PaperTracker/Engines/DurationParser.swift /Users/patpateephangern/Documents/Exam\ Timing\ System/Exam\ Timing\ System/Past\ Papers\ Tracking\ System/PaperTracker/Engines/ETSTimerEngine.swift /Users/patpateephangern/Documents/Exam\ Timing\ System/Exam\ Timing\ System/Past\ Papers\ Tracking\ System/PaperTracker/Engines/SeriesNormalizationEngine.swift /Users/patpateephangern/Documents/Exam\ Timing\ System/Exam\ Timing\ System/Past\ Papers\ Tracking\ System/PaperTracker/Reports/PerformanceReportEngine.swift /Users/patpateephangern/Documents/Exam\ Timing\ System/Exam\ Timing\ System/Past\ Papers\ Tracking\ System/PaperTracker/Reports/ReportSetupSheet.swift /Users/patpateephangern/Documents/Exam\ Timing\ System/Exam\ Timing\ System/Past\ Papers\ Tracking\ System/PaperTracker/Reports/ReportWindowController.swift /Users/patpateephangern/Documents/Exam\ Timing\ System/Exam\ Timing\ System/Past\ Papers\ Tracking\ System/PaperTracker/Scanning/FileOrganizationPipeline.swift /Users/patpateephangern/Documents/Exam\ Timing\ System/Exam\ Timing\ System/Past\ Papers\ Tracking\ System/PaperTracker/Scanning/VisionBarcodeScanner.swift /Users/patpateephangern/Documents/Exam\ Timing\ System/Exam\ Timing\ System/Past\ Papers\ Tracking\ System/PaperTracker/Services/AutoBackupService.swift /Users/patpateephangern/Documents/Exam\ Timing\ System/Exam\ Timing\ System/Past\ Papers\ Tracking\ System/PaperTracker/Services/LANPrintRouter.swift /Users/patpateephangern/Documents/Exam\ Timing\ System/Exam\ Timing\ System/Past\ Papers\ Tracking\ System/PaperTracker/Views/Components/GradeThresholdSheet.swift /Users/patpateephangern/Documents/Exam\ Timing\ System/Exam\ Timing\ System/Past\ Papers\ Tracking\ System/PaperTracker/Views/Components/ManualBarcodeEntrySheet.swift /Users/patpateephangern/Documents/Exam\ Timing\ System/Exam\ Timing\ System/Past\ Papers\ Tracking\ System/PaperTracker/Views/Components/PDFPageMappingPanel.swift /Users/patpateephangern/Documents/Exam\ Timing\ System/Exam\ Timing\ System/Past\ Papers\ Tracking\ System/PaperTracker/Views/Components/PDFViewerSheet.swift /Users/patpateephangern/Documents/Exam\ Timing\ System/Exam\ Timing\ System/Past\ Papers\ Tracking\ System/PaperTracker/Views/Components/SearchableComboBox.swift /Users/patpateephangern/Documents/Exam\ Timing\ System/Exam\ Timing\ System/Past\ Papers\ Tracking\ System/PaperTracker/Views/ETS/ETSLaunchView.swift /Users/patpateephangern/Documents/Exam\ Timing\ System/Exam\ Timing\ System/Past\ Papers\ Tracking\ System/PaperTracker/Views/ETS/ETSPostSessionView.swift /Users/patpateephangern/Documents/Exam\ Timing\ System/Exam\ Timing\ System/Past\ Papers\ Tracking\ System/PaperTracker/Views/ETS/ETSQuestionSetupSheet.swift /Users/patpateephangern/Documents/Exam\ Timing\ System/Exam\ Timing\ System/Past\ Papers\ Tracking\ System/PaperTracker/Views/ETS/ETSSessionView.swift /Users/patpateephangern/Documents/Exam\ Timing\ System/Exam\ Timing\ System/Past\ Papers\ Tracking\ System/PaperTracker/Views/AttemptDetailView.swift /Users/patpateephangern/Documents/Exam\ Timing\ System/Exam\ Timing\ System/Past\ Papers\ Tracking\ System/PaperTracker/Views/BackupManagerView.swift /Users/patpateephangern/Documents/Exam\ Timing\ System/Exam\ Timing\ System/Past\ Papers\ Tracking\ System/PaperTracker/Views/CompleteLogsView.swift /Users/patpateephangern/Documents/Exam\ Timing\ System/Exam\ Timing\ System/Past\ Papers\ Tracking\ System/PaperTracker/Views/DQAHelpers.swift /Users/patpateephangern/Documents/Exam\ Timing\ System/Exam\ Timing\ System/Past\ Papers\ Tracking\ System/PaperTracker/Views/DQAMainView.swift /Users/patpateephangern/Documents/Exam\ Timing\ System/Exam\ Timing\ System/Past\ Papers\ Tracking\ System/PaperTracker/Views/DQAPrintManager.swift /Users/patpateephangern/Documents/Exam\ Timing\ System/Exam\ Timing\ System/Past\ Papers\ Tracking\ System/PaperTracker/Views/DQASetupSheet.swift /Users/patpateephangern/Documents/Exam\ Timing\ System/Exam\ Timing\ System/Past\ Papers\ Tracking\ System/PaperTracker/Views/DQAWindowController.swift /Users/patpateephangern/Documents/Exam\ Timing\ System/Exam\ Timing\ System/Past\ Papers\ Tracking\ System/PaperTracker/Views/DSPrintingView.swift /Users/patpateephangern/Documents/Exam\ Timing\ System/Exam\ Timing\ System/Past\ Papers\ Tracking\ System/PaperTracker/Views/DSPrintWindowController.swift /Users/patpateephangern/Documents/Exam\ Timing\ System/Exam\ Timing\ System/Past\ Papers\ Tracking\ System/PaperTracker/Views/EPENMarkingView.swift /Users/patpateephangern/Documents/Exam\ Timing\ System/Exam\ Timing\ System/Past\ Papers\ Tracking\ System/PaperTracker/Views/OCRVerificationView.swift /Users/patpateephangern/Documents/Exam\ Timing\ System/Exam\ Timing\ System/Past\ Papers\ Tracking\ System/PaperTracker/Views/PapersMappingView.swift /Users/patpateephangern/Documents/Exam\ Timing\ System/Exam\ Timing\ System/Past\ Papers\ Tracking\ System/PaperTracker/Views/PapersMappingWindowController.swift /Users/patpateephangern/Documents/Exam\ Timing\ System/Exam\ Timing\ System/Past\ Papers\ Tracking\ System/PaperTracker/Views/PaperTrackerRootView.swift /Users/patpateephangern/Documents/Exam\ Timing\ System/Exam\ Timing\ System/Past\ Papers\ Tracking\ System/PaperTracker/Views/PaperTrackerSettingsView.swift /Users/patpateephangern/Documents/Exam\ Timing\ System/Exam\ Timing\ System/Past\ Papers\ Tracking\ System/PaperTracker/Views/PDFFloatingWindowController.swift /Users/patpateephangern/Documents/Exam\ Timing\ System/Exam\ Timing\ System/Past\ Papers\ Tracking\ System/PaperTracker/Views/PDFPageMappingWindowController.swift /Users/patpateephangern/Documents/Exam\ Timing\ System/Exam\ Timing\ System/Past\ Papers\ Tracking\ System/PaperTracker/Views/StartNewPaperView.swift /Users/patpateephangern/Documents/Exam\ Timing\ System/Exam\ Timing\ System/Past\ Papers\ Tracking\ System/PaperTracker/Views/SubjectManagerView.swift /Users/patpateephangern/Documents/Exam\ Timing\ System/Exam\ Timing\ System/Past\ Papers\ Tracking\ System/PaperTracker/Views/SummaryView.swift /Users/patpateephangern/Documents/Exam\ Timing\ System/Exam\ Timing\ System/Past\ Papers\ Tracking\ System/PaperTracker/Views/ValidationPaneView.swift /Users/patpateephangern/Documents/Exam\ Timing\ System/Exam\ Timing\ System/Past\ Papers\ Tracking\ System/ContentView.swift /Users/patpateephangern/Documents/Exam\ Timing\ System/Exam\ Timing\ System/Past\ Papers\ Tracking\ System/DocumentationDataFlowDiagram.swift /Users/patpateephangern/Documents/Exam\ Timing\ System/Exam\ Timing\ System/Past\ Papers\ Tracking\ System/EngineTimingEngine.swift /Users/patpateephangern/Documents/Exam\ Timing\ System/Exam\ Timing\ System/Past\ Papers\ Tracking\ System/ExportPDFExporter.swift /Users/patpateephangern/Documents/Exam\ Timing\ System/Exam\ Timing\ System/Past\ Papers\ Tracking\ System/ModelsAppSettings.swift /Users/patpateephangern/Documents/Exam\ Timing\ System/Exam\ Timing\ System/Past\ Papers\ Tracking\ System/ModelsExamModels.swift /Users/patpateephangern/Documents/Exam\ Timing\ System/Exam\ Timing\ System/Past\ Papers\ Tracking\ System/ModelsExamModelsExtensions.swift /Users/patpateephangern/Documents/Exam\ Timing\ System/Exam\ Timing\ System/Past\ Papers\ Tracking\ System/PastPapersTrackingSystemApp.swift /Users/patpateephangern/Documents/Exam\ Timing\ System/Exam\ Timing\ System/Past\ Papers\ Tracking\ System/UtilitiesKeyboardShortcuts.swift /Users/patpateephangern/Documents/Exam\ Timing\ System/Exam\ Timing\ System/Past\ Papers\ Tracking\ System/ViewsActiveSessionView.swift /Users/patpateephangern/Documents/Exam\ Timing\ System/Exam\ Timing\ System/Past\ Papers\ Tracking\ System/ViewsPerformanceLogView.swift /Users/patpateephangern/Documents/Exam\ Timing\ System/Exam\ Timing\ System/Past\ Papers\ Tracking\ System/ViewsSessionSetupView.swift /Users/patpateephangern/Documents/Exam\ Timing\ System/Exam\ Timing\ System/Past\ Papers\ Tracking\ System/ViewsSettingsView.swift /Users/patpateephangern/Documents/Exam\ Timing\ System/Exam\ Timing\ System/Past\ Papers\ Tracking\ System/ViewsShortcutReferenceView.swift /Users/patpateephangern/Documents/Exam\ Timing\ System/Exam\ Timing\ System/build/Past\ Papers\ Tracking\ System.build/Release/Past\ Papers\ Tracking\ System.build/DerivedSources/GeneratedAssetSymbols.swift /Applications/Xcode.app/Contents/Developer/Toolchains/XcodeDefault.xctoolchain/usr/lib/swift/macosx/prebuilt-modules/26.4/CoreAudio.swiftmodule/arm64e-apple-macos.swiftmodule /Applications/Xcode.app/Contents/Developer/Toolchains/XcodeDefault.xctoolchain/usr/lib/swift/macosx/prebuilt-modules/26.4/DataDetection.swiftmodule/arm64e-apple-macos.swiftmodule /Applications/Xcode.app/Contents/Developer/Toolchains/XcodeDefault.xctoolchain/usr/lib/swift/macosx/prebuilt-modules/26.4/ObjectiveC.swiftmodule/arm64e-apple-macos.swiftmodule /Applications/Xcode.app/Contents/Developer/Toolchains/XcodeDefault.xctoolchain/usr/lib/swift/macosx/prebuilt-modules/26.4/AVFAudio.swiftmodule/arm64e-apple-macos.swiftmodule /Applications/Xcode.app/Contents/Developer/Toolchains/XcodeDefault.xctoolchain/usr/lib/swift/macosx/prebuilt-modules/26.4/Vision.swiftmodule/arm64e-apple-macos.swiftmodule /Applications/Xcode.app/Contents/Developer/Toolchains/XcodeDefault.xctoolchain/usr/lib/swift/macosx/prebuilt-modules/26.4/CoreText.swiftmodule/arm64e-apple-macos.swiftmodule /Applications/Xcode.app/Contents/Developer/Toolchains/XcodeDefault.xctoolchain/usr/lib/swift/macosx/prebuilt-modules/26.4/CoreData.swiftmodule/arm64e-apple-macos.swiftmodule /Applications/Xcode.app/Contents/Developer/Toolchains/XcodeDefault.xctoolchain/usr/lib/swift/macosx/prebuilt-modules/26.4/simd.swiftmodule/arm64e-apple-macos.swiftmodule /Applications/Xcode.app/Contents/Developer/Toolchains/XcodeDefault.xctoolchain/usr/lib/swift/macosx/prebuilt-modules/26.4/Swift.swiftmodule/arm64e-apple-macos.swiftmodule /Applications/Xcode.app/Contents/Developer/Toolchains/XcodeDefault.xctoolchain/usr/lib/swift/macosx/prebuilt-modules/26.4/_DarwinFoundation2.swiftmodule/arm64e-apple-macos.swiftmodule /Applications/Xcode.app/Contents/Developer/Toolchains/XcodeDefault.xctoolchain/usr/lib/swift/macosx/prebuilt-modules/26.4/Metal.swiftmodule/arm64e-apple-macos.swiftmodule /Applications/Xcode.app/Contents/Developer/Toolchains/XcodeDefault.xctoolchain/usr/lib/swift/macosx/prebuilt-modules/26.4/Darwin.swiftmodule/arm64e-apple-macos.swiftmodule /Applications/Xcode.app/Contents/Developer/Toolchains/XcodeDefault.xctoolchain/usr/lib/swift/macosx/prebuilt-modules/26.4/CoreMIDI.swiftmodule/arm64e-apple-macos.swiftmodule /Applications/Xcode.app/Contents/Developer/Toolchains/XcodeDefault.xctoolchain/usr/lib/swift/macosx/prebuilt-modules/26.4/UniformTypeIdentifiers.swiftmodule/arm64e-apple-macos.swiftmodule /Applications/Xcode.app/Contents/Developer/Toolchains/XcodeDefault.xctoolchain/usr/lib/swift/macosx/prebuilt-modules/26.4/XPC.swiftmodule/arm64e-apple-macos.swiftmodule /Applications/Xcode.app/Contents/Developer/Toolchains/XcodeDefault.xctoolchain/usr/lib/swift/macosx/prebuilt-modules/26.4/CoreML.swiftmodule/arm64e-apple-macos.swiftmodule /Applications/Xcode.app/Contents/Developer/Toolchains/XcodeDefault.xctoolchain/usr/lib/swift/macosx/prebuilt-modules/26.4/CoreMedia.swiftmodule/arm64e-apple-macos.swiftmodule /Applications/Xcode.app/Contents/Developer/Toolchains/XcodeDefault.xctoolchain/usr/lib/swift/macosx/prebuilt-modules/26.4/Foundation.swiftmodule/arm64e-apple-macos.swiftmodule /Applications/Xcode.app/Contents/Developer/Toolchains/XcodeDefault.xctoolchain/usr/lib/swift/macosx/prebuilt-modules/26.4/_DarwinFoundation1.swiftmodule/arm64e-apple-macos.swiftmodule /Applications/Xcode.app/Contents/Developer/Toolchains/XcodeDefault.xctoolchain/usr/lib/swift/macosx/prebuilt-modules/26.4/Combine.swiftmodule/arm64e-apple-macos.swiftmodule /Applications/Xcode.app/Contents/Developer/Toolchains/XcodeDefault.xctoolchain/usr/lib/swift/macosx/prebuilt-modules/26.4/IOKit.swiftmodule/arm64e-apple-macos.swiftmodule /Applications/Xcode.app/Contents/Developer/Toolchains/XcodeDefault.xctoolchain/usr/lib/swift/macosx/prebuilt-modules/26.4/Accelerate.swiftmodule/arm64e-apple-macos.swiftmodule /Applications/Xcode.app/Contents/Developer/Toolchains/XcodeDefault.xctoolchain/usr/lib/swift/macosx/prebuilt-modules/26.4/CoreGraphics.swiftmodule/arm64e-apple-macos.swiftmodule /Applications/Xcode.app/Contents/Developer/Toolchains/XcodeDefault.xctoolchain/usr/lib/swift/macosx/prebuilt-modules/26.4/_Builtin_float.swiftmodule/arm64e-apple-macos.swiftmodule /Applications/Xcode.app/Contents/Developer/Toolchains/XcodeDefault.xctoolchain/usr/lib/swift/macosx/prebuilt-modules/26.4/Synchronization.swiftmodule/arm64e-apple-macos.swiftmodule /Applications/Xcode.app/Contents/Developer/Toolchains/XcodeDefault.xctoolchain/usr/lib/swift/macosx/prebuilt-modules/26.4/AppKit.swiftmodule/arm64e-apple-macos.swiftmodule /Applications/Xcode.app/Contents/Developer/Toolchains/XcodeDefault.xctoolchain/usr/lib/swift/macosx/prebuilt-modules/26.4/AudioToolbox.swiftmodule/arm64e-apple-macos.swiftmodule /Applications/Xcode.app/Contents/Developer/Toolchains/XcodeDefault.xctoolchain/usr/lib/swift/macosx/prebuilt-modules/26.4/_StringProcessing.swiftmodule/arm64e-apple-macos.swiftmodule /Applications/Xcode.app/Contents/Developer/Toolchains/XcodeDefault.xctoolchain/usr/lib/swift/macosx/prebuilt-modules/26.4/_Concurrency.swiftmodule/arm64e-apple-macos.swiftmodule /Applications/Xcode.app/Contents/Developer/Toolchains/XcodeDefault.xctoolchain/usr/lib/swift/macosx/prebuilt-modules/26.4/PDFKit.swiftmodule/arm64e-apple-macos.swiftmodule /Applications/Xcode.app/Contents/Developer/Toolchains/XcodeDefault.xctoolchain/usr/lib/swift/macosx/prebuilt-modules/26.4/CoreImage.swiftmodule/arm64e-apple-macos.swiftmodule /Applications/Xcode.app/Contents/Developer/Toolchains/XcodeDefault.xctoolchain/usr/lib/swift/macosx/prebuilt-modules/26.4/_DarwinFoundation3.swiftmodule/arm64e-apple-macos.swiftmodule /Applications/Xcode.app/Contents/Developer/Toolchains/XcodeDefault.xctoolchain/usr/lib/swift/macosx/prebuilt-modules/26.4/Spatial.swiftmodule/arm64e-apple-macos.swiftmodule /Applications/Xcode.app/Contents/Developer/Toolchains/XcodeDefault.xctoolchain/usr/lib/swift/macosx/prebuilt-modules/26.4/SwiftUICore.swiftmodule/arm64e-apple-macos.swiftmodule /Applications/Xcode.app/Contents/Developer/Toolchains/XcodeDefault.xctoolchain/usr/lib/swift/macosx/prebuilt-modules/26.4/CoreVideo.swiftmodule/arm64e-apple-macos.swiftmodule /Applications/Xcode.app/Contents/Developer/Toolchains/XcodeDefault.xctoolchain/usr/lib/swift/macosx/prebuilt-modules/26.4/AVFoundation.swiftmodule/arm64e-apple-macos.swiftmodule /Applications/Xcode.app/Contents/Developer/Toolchains/XcodeDefault.xctoolchain/usr/lib/swift/macosx/prebuilt-modules/26.4/os.swiftmodule/arm64e-apple-macos.swiftmodule /Applications/Xcode.app/Contents/Developer/Toolchains/XcodeDefault.xctoolchain/usr/lib/swift/macosx/prebuilt-modules/26.4/Symbols.swiftmodule/arm64e-apple-macos.swiftmodule /Applications/Xcode.app/Contents/Developer/Toolchains/XcodeDefault.xctoolchain/usr/lib/swift/macosx/prebuilt-modules/26.4/Observation.swiftmodule/arm64e-apple-macos.swiftmodule /Applications/Xcode.app/Contents/Developer/Toolchains/XcodeDefault.xctoolchain/usr/lib/swift/macosx/prebuilt-modules/26.4/QuartzCore.swiftmodule/arm64e-apple-macos.swiftmodule /Applications/Xcode.app/Contents/Developer/Toolchains/XcodeDefault.xctoolchain/usr/lib/swift/macosx/prebuilt-modules/26.4/Dispatch.swiftmodule/arm64e-apple-macos.swiftmodule /Applications/Xcode.app/Contents/Developer/Toolchains/XcodeDefault.xctoolchain/usr/lib/swift/macosx/prebuilt-modules/26.4/CoreTransferable.swiftmodule/arm64e-apple-macos.swiftmodule /Applications/Xcode.app/Contents/Developer/Toolchains/XcodeDefault.xctoolchain/usr/lib/swift/macosx/prebuilt-modules/26.4/CoreFoundation.swiftmodule/arm64e-apple-macos.swiftmodule /Applications/Xcode.app/Contents/Developer/Toolchains/XcodeDefault.xctoolchain/usr/lib/swift/macosx/prebuilt-modules/26.4/OSLog.swiftmodule/arm64e-apple-macos.swiftmodule /Applications/Xcode.app/Contents/Developer/Toolchains/XcodeDefault.xctoolchain/usr/lib/swift/macosx/prebuilt-modules/26.4/SwiftUI.swiftmodule/arm64e-apple-macos.swiftmodule /Applications/Xcode.app/Contents/Developer/Toolchains/XcodeDefault.xctoolchain/usr/lib/swift/macosx/prebuilt-modules/26.4/System.swiftmodule/arm64e-apple-macos.swiftmodule /Applications/Xcode.app/Contents/Developer/Toolchains/XcodeDefault.xctoolchain/usr/lib/swift/macosx/prebuilt-modules/26.4/Accessibility.swiftmodule/arm64e-apple-macos.swiftmodule /Applications/Xcode.app/Contents/Developer/Toolchains/XcodeDefault.xctoolchain/usr/lib/swift/macosx/prebuilt-modules/26.4/DeveloperToolsSupport.swiftmodule/arm64e-apple-macos.swiftmodule /Users/patpateephangern/Documents/Exam\ Timing\ System/Exam\ Timing\ System/build/SwiftExplicitPrecompiledModules/_DarwinFoundation1-2E2NO4G1KLNZM15300OZZ74K2.pcm /Users/patpateephangern/Documents/Exam\ Timing\ System/Exam\ Timing\ System/build/SwiftExplicitPrecompiledModules/ApplicationServices-C7SHKF08U0AT6LOKVKAMMCOGV.pcm /Users/patpateephangern/Documents/Exam\ Timing\ System/Exam\ Timing\ System/build/SwiftExplicitPrecompiledModules/CoreAudio-6H90Z49FRXUP61EGXJSPK0M0A.pcm /Users/patpateephangern/Documents/Exam\ Timing\ System/Exam\ Timing\ System/build/SwiftExplicitPrecompiledModules/SwiftUI-CFX8Q40WHOQ8YKB8KWF91ONOU.pcm /Users/patpateephangern/Documents/Exam\ Timing\ System/Exam\ Timing\ System/build/SwiftExplicitPrecompiledModules/AppKit-6L2X9OA86VY9MG5D65XCF58DP.pcm /Users/patpateephangern/Documents/Exam\ Timing\ System/Exam\ Timing\ System/build/SwiftExplicitPrecompiledModules/UniformTypeIdentifiers-A7XNF97OTV5X1GXZUAPI7BS3R.pcm /Users/patpateephangern/Documents/Exam\ Timing\ System/Exam\ Timing\ System/build/SwiftExplicitPrecompiledModules/Foundation-2BKO6V4SYXJQI4JV8RPM5BTVO.pcm /Users/patpateephangern/Documents/Exam\ Timing\ System/Exam\ Timing\ System/build/SwiftExplicitPrecompiledModules/Accelerate-65P79JDVE6OM3DNOREXCMTE1J.pcm /Users/patpateephangern/Documents/Exam\ Timing\ System/Exam\ Timing\ System/build/SwiftExplicitPrecompiledModules/Spatial-3GIDRICUDN9813FOKLDXZYIFJ.pcm /Users/patpateephangern/Documents/Exam\ Timing\ System/Exam\ Timing\ System/build/SwiftExplicitPrecompiledModules/_Builtin_inttypes-9P397AF6DOZC2C5T3IF47M0RZ.pcm /Users/patpateephangern/Documents/Exam\ Timing\ System/Exam\ Timing\ System/build/SwiftExplicitPrecompiledModules/launch-PM5MVI8Z5C6WE8K92PLC2AX.pcm /Users/patpateephangern/Documents/Exam\ Timing\ System/Exam\ Timing\ System/build/SwiftExplicitPrecompiledModules/Accessibility-7SGV73YLVILXO8U1WGZB8ZX35.pcm /Users/patpateephangern/Documents/Exam\ Timing\ System/Exam\ Timing\ System/build/SwiftExplicitPrecompiledModules/ptrcheck-8IQK08CPUOYS83M7G9UYGPS.pcm /Users/patpateephangern/Documents/Exam\ Timing\ System/Exam\ Timing\ System/build/SwiftExplicitPrecompiledModules/_SwiftConcurrencyShims-CJW0JQN077YVM67PY652BKLFS.pcm /Users/patpateephangern/Documents/Exam\ Timing\ System/Exam\ Timing\ System/build/SwiftExplicitPrecompiledModules/_Builtin_stdatomic-AYO8R332QCQ7FGGF5BSNM46GB.pcm /Users/patpateephangern/Documents/Exam\ Timing\ System/Exam\ Timing\ System/build/SwiftExplicitPrecompiledModules/IOSurface-1P929ULXA50290EDGGMBRFQLD.pcm /Users/patpateephangern/Documents/Exam\ Timing\ System/Exam\ Timing\ System/build/SwiftExplicitPrecompiledModules/CUPS-50YQ4ZOB5RF3TGEYT19Z2QPPA.pcm /Users/patpateephangern/Documents/Exam\ Timing\ System/Exam\ Timing\ System/build/SwiftExplicitPrecompiledModules/SwiftUICore-5YKUD8UUTIE8ZHDWT03Y8T2E9.pcm /Users/patpateephangern/Documents/Exam\ Timing\ System/Exam\ Timing\ System/build/SwiftExplicitPrecompiledModules/_Builtin_stdint-302NLGKRY2H397FPVJDMGI2AU.pcm /Users/patpateephangern/Documents/Exam\ Timing\ System/Exam\ Timing\ System/build/SwiftExplicitPrecompiledModules/_DarwinFoundation3-7CQE3T2YV92K9YCIHC5SAWM5Y.pcm /Users/patpateephangern/Documents/Exam\ Timing\ System/Exam\ Timing\ System/build/SwiftExplicitPrecompiledModules/libDER-D0RNYS89U9Y50F4D2BCDQUY39.pcm /Users/patpateephangern/Documents/Exam\ Timing\ System/Exam\ Timing\ System/build/SwiftExplicitPrecompiledModules/Cocoa-YSD35IYEUU4WD0DHAB6BER73.pcm /Users/patpateephangern/Documents/Exam\ Timing\ System/Exam\ Timing\ System/build/SwiftExplicitPrecompiledModules/ImageIO-3G0G39HW9FD8T04ND37539T48.pcm /Users/patpateephangern/Documents/Exam\ Timing\ System/Exam\ Timing\ System/build/SwiftExplicitPrecompiledModules/DiskArbitration-BB0HM83H2Y9K2CKTJVM4MWUS6.pcm /Users/patpateephangern/Documents/Exam\ Timing\ System/Exam\ Timing\ System/build/SwiftExplicitPrecompiledModules/_DarwinFoundation2-9ZF17YWHITHSI9O273KSGQEBN.pcm /Users/patpateephangern/Documents/Exam\ Timing\ System/Exam\ Timing\ System/build/SwiftExplicitPrecompiledModules/CoreMedia-2L50UNEHCRWRLRG5G3531ZGYO.pcm /Users/patpateephangern/Documents/Exam\ Timing\ System/Exam\ Timing\ System/build/SwiftExplicitPrecompiledModules/DataDetection-4EWNXYES8BTUU49WF3YG2LPAS.pcm /Users/patpateephangern/Documents/Exam\ Timing\ System/Exam\ Timing\ System/build/SwiftExplicitPrecompiledModules/_Builtin_intrinsics-BXM21NDMJ0BZ0ZA9QUG2WDNKA.pcm /Users/patpateephangern/Documents/Exam\ Timing\ System/Exam\ Timing\ System/build/SwiftExplicitPrecompiledModules/DeveloperToolsSupport-44WR08EMNO4WNMKFOJHLWX5N.pcm /Users/patpateephangern/Documents/Exam\ Timing\ System/Exam\ Timing\ System/build/SwiftExplicitPrecompiledModules/CoreGraphics-43ZIYTLLW4JEUQI2MEGSZ6397.pcm /Users/patpateephangern/Documents/Exam\ Timing\ System/Exam\ Timing\ System/build/SwiftExplicitPrecompiledModules/CoreData-2NBX0K4H9CS4W83NMYZ622WVX.pcm /Users/patpateephangern/Documents/Exam\ Timing\ System/Exam\ Timing\ System/build/SwiftExplicitPrecompiledModules/CoreImage-75PK79P6XL9KSP2HDPL1E5G7B.pcm /Users/patpateephangern/Documents/Exam\ Timing\ System/Exam\ Timing\ System/build/SwiftExplicitPrecompiledModules/QuartzCore-2DOCEDCNQTLLWCILS9JIA8R6T.pcm /Users/patpateephangern/Documents/Exam\ Timing\ System/Exam\ Timing\ System/build/SwiftExplicitPrecompiledModules/Security-F0XKSUV1TWIFLT1HVCS3D1Z2G.pcm /Users/patpateephangern/Documents/Exam\ Timing\ System/Exam\ Timing\ System/build/SwiftExplicitPrecompiledModules/_Builtin_float-9HTZ2L44278VF46V7Z155L7R8.pcm /Users/patpateephangern/Documents/Exam\ Timing\ System/Exam\ Timing\ System/build/SwiftExplicitPrecompiledModules/Dispatch-7PLBVOOV5KK166IKRTY2F57L7.pcm /Users/patpateephangern/Documents/Exam\ Timing\ System/Exam\ Timing\ System/build/SwiftExplicitPrecompiledModules/MediaToolbox-7D1KMWMCK0QBE2UZ2HY5HHBM4.pcm /Users/patpateephangern/Documents/Exam\ Timing\ System/Exam\ Timing\ System/build/SwiftExplicitPrecompiledModules/ColorSync-7Z6CDFON0YWMMWG3J6BCZL444.pcm /Users/patpateephangern/Documents/Exam\ Timing\ System/Exam\ Timing\ System/build/SwiftExplicitPrecompiledModules/CoreVideo-B2PWBW4IU0DC1QG22ITDUSOV5.pcm /Users/patpateephangern/Documents/Exam\ Timing\ System/Exam\ Timing\ System/build/SwiftExplicitPrecompiledModules/CoreMIDI-AUGVLB0XV19XU6BDAXVREE5YD.pcm /Users/patpateephangern/Documents/Exam\ Timing\ System/Exam\ Timing\ System/build/SwiftExplicitPrecompiledModules/ptrauth-BN74GPYXLHJE41Z3684GTZBXY.pcm /Users/patpateephangern/Documents/Exam\ Timing\ System/Exam\ Timing\ System/build/SwiftExplicitPrecompiledModules/CFNetwork-4JSSALTYBJ5L7I7ONROTVEWG7.pcm /Users/patpateephangern/Documents/Exam\ Timing\ System/Exam\ Timing\ System/build/SwiftExplicitPrecompiledModules/CoreServices-5BRJDBMRKN195N9EH961CBHN1.pcm /Users/patpateephangern/Documents/Exam\ Timing\ System/Exam\ Timing\ System/build/SwiftExplicitPrecompiledModules/simd-5WXB45D8BCZU62XCCGITC37XX.pcm /Users/patpateephangern/Documents/Exam\ Timing\ System/Exam\ Timing\ System/build/SwiftExplicitPrecompiledModules/os-E0MRXEZVVOTVJN5A5INZNRFPK.pcm /Users/patpateephangern/Documents/Exam\ Timing\ System/Exam\ Timing\ System/build/SwiftExplicitPrecompiledModules/CoreML-8AIAA3MN0P3Y30PYEGQ8WLDF1.pcm /Users/patpateephangern/Documents/Exam\ Timing\ System/Exam\ Timing\ System/build/SwiftExplicitPrecompiledModules/SwiftShims-71T7CCCAGW8X3S8I8VU20U92P.pcm /Users/patpateephangern/Documents/Exam\ Timing\ System/Exam\ Timing\ System/build/SwiftExplicitPrecompiledModules/CoreFoundation-9YRKC096S1ZGAOUI5FB8ZF6NL.pcm /Users/patpateephangern/Documents/Exam\ Timing\ System/Exam\ Timing\ System/build/SwiftExplicitPrecompiledModules/libkern-4CVCBNA9RMD8DKSY74ROPCJ7S.pcm /Users/patpateephangern/Documents/Exam\ Timing\ System/Exam\ Timing\ System/build/SwiftExplicitPrecompiledModules/Symbols-7HN8DBWGOIU7BT5TUGZC0DGWU.pcm /Users/patpateephangern/Documents/Exam\ Timing\ System/Exam\ Timing\ System/build/SwiftExplicitPrecompiledModules/Carbon-2VP1U41W3LOYYTB1F8HE4GHMM.pcm /Users/patpateephangern/Documents/Exam\ Timing\ System/Exam\ Timing\ System/build/SwiftExplicitPrecompiledModules/Darwin-BKIKBAWBR4KKMKFBMSSKGZDPQ.pcm /Users/patpateephangern/Documents/Exam\ Timing\ System/Exam\ Timing\ System/build/SwiftExplicitPrecompiledModules/_Builtin_stdbool-4FOYU24WQWED7YU6EW6A6D2P4.pcm /Users/patpateephangern/Documents/Exam\ Timing\ System/Exam\ Timing\ System/build/SwiftExplicitPrecompiledModules/OpenGL-3X2W1GWBX1BWFQ5FCULSBCWYN.pcm /Users/patpateephangern/Documents/Exam\ Timing\ System/Exam\ Timing\ System/build/SwiftExplicitPrecompiledModules/OSLog-9PTXSIUQWX9WTSSHXNA6270CB.pcm /Users/patpateephangern/Documents/Exam\ Timing\ System/Exam\ Timing\ System/build/SwiftExplicitPrecompiledModules/XPC-8QJKNKMAFQGAZ2HZX8DOE58XK.pcm /Users/patpateephangern/Documents/Exam\ Timing\ System/Exam\ Timing\ System/build/SwiftExplicitPrecompiledModules/CoreTransferable-DOKOY83WOHK4PGRSYKSYXZ76R.pcm /Users/patpateephangern/Documents/Exam\ Timing\ System/Exam\ Timing\ System/build/SwiftExplicitPrecompiledModules/_Builtin_tgmath-AJNAMKV9JS5P8CNB1FZ41Y6H1.pcm /Users/patpateephangern/Documents/Exam\ Timing\ System/Exam\ Timing\ System/build/SwiftExplicitPrecompiledModules/os_object-E0C2PVO3W6EQJ3JXYM175A8XL.pcm /Users/patpateephangern/Documents/Exam\ Timing\ System/Exam\ Timing\ System/build/SwiftExplicitPrecompiledModules/os_workgroup-87V95W20GKGS813PYNVY37NLU.pcm /Users/patpateephangern/Documents/Exam\ Timing\ System/Exam\ Timing\ System/build/SwiftExplicitPrecompiledModules/CoreText-BTKOM393DDV6KWV5MKR1TD5HN.pcm /Users/patpateephangern/Documents/Exam\ Timing\ System/Exam\ Timing\ System/build/SwiftExplicitPrecompiledModules/MachO-EGK93HTFE83P5L81Z2FCHUMOT.pcm /Users/patpateephangern/Documents/Exam\ Timing\ System/Exam\ Timing\ System/build/SwiftExplicitPrecompiledModules/_Builtin_limits-BZNOQ7QHGO2UFRITKOWF6ONDS.pcm /Users/patpateephangern/Documents/Exam\ Timing\ System/Exam\ Timing\ System/build/SwiftExplicitPrecompiledModules/ObjectiveC-BAFYIFW7Y7UOKUSQMJEQBP09H.pcm /Users/patpateephangern/Documents/Exam\ Timing\ System/Exam\ Timing\ System/build/SwiftExplicitPrecompiledModules/AVFoundation-9NDEYRC4G3FPMP3EIJ97QHGSE.pcm /Users/patpateephangern/Documents/Exam\ Timing\ System/Exam\ Timing\ System/build/SwiftExplicitPrecompiledModules/PDFKit-4JDGM9ALPAWDZRR8RGW2H1PLO.pcm /Users/patpateephangern/Documents/Exam\ Timing\ System/Exam\ Timing\ System/build/SwiftExplicitPrecompiledModules/sys_types-8NCJ72J6ASYR5B1RN2J716ARK.pcm /Users/patpateephangern/Documents/Exam\ Timing\ System/Exam\ Timing\ System/build/SwiftExplicitPrecompiledModules/Vision-8Y3R9YVC8V3WX3U3PY8VQ7BHW.pcm /Users/patpateephangern/Documents/Exam\ Timing\ System/Exam\ Timing\ System/build/SwiftExplicitPrecompiledModules/AVFAudio-1F9SJEX31S9E0EL10UTUNBMMP.pcm /Users/patpateephangern/Documents/Exam\ Timing\ System/Exam\ Timing\ System/build/SwiftExplicitPrecompiledModules/_Builtin_stdarg-4E3FTVBV9AT6PIL3GHLERAP1Y.pcm /Users/patpateephangern/Documents/Exam\ Timing\ System/Exam\ Timing\ System/build/SwiftExplicitPrecompiledModules/_AvailabilityInternal-AM0NKVNIGMIPFXU7IJ6W0E30G.pcm /Users/patpateephangern/Documents/Exam\ Timing\ System/Exam\ Timing\ System/build/SwiftExplicitPrecompiledModules/_Builtin_stddef-3B6M0A6QITFH0CVW5HR339873.pcm /Users/patpateephangern/Documents/Exam\ Timing\ System/Exam\ Timing\ System/build/SwiftExplicitPrecompiledModules/CoreAudioTypes-E4R1NTXPL0KEH75BR4T0X7XJ2.pcm /Users/patpateephangern/Documents/Exam\ Timing\ System/Exam\ Timing\ System/build/SwiftExplicitPrecompiledModules/IOKit-AC4OA1SZF86T6OJSBDXNV5NID.pcm /Users/patpateephangern/Documents/Exam\ Timing\ System/Exam\ Timing\ System/build/SwiftExplicitPrecompiledModules/AudioToolbox-7YP2T6JG87ML73CVMJP00Q7P9.pcm /Users/patpateephangern/Documents/Exam\ Timing\ System/Exam\ Timing\ System/build/SwiftExplicitPrecompiledModules/Metal-330L4O88GW53714SY56PVFE0H.pcm /Users/patpateephangern/Documents/Exam\ Timing\ System/Exam\ Timing\ System/build/Past\ Papers\ Tracking\ System.build/Release/Past\ Papers\ Tracking\ System.build/Objects-normal/arm64/Past_Papers_Tracking_System-dependencies-1.json (in target 'Past Papers Tracking System' from project 'Past Papers Tracking System')

CompileSwift normal arm64 (in target 'Past Papers Tracking System' from project 'Past Papers Tracking System')
    cd /Users/patpateephangern/Documents/Exam\ Timing\ System/Exam\ Timing\ System
    
/Users/patpateephangern/Documents/Exam Timing System/Exam Timing System/Past Papers Tracking System/PaperTracker/Reports/ReportSetupSheet.swift:310:48: warning: main actor-isolated static method 'generate(config:context:)' cannot be called from outside of the actor; this is an error in the Swift 6 language mode
            let data = PerformanceReportEngine.generate(config: cfg, context: context)
                       ~~~~~~~~~~~~~~~~~~~~~~~~^~~~~~~~~~~~~~~~~~~~~~~~~~~~~~~~~~~~~~~
                       await 
/Users/patpateephangern/Documents/Exam Timing System/Exam Timing System/Past Papers Tracking System/PaperTracker/Views/DQAMainView.swift:758:10: warning: 'onChange(of:perform:)' was deprecated in macOS 14.0: Use `onChange` with a two or zero parameter action closure instead.
        .onChange(of: record.committedDate) { _ in syncMonthDisplay() }
         ^
/Users/patpateephangern/Documents/Exam Timing System/Exam Timing System/Past Papers Tracking System/PaperTracker/Views/DQASetupSheet.swift:159:10: warning: 'onChange(of:perform:)' was deprecated in macOS 14.0: Use `onChange` with a two or zero parameter action closure instead.
        .onChange(of: alphaSubjectID) { _ in alphaPaperID = nil; alphaAttemptID = nil; resetShared() }
         ^
/Users/patpateephangern/Documents/Exam Timing System/Exam Timing System/Past Papers Tracking System/PaperTracker/Views/DQASetupSheet.swift:160:10: warning: 'onChange(of:perform:)' was deprecated in macOS 14.0: Use `onChange` with a two or zero parameter action closure instead.
        .onChange(of: alphaPaperID)   { _ in alphaAttemptID = alphaAttempts.last?.objectID; resetShared(); loadPreview() }
         ^
/Users/patpateephangern/Documents/Exam Timing System/Exam Timing System/Past Papers Tracking System/PaperTracker/Views/DQASetupSheet.swift:161:10: warning: 'onChange(of:perform:)' was deprecated in macOS 14.0: Use `onChange` with a two or zero parameter action closure instead.
        .onChange(of: alphaAttemptID) { _ in resetShared(); loadPreview() }
         ^
/Users/patpateephangern/Documents/Exam Timing System/Exam Timing System/Past Papers Tracking System/PaperTracker/Views/DQASetupSheet.swift:162:10: warning: 'onChange(of:perform:)' was deprecated in macOS 14.0: Use `onChange` with a two or zero parameter action closure instead.
        .onChange(of: betaAttempt)    { _ in resetShared(); loadPreview() }
         ^
/Users/patpateephangern/Documents/Exam Timing System/Exam Timing System/Past Papers Tracking System/PaperTracker/Views/StartNewPaperView.swift:384:33: warning: immutable value 'subject' was never used; consider replacing with '_' or removing it
        guard !raw.isEmpty, let subject = selectedSubject else { return }
                            ~~~~^~~~~~~
                            _
/Users/patpateephangern/Documents/Exam Timing System/Exam Timing System/Past Papers Tracking System/PaperTracker/Views/SubjectManagerView.swift:168:20: warning: value 'date' was defined but never used; consider replacing with boolean test
            if let date = subject[keyPath: keyPath] {
               ~~~~^~~~~~~
                                                    != nil

SwiftDriverJobDiscovery normal arm64 Compiling AttemptMO.swift, BackupManifest.swift, DifficultQuestionsArchiveMO.swift, ETSEventLogMO.swift, GradeThresholdTableMO.swift, PaperMO.swift, PersistenceController.swift, PersistenceController+Backup.swift, QuestionStructureMO.swift, SubjectMO.swift, BarcodeGenerator.swift, ETSPDFReceiptGenerator.swift, PDFDocumentGenerator.swift, AttemptNumberCoordinator.swift, DurationParser.swift, ETSTimerEngine.swift, SeriesNormalizationEngine.swift, PerformanceReportEngine.swift, ReportSetupSheet.swift, ReportWindowController.swift, FileOrganizationPipeline.swift, VisionBarcodeScanner.swift, AutoBackupService.swift, LANPrintRouter.swift, GradeThresholdSheet.swift, ManualBarcodeEntrySheet.swift, PDFPageMappingPanel.swift, PDFViewerSheet.swift, SearchableComboBox.swift, ETSLaunchView.swift, ETSPostSessionView.swift, ETSQuestionSetupSheet.swift, ETSSessionView.swift, AttemptDetailView.swift, BackupManagerView.swift, CompleteLogsView.swift, DQAHelpers.swift, DQAMainView.swift, DQAPrintManager.swift, DQASetupSheet.swift, DQAWindowController.swift, DSPrintingView.swift, DSPrintWindowController.swift, EPENMarkingView.swift, OCRVerificationView.swift, PapersMappingView.swift, PapersMappingWindowController.swift, PaperTrackerRootView.swift, PaperTrackerSettingsView.swift, PDFFloatingWindowController.swift, PDFPageMappingWindowController.swift, StartNewPaperView.swift, SubjectManagerView.swift, SummaryView.swift, ValidationPaneView.swift, ContentView.swift, DocumentationDataFlowDiagram.swift, EngineTimingEngine.swift, ExportPDFExporter.swift, ModelsAppSettings.swift, ModelsExamModels.swift, ModelsExamModelsExtensions.swift, PastPapersTrackingSystemApp.swift, UtilitiesKeyboardShortcuts.swift, ViewsActiveSessionView.swift, ViewsPerformanceLogView.swift, ViewsSessionSetupView.swift, ViewsSettingsView.swift, ViewsShortcutReferenceView.swift, GeneratedAssetSymbols.swift (in target 'Past Papers Tracking System' from project 'Past Papers Tracking System')

SwiftDriverJobDiscovery normal x86_64 Compiling AttemptMO.swift, BackupManifest.swift, DifficultQuestionsArchiveMO.swift, ETSEventLogMO.swift, GradeThresholdTableMO.swift, PaperMO.swift, PersistenceController.swift, PersistenceController+Backup.swift, QuestionStructureMO.swift, SubjectMO.swift, BarcodeGenerator.swift, ETSPDFReceiptGenerator.swift, PDFDocumentGenerator.swift, AttemptNumberCoordinator.swift, DurationParser.swift, ETSTimerEngine.swift, SeriesNormalizationEngine.swift, PerformanceReportEngine.swift, ReportSetupSheet.swift, ReportWindowController.swift, FileOrganizationPipeline.swift, VisionBarcodeScanner.swift, AutoBackupService.swift, LANPrintRouter.swift, GradeThresholdSheet.swift, ManualBarcodeEntrySheet.swift, PDFPageMappingPanel.swift, PDFViewerSheet.swift, SearchableComboBox.swift, ETSLaunchView.swift, ETSPostSessionView.swift, ETSQuestionSetupSheet.swift, ETSSessionView.swift, AttemptDetailView.swift, BackupManagerView.swift, CompleteLogsView.swift, DQAHelpers.swift, DQAMainView.swift, DQAPrintManager.swift, DQASetupSheet.swift, DQAWindowController.swift, DSPrintingView.swift, DSPrintWindowController.swift, EPENMarkingView.swift, OCRVerificationView.swift, PapersMappingView.swift, PapersMappingWindowController.swift, PaperTrackerRootView.swift, PaperTrackerSettingsView.swift, PDFFloatingWindowController.swift, PDFPageMappingWindowController.swift, StartNewPaperView.swift, SubjectManagerView.swift, SummaryView.swift, ValidationPaneView.swift, ContentView.swift, DocumentationDataFlowDiagram.swift, EngineTimingEngine.swift, ExportPDFExporter.swift, ModelsAppSettings.swift, ModelsExamModels.swift, ModelsExamModelsExtensions.swift, PastPapersTrackingSystemApp.swift, UtilitiesKeyboardShortcuts.swift, ViewsActiveSessionView.swift, ViewsPerformanceLogView.swift, ViewsSessionSetupView.swift, ViewsSettingsView.swift, ViewsShortcutReferenceView.swift, GeneratedAssetSymbols.swift (in target 'Past Papers Tracking System' from project 'Past Papers Tracking System')

SwiftDriver\ Compilation\ Requirements Past\ Papers\ Tracking\ System normal arm64 com.apple.xcode.tools.swift.compiler (in target 'Past Papers Tracking System' from project 'Past Papers Tracking System')
    cd /Users/patpateephangern/Documents/Exam\ Timing\ System/Exam\ Timing\ System
    builtin-Swift-Compilation-Requirements -- /Applications/Xcode.app/Contents/Developer/Toolchains/XcodeDefault.xctoolchain/usr/bin/swiftc -module-name Past_Papers_Tracking_System -O -whole-module-optimization @/Users/patpateephangern/Documents/Exam\ Timing\ System/Exam\ Timing\ System/build/Past\ Papers\ Tracking\ System.build/Release/Past\ Papers\ Tracking\ System.build/Objects-normal/arm64/Past\ Papers\ Tracking\ System.SwiftFileList -default-isolation\=MainActor -enable-bare-slash-regex -enable-upcoming-feature DisableOutwardActorInference -enable-upcoming-feature InferSendableFromCaptures -enable-upcoming-feature GlobalActorIsolatedTypesUsability -enable-upcoming-feature MemberImportVisibility -enable-upcoming-feature InferIsolatedConformances -enable-upcoming-feature NonisolatedNonsendingByDefault -enable-experimental-feature DebugDescriptionMacro -sdk /Applications/Xcode.app/Contents/Developer/Platforms/MacOSX.platform/Developer/SDKs/MacOSX26.4.sdk -target arm64-apple-macos26.3 -g -Xfrontend -serialize-debugging-options -swift-version 5 -I /Users/patpateephangern/Documents/Exam\ Timing\ System/Exam\ Timing\ System/build/Release -F /Users/patpateephangern/Documents/Exam\ Timing\ System/Exam\ Timing\ System/build/Release -emit-localized-strings -emit-localized-strings-path /Users/patpateephangern/Documents/Exam\ Timing\ System/Exam\ Timing\ System/build/Past\ Papers\ Tracking\ System.build/Release/Past\ Papers\ Tracking\ System.build/Objects-normal/arm64 -c -num-threads 8 -Xcc -ivfsstatcache -Xcc /var/folders/zj/n36kmzzd6kv7023gxx2v65ww0000gn/C/com.apple.DeveloperTools/26.4-17E192/Xcode/SDKStatCaches.noindex/macosx26.4-25E236-30f9ca8789b706f8bd3fc906a70d770f.sdkstatcache -output-file-map /Users/patpateephangern/Documents/Exam\ Timing\ System/Exam\ Timing\ System/build/Past\ Papers\ Tracking\ System.build/Release/Past\ Papers\ Tracking\ System.build/Objects-normal/arm64/Past\ Papers\ Tracking\ System-OutputFileMap.json -use-frontend-parseable-output -save-temps -no-color-diagnostics -explicit-module-build -module-cache-path /Users/patpateephangern/Documents/Exam\ Timing\ System/Exam\ Timing\ System/build/SwiftExplicitPrecompiledModules -serialize-diagnostics -emit-dependencies -emit-module -emit-module-path /Users/patpateephangern/Documents/Exam\ Timing\ System/Exam\ Timing\ System/build/Past\ Papers\ Tracking\ System.build/Release/Past\ Papers\ Tracking\ System.build/Objects-normal/arm64/Past_Papers_Tracking_System.swiftmodule -validate-clang-modules-once -clang-build-session-file /var/folders/zj/n36kmzzd6kv7023gxx2v65ww0000gn/C/org.llvm.clang/ModuleCache.noindex/Session.modulevalidation -Xcc -I/Users/patpateephangern/Documents/Exam\ Timing\ System/Exam\ Timing\ System/build/Past\ Papers\ Tracking\ System.build/Release/Past\ Papers\ Tracking\ System.build/swift-overrides.hmap -emit-const-values -Xfrontend -const-gather-protocols-file -Xfrontend /Users/patpateephangern/Documents/Exam\ Timing\ System/Exam\ Timing\ System/build/Past\ Papers\ Tracking\ System.build/Release/Past\ Papers\ Tracking\ System.build/Objects-normal/arm64/Past\ Papers\ Tracking\ System_const_extract_protocols.json -Xcc -iquote -Xcc /Users/patpateephangern/Documents/Exam\ Timing\ System/Exam\ Timing\ System/build/Past\ Papers\ Tracking\ System.build/Release/Past\ Papers\ Tracking\ System.build/Past\ Papers\ Tracking\ System-generated-files.hmap -Xcc -I/Users/patpateephangern/Documents/Exam\ Timing\ System/Exam\ Timing\ System/build/Past\ Papers\ Tracking\ System.build/Release/Past\ Papers\ Tracking\ System.build/Past\ Papers\ Tracking\ System-own-target-headers.hmap -Xcc -I/Users/patpateephangern/Documents/Exam\ Timing\ System/Exam\ Timing\ System/build/Past\ Papers\ Tracking\ System.build/Release/Past\ Papers\ Tracking\ System.build/Past\ Papers\ Tracking\ System-all-target-headers.hmap -Xcc -iquote -Xcc /Users/patpateephangern/Documents/Exam\ Timing\ System/Exam\ Timing\ System/build/Past\ Papers\ Tracking\ System.build/Release/Past\ Papers\ Tracking\ System.build/Past\ Papers\ Tracking\ System-project-headers.hmap -Xcc -I/Users/patpateephangern/Documents/Exam\ Timing\ System/Exam\ Timing\ System/build/Release/include -Xcc -I/Users/patpateephangern/Documents/Exam\ Timing\ System/Exam\ Timing\ System/build/Past\ Papers\ Tracking\ System.build/Release/Past\ Papers\ Tracking\ System.build/DerivedSources-normal/arm64 -Xcc -I/Users/patpateephangern/Documents/Exam\ Timing\ System/Exam\ Timing\ System/build/Past\ Papers\ Tracking\ System.build/Release/Past\ Papers\ Tracking\ System.build/DerivedSources/arm64 -Xcc -I/Users/patpateephangern/Documents/Exam\ Timing\ System/Exam\ Timing\ System/build/Past\ Papers\ Tracking\ System.build/Release/Past\ Papers\ Tracking\ System.build/DerivedSources -emit-objc-header -emit-objc-header-path /Users/patpateephangern/Documents/Exam\ Timing\ System/Exam\ Timing\ System/build/Past\ Papers\ Tracking\ System.build/Release/Past\ Papers\ Tracking\ System.build/Objects-normal/arm64/Past_Papers_Tracking_System-Swift.h -working-directory /Users/patpateephangern/Documents/Exam\ Timing\ System/Exam\ Timing\ System -no-emit-module-separately-wmo

SwiftDriver\ Compilation\ Requirements Past\ Papers\ Tracking\ System normal x86_64 com.apple.xcode.tools.swift.compiler (in target 'Past Papers Tracking System' from project 'Past Papers Tracking System')
    cd /Users/patpateephangern/Documents/Exam\ Timing\ System/Exam\ Timing\ System
    builtin-Swift-Compilation-Requirements -- /Applications/Xcode.app/Contents/Developer/Toolchains/XcodeDefault.xctoolchain/usr/bin/swiftc -module-name Past_Papers_Tracking_System -O -whole-module-optimization @/Users/patpateephangern/Documents/Exam\ Timing\ System/Exam\ Timing\ System/build/Past\ Papers\ Tracking\ System.build/Release/Past\ Papers\ Tracking\ System.build/Objects-normal/x86_64/Past\ Papers\ Tracking\ System.SwiftFileList -default-isolation\=MainActor -enable-bare-slash-regex -enable-upcoming-feature DisableOutwardActorInference -enable-upcoming-feature InferSendableFromCaptures -enable-upcoming-feature GlobalActorIsolatedTypesUsability -enable-upcoming-feature MemberImportVisibility -enable-upcoming-feature InferIsolatedConformances -enable-upcoming-feature NonisolatedNonsendingByDefault -enable-experimental-feature DebugDescriptionMacro -sdk /Applications/Xcode.app/Contents/Developer/Platforms/MacOSX.platform/Developer/SDKs/MacOSX26.4.sdk -target x86_64-apple-macos26.3 -g -Xfrontend -serialize-debugging-options -swift-version 5 -I /Users/patpateephangern/Documents/Exam\ Timing\ System/Exam\ Timing\ System/build/Release -F /Users/patpateephangern/Documents/Exam\ Timing\ System/Exam\ Timing\ System/build/Release -emit-localized-strings -emit-localized-strings-path /Users/patpateephangern/Documents/Exam\ Timing\ System/Exam\ Timing\ System/build/Past\ Papers\ Tracking\ System.build/Release/Past\ Papers\ Tracking\ System.build/Objects-normal/x86_64 -c -num-threads 8 -Xcc -ivfsstatcache -Xcc /var/folders/zj/n36kmzzd6kv7023gxx2v65ww0000gn/C/com.apple.DeveloperTools/26.4-17E192/Xcode/SDKStatCaches.noindex/macosx26.4-25E236-30f9ca8789b706f8bd3fc906a70d770f.sdkstatcache -output-file-map /Users/patpateephangern/Documents/Exam\ Timing\ System/Exam\ Timing\ System/build/Past\ Papers\ Tracking\ System.build/Release/Past\ Papers\ Tracking\ System.build/Objects-normal/x86_64/Past\ Papers\ Tracking\ System-OutputFileMap.json -use-frontend-parseable-output -save-temps -no-color-diagnostics -explicit-module-build -module-cache-path /Users/patpateephangern/Documents/Exam\ Timing\ System/Exam\ Timing\ System/build/SwiftExplicitPrecompiledModules -serialize-diagnostics -emit-dependencies -emit-module -emit-module-path /Users/patpateephangern/Documents/Exam\ Timing\ System/Exam\ Timing\ System/build/Past\ Papers\ Tracking\ System.build/Release/Past\ Papers\ Tracking\ System.build/Objects-normal/x86_64/Past_Papers_Tracking_System.swiftmodule -validate-clang-modules-once -clang-build-session-file /var/folders/zj/n36kmzzd6kv7023gxx2v65ww0000gn/C/org.llvm.clang/ModuleCache.noindex/Session.modulevalidation -Xcc -I/Users/patpateephangern/Documents/Exam\ Timing\ System/Exam\ Timing\ System/build/Past\ Papers\ Tracking\ System.build/Release/Past\ Papers\ Tracking\ System.build/swift-overrides.hmap -emit-const-values -Xfrontend -const-gather-protocols-file -Xfrontend /Users/patpateephangern/Documents/Exam\ Timing\ System/Exam\ Timing\ System/build/Past\ Papers\ Tracking\ System.build/Release/Past\ Papers\ Tracking\ System.build/Objects-normal/x86_64/Past\ Papers\ Tracking\ System_const_extract_protocols.json -Xcc -iquote -Xcc /Users/patpateephangern/Documents/Exam\ Timing\ System/Exam\ Timing\ System/build/Past\ Papers\ Tracking\ System.build/Release/Past\ Papers\ Tracking\ System.build/Past\ Papers\ Tracking\ System-generated-files.hmap -Xcc -I/Users/patpateephangern/Documents/Exam\ Timing\ System/Exam\ Timing\ System/build/Past\ Papers\ Tracking\ System.build/Release/Past\ Papers\ Tracking\ System.build/Past\ Papers\ Tracking\ System-own-target-headers.hmap -Xcc -I/Users/patpateephangern/Documents/Exam\ Timing\ System/Exam\ Timing\ System/build/Past\ Papers\ Tracking\ System.build/Release/Past\ Papers\ Tracking\ System.build/Past\ Papers\ Tracking\ System-all-target-headers.hmap -Xcc -iquote -Xcc /Users/patpateephangern/Documents/Exam\ Timing\ System/Exam\ Timing\ System/build/Past\ Papers\ Tracking\ System.build/Release/Past\ Papers\ Tracking\ System.build/Past\ Papers\ Tracking\ System-project-headers.hmap -Xcc -I/Users/patpateephangern/Documents/Exam\ Timing\ System/Exam\ Timing\ System/build/Release/include -Xcc -I/Users/patpateephangern/Documents/Exam\ Timing\ System/Exam\ Timing\ System/build/Past\ Papers\ Tracking\ System.build/Release/Past\ Papers\ Tracking\ System.build/DerivedSources-normal/x86_64 -Xcc -I/Users/patpateephangern/Documents/Exam\ Timing\ System/Exam\ Timing\ System/build/Past\ Papers\ Tracking\ System.build/Release/Past\ Papers\ Tracking\ System.build/DerivedSources/x86_64 -Xcc -I/Users/patpateephangern/Documents/Exam\ Timing\ System/Exam\ Timing\ System/build/Past\ Papers\ Tracking\ System.build/Release/Past\ Papers\ Tracking\ System.build/DerivedSources -emit-objc-header -emit-objc-header-path /Users/patpateephangern/Documents/Exam\ Timing\ System/Exam\ Timing\ System/build/Past\ Papers\ Tracking\ System.build/Release/Past\ Papers\ Tracking\ System.build/Objects-normal/x86_64/Past_Papers_Tracking_System-Swift.h -working-directory /Users/patpateephangern/Documents/Exam\ Timing\ System/Exam\ Timing\ System -no-emit-module-separately-wmo

SwiftMergeGeneratedHeaders /Users/patpateephangern/Documents/Exam\ Timing\ System/Exam\ Timing\ System/build/Past\ Papers\ Tracking\ System.build/Release/Past\ Papers\ Tracking\ System.build/DerivedSources/Past_Papers_Tracking_System-Swift.h /Users/patpateephangern/Documents/Exam\ Timing\ System/Exam\ Timing\ System/build/Past\ Papers\ Tracking\ System.build/Release/Past\ Papers\ Tracking\ System.build/Objects-normal/arm64/Past_Papers_Tracking_System-Swift.h /Users/patpateephangern/Documents/Exam\ Timing\ System/Exam\ Timing\ System/build/Past\ Papers\ Tracking\ System.build/Release/Past\ Papers\ Tracking\ System.build/Objects-normal/x86_64/Past_Papers_Tracking_System-Swift.h (in target 'Past Papers Tracking System' from project 'Past Papers Tracking System')
    cd /Users/patpateephangern/Documents/Exam\ Timing\ System/Exam\ Timing\ System
    builtin-swiftHeaderTool -arch arm64 /Users/patpateephangern/Documents/Exam\ Timing\ System/Exam\ Timing\ System/build/Past\ Papers\ Tracking\ System.build/Release/Past\ Papers\ Tracking\ System.build/Objects-normal/arm64/Past_Papers_Tracking_System-Swift.h -arch x86_64 /Users/patpateephangern/Documents/Exam\ Timing\ System/Exam\ Timing\ System/build/Past\ Papers\ Tracking\ System.build/Release/Past\ Papers\ Tracking\ System.build/Objects-normal/x86_64/Past_Papers_Tracking_System-Swift.h -o /Users/patpateephangern/Documents/Exam\ Timing\ System/Exam\ Timing\ System/build/Past\ Papers\ Tracking\ System.build/Release/Past\ Papers\ Tracking\ System.build/DerivedSources/Past_Papers_Tracking_System-Swift.h

Copy /Users/patpateephangern/Documents/Exam\ Timing\ System/Exam\ Timing\ System/build/Release/Past_Papers_Tracking_System.swiftmodule/x86_64-apple-macos.swiftmodule /Users/patpateephangern/Documents/Exam\ Timing\ System/Exam\ Timing\ System/build/Past\ Papers\ Tracking\ System.build/Release/Past\ Papers\ Tracking\ System.build/Objects-normal/x86_64/Past_Papers_Tracking_System.swiftmodule (in target 'Past Papers Tracking System' from project 'Past Papers Tracking System')
    cd /Users/patpateephangern/Documents/Exam\ Timing\ System/Exam\ Timing\ System
    builtin-copy -exclude .DS_Store -exclude CVS -exclude .svn -exclude .git -exclude .hg -resolve-src-symlinks -rename /Users/patpateephangern/Documents/Exam\ Timing\ System/Exam\ Timing\ System/build/Past\ Papers\ Tracking\ System.build/Release/Past\ Papers\ Tracking\ System.build/Objects-normal/x86_64/Past_Papers_Tracking_System.swiftmodule /Users/patpateephangern/Documents/Exam\ Timing\ System/Exam\ Timing\ System/build/Release/Past_Papers_Tracking_System.swiftmodule/x86_64-apple-macos.swiftmodule

Copy /Users/patpateephangern/Documents/Exam\ Timing\ System/Exam\ Timing\ System/build/Release/Past_Papers_Tracking_System.swiftmodule/arm64-apple-macos.swiftmodule /Users/patpateephangern/Documents/Exam\ Timing\ System/Exam\ Timing\ System/build/Past\ Papers\ Tracking\ System.build/Release/Past\ Papers\ Tracking\ System.build/Objects-normal/arm64/Past_Papers_Tracking_System.swiftmodule (in target 'Past Papers Tracking System' from project 'Past Papers Tracking System')
    cd /Users/patpateephangern/Documents/Exam\ Timing\ System/Exam\ Timing\ System
    builtin-copy -exclude .DS_Store -exclude CVS -exclude .svn -exclude .git -exclude .hg -resolve-src-symlinks -rename /Users/patpateephangern/Documents/Exam\ Timing\ System/Exam\ Timing\ System/build/Past\ Papers\ Tracking\ System.build/Release/Past\ Papers\ Tracking\ System.build/Objects-normal/arm64/Past_Papers_Tracking_System.swiftmodule /Users/patpateephangern/Documents/Exam\ Timing\ System/Exam\ Timing\ System/build/Release/Past_Papers_Tracking_System.swiftmodule/arm64-apple-macos.swiftmodule

Copy /Users/patpateephangern/Documents/Exam\ Timing\ System/Exam\ Timing\ System/build/Release/Past_Papers_Tracking_System.swiftmodule/arm64-apple-macos.abi.json /Users/patpateephangern/Documents/Exam\ Timing\ System/Exam\ Timing\ System/build/Past\ Papers\ Tracking\ System.build/Release/Past\ Papers\ Tracking\ System.build/Objects-normal/arm64/Past_Papers_Tracking_System.abi.json (in target 'Past Papers Tracking System' from project 'Past Papers Tracking System')
    cd /Users/patpateephangern/Documents/Exam\ Timing\ System/Exam\ Timing\ System
    builtin-copy -exclude .DS_Store -exclude CVS -exclude .svn -exclude .git -exclude .hg -resolve-src-symlinks -rename /Users/patpateephangern/Documents/Exam\ Timing\ System/Exam\ Timing\ System/build/Past\ Papers\ Tracking\ System.build/Release/Past\ Papers\ Tracking\ System.build/Objects-normal/arm64/Past_Papers_Tracking_System.abi.json /Users/patpateephangern/Documents/Exam\ Timing\ System/Exam\ Timing\ System/build/Release/Past_Papers_Tracking_System.swiftmodule/arm64-apple-macos.abi.json

Copy /Users/patpateephangern/Documents/Exam\ Timing\ System/Exam\ Timing\ System/build/Release/Past_Papers_Tracking_System.swiftmodule/arm64-apple-macos.swiftdoc /Users/patpateephangern/Documents/Exam\ Timing\ System/Exam\ Timing\ System/build/Past\ Papers\ Tracking\ System.build/Release/Past\ Papers\ Tracking\ System.build/Objects-normal/arm64/Past_Papers_Tracking_System.swiftdoc (in target 'Past Papers Tracking System' from project 'Past Papers Tracking System')
    cd /Users/patpateephangern/Documents/Exam\ Timing\ System/Exam\ Timing\ System
    builtin-copy -exclude .DS_Store -exclude CVS -exclude .svn -exclude .git -exclude .hg -resolve-src-symlinks -rename /Users/patpateephangern/Documents/Exam\ Timing\ System/Exam\ Timing\ System/build/Past\ Papers\ Tracking\ System.build/Release/Past\ Papers\ Tracking\ System.build/Objects-normal/arm64/Past_Papers_Tracking_System.swiftdoc /Users/patpateephangern/Documents/Exam\ Timing\ System/Exam\ Timing\ System/build/Release/Past_Papers_Tracking_System.swiftmodule/arm64-apple-macos.swiftdoc

Copy /Users/patpateephangern/Documents/Exam\ Timing\ System/Exam\ Timing\ System/build/Release/Past_Papers_Tracking_System.swiftmodule/x86_64-apple-macos.swiftdoc /Users/patpateephangern/Documents/Exam\ Timing\ System/Exam\ Timing\ System/build/Past\ Papers\ Tracking\ System.build/Release/Past\ Papers\ Tracking\ System.build/Objects-normal/x86_64/Past_Papers_Tracking_System.swiftdoc (in target 'Past Papers Tracking System' from project 'Past Papers Tracking System')
    cd /Users/patpateephangern/Documents/Exam\ Timing\ System/Exam\ Timing\ System
    builtin-copy -exclude .DS_Store -exclude CVS -exclude .svn -exclude .git -exclude .hg -resolve-src-symlinks -rename /Users/patpateephangern/Documents/Exam\ Timing\ System/Exam\ Timing\ System/build/Past\ Papers\ Tracking\ System.build/Release/Past\ Papers\ Tracking\ System.build/Objects-normal/x86_64/Past_Papers_Tracking_System.swiftdoc /Users/patpateephangern/Documents/Exam\ Timing\ System/Exam\ Timing\ System/build/Release/Past_Papers_Tracking_System.swiftmodule/x86_64-apple-macos.swiftdoc

Copy /Users/patpateephangern/Documents/Exam\ Timing\ System/Exam\ Timing\ System/build/Release/Past_Papers_Tracking_System.swiftmodule/x86_64-apple-macos.abi.json /Users/patpateephangern/Documents/Exam\ Timing\ System/Exam\ Timing\ System/build/Past\ Papers\ Tracking\ System.build/Release/Past\ Papers\ Tracking\ System.build/Objects-normal/x86_64/Past_Papers_Tracking_System.abi.json (in target 'Past Papers Tracking System' from project 'Past Papers Tracking System')
    cd /Users/patpateephangern/Documents/Exam\ Timing\ System/Exam\ Timing\ System
    builtin-copy -exclude .DS_Store -exclude CVS -exclude .svn -exclude .git -exclude .hg -resolve-src-symlinks -rename /Users/patpateephangern/Documents/Exam\ Timing\ System/Exam\ Timing\ System/build/Past\ Papers\ Tracking\ System.build/Release/Past\ Papers\ Tracking\ System.build/Objects-normal/x86_64/Past_Papers_Tracking_System.abi.json /Users/patpateephangern/Documents/Exam\ Timing\ System/Exam\ Timing\ System/build/Release/Past_Papers_Tracking_System.swiftmodule/x86_64-apple-macos.abi.json

Copy /Users/patpateephangern/Documents/Exam\ Timing\ System/Exam\ Timing\ System/build/Release/Past_Papers_Tracking_System.swiftmodule/Project/x86_64-apple-macos.swiftsourceinfo /Users/patpateephangern/Documents/Exam\ Timing\ System/Exam\ Timing\ System/build/Past\ Papers\ Tracking\ System.build/Release/Past\ Papers\ Tracking\ System.build/Objects-normal/x86_64/Past_Papers_Tracking_System.swiftsourceinfo (in target 'Past Papers Tracking System' from project 'Past Papers Tracking System')
    cd /Users/patpateephangern/Documents/Exam\ Timing\ System/Exam\ Timing\ System
    builtin-copy -exclude .DS_Store -exclude CVS -exclude .svn -exclude .git -exclude .hg -resolve-src-symlinks -rename /Users/patpateephangern/Documents/Exam\ Timing\ System/Exam\ Timing\ System/build/Past\ Papers\ Tracking\ System.build/Release/Past\ Papers\ Tracking\ System.build/Objects-normal/x86_64/Past_Papers_Tracking_System.swiftsourceinfo /Users/patpateephangern/Documents/Exam\ Timing\ System/Exam\ Timing\ System/build/Release/Past_Papers_Tracking_System.swiftmodule/Project/x86_64-apple-macos.swiftsourceinfo

Copy /Users/patpateephangern/Documents/Exam\ Timing\ System/Exam\ Timing\ System/build/Release/Past_Papers_Tracking_System.swiftmodule/Project/arm64-apple-macos.swiftsourceinfo /Users/patpateephangern/Documents/Exam\ Timing\ System/Exam\ Timing\ System/build/Past\ Papers\ Tracking\ System.build/Release/Past\ Papers\ Tracking\ System.build/Objects-normal/arm64/Past_Papers_Tracking_System.swiftsourceinfo (in target 'Past Papers Tracking System' from project 'Past Papers Tracking System')
    cd /Users/patpateephangern/Documents/Exam\ Timing\ System/Exam\ Timing\ System
    builtin-copy -exclude .DS_Store -exclude CVS -exclude .svn -exclude .git -exclude .hg -resolve-src-symlinks -rename /Users/patpateephangern/Documents/Exam\ Timing\ System/Exam\ Timing\ System/build/Past\ Papers\ Tracking\ System.build/Release/Past\ Papers\ Tracking\ System.build/Objects-normal/arm64/Past_Papers_Tracking_System.swiftsourceinfo /Users/patpateephangern/Documents/Exam\ Timing\ System/Exam\ Timing\ System/build/Release/Past_Papers_Tracking_System.swiftmodule/Project/arm64-apple-macos.swiftsourceinfo

Ld /Users/patpateephangern/Documents/Exam\ Timing\ System/Exam\ Timing\ System/build/Past\ Papers\ Tracking\ System.build/Release/Past\ Papers\ Tracking\ System.build/Objects-normal/x86_64/Binary/Past\ Papers\ Tracking\ System normal x86_64 (in target 'Past Papers Tracking System' from project 'Past Papers Tracking System')
    cd /Users/patpateephangern/Documents/Exam\ Timing\ System/Exam\ Timing\ System
    /Applications/Xcode.app/Contents/Developer/Toolchains/XcodeDefault.xctoolchain/usr/bin/clang -Xlinker -reproducible -target x86_64-apple-macos26.3 -isysroot /Applications/Xcode.app/Contents/Developer/Platforms/MacOSX.platform/Developer/SDKs/MacOSX26.4.sdk -Os -L/Users/patpateephangern/Documents/Exam\ Timing\ System/Exam\ Timing\ System/build/EagerLinkingTBDs/Release -L/Users/patpateephangern/Documents/Exam\ Timing\ System/Exam\ Timing\ System/build/Release -F/Users/patpateephangern/Documents/Exam\ Timing\ System/Exam\ Timing\ System/build/EagerLinkingTBDs/Release -F/Users/patpateephangern/Documents/Exam\ Timing\ System/Exam\ Timing\ System/build/Release -filelist /Users/patpateephangern/Documents/Exam\ Timing\ System/Exam\ Timing\ System/build/Past\ Papers\ Tracking\ System.build/Release/Past\ Papers\ Tracking\ System.build/Objects-normal/x86_64/Past\ Papers\ Tracking\ System.LinkFileList -Xlinker -rpath -Xlinker @executable_path/../Frameworks -Xlinker -object_path_lto -Xlinker /Users/patpateephangern/Documents/Exam\ Timing\ System/Exam\ Timing\ System/build/Past\ Papers\ Tracking\ System.build/Release/Past\ Papers\ Tracking\ System.build/Objects-normal/x86_64/Past\ Papers\ Tracking\ System_lto.o -Xlinker -dependency_info -Xlinker /Users/patpateephangern/Documents/Exam\ Timing\ System/Exam\ Timing\ System/build/Past\ Papers\ Tracking\ System.build/Release/Past\ Papers\ Tracking\ System.build/Objects-normal/x86_64/Past\ Papers\ Tracking\ System_dependency_info.dat -fobjc-link-runtime -L/Applications/Xcode.app/Contents/Developer/Toolchains/XcodeDefault.xctoolchain/usr/lib/swift/macosx -L/usr/lib/swift -Xlinker -add_ast_path -Xlinker /Users/patpateephangern/Documents/Exam\ Timing\ System/Exam\ Timing\ System/build/Past\ Papers\ Tracking\ System.build/Release/Past\ Papers\ Tracking\ System.build/Objects-normal/x86_64/Past_Papers_Tracking_System.swiftmodule @/Users/patpateephangern/Documents/Exam\ Timing\ System/Exam\ Timing\ System/build/Past\ Papers\ Tracking\ System.build/Release/Past\ Papers\ Tracking\ System.build/Objects-normal/x86_64/Past_Papers_Tracking_System-linker-args.resp -Xlinker -no_adhoc_codesign -o /Users/patpateephangern/Documents/Exam\ Timing\ System/Exam\ Timing\ System/build/Past\ Papers\ Tracking\ System.build/Release/Past\ Papers\ Tracking\ System.build/Objects-normal/x86_64/Binary/Past\ Papers\ Tracking\ System

Ld /Users/patpateephangern/Documents/Exam\ Timing\ System/Exam\ Timing\ System/build/Past\ Papers\ Tracking\ System.build/Release/Past\ Papers\ Tracking\ System.build/Objects-normal/arm64/Binary/Past\ Papers\ Tracking\ System normal arm64 (in target 'Past Papers Tracking System' from project 'Past Papers Tracking System')
    cd /Users/patpateephangern/Documents/Exam\ Timing\ System/Exam\ Timing\ System
    /Applications/Xcode.app/Contents/Developer/Toolchains/XcodeDefault.xctoolchain/usr/bin/clang -Xlinker -reproducible -target arm64-apple-macos26.3 -isysroot /Applications/Xcode.app/Contents/Developer/Platforms/MacOSX.platform/Developer/SDKs/MacOSX26.4.sdk -Os -L/Users/patpateephangern/Documents/Exam\ Timing\ System/Exam\ Timing\ System/build/EagerLinkingTBDs/Release -L/Users/patpateephangern/Documents/Exam\ Timing\ System/Exam\ Timing\ System/build/Release -F/Users/patpateephangern/Documents/Exam\ Timing\ System/Exam\ Timing\ System/build/EagerLinkingTBDs/Release -F/Users/patpateephangern/Documents/Exam\ Timing\ System/Exam\ Timing\ System/build/Release -filelist /Users/patpateephangern/Documents/Exam\ Timing\ System/Exam\ Timing\ System/build/Past\ Papers\ Tracking\ System.build/Release/Past\ Papers\ Tracking\ System.build/Objects-normal/arm64/Past\ Papers\ Tracking\ System.LinkFileList -Xlinker -rpath -Xlinker @executable_path/../Frameworks -Xlinker -object_path_lto -Xlinker /Users/patpateephangern/Documents/Exam\ Timing\ System/Exam\ Timing\ System/build/Past\ Papers\ Tracking\ System.build/Release/Past\ Papers\ Tracking\ System.build/Objects-normal/arm64/Past\ Papers\ Tracking\ System_lto.o -Xlinker -dependency_info -Xlinker /Users/patpateephangern/Documents/Exam\ Timing\ System/Exam\ Timing\ System/build/Past\ Papers\ Tracking\ System.build/Release/Past\ Papers\ Tracking\ System.build/Objects-normal/arm64/Past\ Papers\ Tracking\ System_dependency_info.dat -fobjc-link-runtime -L/Applications/Xcode.app/Contents/Developer/Toolchains/XcodeDefault.xctoolchain/usr/lib/swift/macosx -L/usr/lib/swift -Xlinker -add_ast_path -Xlinker /Users/patpateephangern/Documents/Exam\ Timing\ System/Exam\ Timing\ System/build/Past\ Papers\ Tracking\ System.build/Release/Past\ Papers\ Tracking\ System.build/Objects-normal/arm64/Past_Papers_Tracking_System.swiftmodule @/Users/patpateephangern/Documents/Exam\ Timing\ System/Exam\ Timing\ System/build/Past\ Papers\ Tracking\ System.build/Release/Past\ Papers\ Tracking\ System.build/Objects-normal/arm64/Past_Papers_Tracking_System-linker-args.resp -Xlinker -no_adhoc_codesign -o /Users/patpateephangern/Documents/Exam\ Timing\ System/Exam\ Timing\ System/build/Past\ Papers\ Tracking\ System.build/Release/Past\ Papers\ Tracking\ System.build/Objects-normal/arm64/Binary/Past\ Papers\ Tracking\ System

CreateUniversalBinary /Users/patpateephangern/Documents/Exam\ Timing\ System/Exam\ Timing\ System/build/Release/Past\ Papers\ Tracking\ System.app/Contents/MacOS/Past\ Papers\ Tracking\ System normal arm64\ x86_64 (in target 'Past Papers Tracking System' from project 'Past Papers Tracking System')
    cd /Users/patpateephangern/Documents/Exam\ Timing\ System/Exam\ Timing\ System
    /Applications/Xcode.app/Contents/Developer/Toolchains/XcodeDefault.xctoolchain/usr/bin/lipo -create /Users/patpateephangern/Documents/Exam\ Timing\ System/Exam\ Timing\ System/build/Past\ Papers\ Tracking\ System.build/Release/Past\ Papers\ Tracking\ System.build/Objects-normal/arm64/Binary/Past\ Papers\ Tracking\ System /Users/patpateephangern/Documents/Exam\ Timing\ System/Exam\ Timing\ System/build/Past\ Papers\ Tracking\ System.build/Release/Past\ Papers\ Tracking\ System.build/Objects-normal/x86_64/Binary/Past\ Papers\ Tracking\ System -output /Users/patpateephangern/Documents/Exam\ Timing\ System/Exam\ Timing\ System/build/Release/Past\ Papers\ Tracking\ System.app/Contents/MacOS/Past\ Papers\ Tracking\ System

CopySwiftLibs /Users/patpateephangern/Documents/Exam\ Timing\ System/Exam\ Timing\ System/build/Release/Past\ Papers\ Tracking\ System.app (in target 'Past Papers Tracking System' from project 'Past Papers Tracking System')
    cd /Users/patpateephangern/Documents/Exam\ Timing\ System/Exam\ Timing\ System
    builtin-swiftStdLibTool --copy --verbose --sign - --scan-executable /Users/patpateephangern/Documents/Exam\ Timing\ System/Exam\ Timing\ System/build/Release/Past\ Papers\ Tracking\ System.app/Contents/MacOS/Past\ Papers\ Tracking\ System --scan-folder /Users/patpateephangern/Documents/Exam\ Timing\ System/Exam\ Timing\ System/build/Release/Past\ Papers\ Tracking\ System.app/Contents/Frameworks --scan-folder /Users/patpateephangern/Documents/Exam\ Timing\ System/Exam\ Timing\ System/build/Release/Past\ Papers\ Tracking\ System.app/Contents/PlugIns --scan-folder /Users/patpateephangern/Documents/Exam\ Timing\ System/Exam\ Timing\ System/build/Release/Past\ Papers\ Tracking\ System.app/Contents/Library/SystemExtensions --scan-folder /Users/patpateephangern/Documents/Exam\ Timing\ System/Exam\ Timing\ System/build/Release/Past\ Papers\ Tracking\ System.app/Contents/Extensions --platform macosx --toolchain /Applications/Xcode.app/Contents/Developer/Toolchains/XcodeDefault.xctoolchain --destination /Users/patpateephangern/Documents/Exam\ Timing\ System/Exam\ Timing\ System/build/Release/Past\ Papers\ Tracking\ System.app/Contents/Frameworks --strip-bitcode --strip-bitcode-tool /Applications/Xcode.app/Contents/Developer/Toolchains/XcodeDefault.xctoolchain/usr/bin/bitcode_strip --emit-dependency-info /Users/patpateephangern/Documents/Exam\ Timing\ System/Exam\ Timing\ System/build/Past\ Papers\ Tracking\ System.build/Release/Past\ Papers\ Tracking\ System.build/SwiftStdLibToolInputDependencies.dep --filter-for-swift-os

ExtractAppIntentsMetadata (in target 'Past Papers Tracking System' from project 'Past Papers Tracking System')
    cd /Users/patpateephangern/Documents/Exam\ Timing\ System/Exam\ Timing\ System
    /Applications/Xcode.app/Contents/Developer/Toolchains/XcodeDefault.xctoolchain/usr/bin/appintentsmetadataprocessor --toolchain-dir /Applications/Xcode.app/Contents/Developer/Toolchains/XcodeDefault.xctoolchain --module-name Past_Papers_Tracking_System --sdk-root /Applications/Xcode.app/Contents/Developer/Platforms/MacOSX.platform/Developer/SDKs/MacOSX26.4.sdk --xcode-version 17E192 --platform-family macOS --deployment-target 26.3 --bundle-identifier Development.Exam-Timing-System --output /Users/patpateephangern/Documents/Exam\ Timing\ System/Exam\ Timing\ System/build/Release/Past\ Papers\ Tracking\ System.app/Contents/Resources --target-triple arm64-apple-macos26.3 --target-triple x86_64-apple-macos26.3 --binary-file /Users/patpateephangern/Documents/Exam\ Timing\ System/Exam\ Timing\ System/build/Release/Past\ Papers\ Tracking\ System.app/Contents/MacOS/Past\ Papers\ Tracking\ System --dependency-file /Users/patpateephangern/Documents/Exam\ Timing\ System/Exam\ Timing\ System/build/Past\ Papers\ Tracking\ System.build/Release/Past\ Papers\ Tracking\ System.build/Objects-normal/arm64/Past\ Papers\ Tracking\ System_dependency_info.dat --dependency-file /Users/patpateephangern/Documents/Exam\ Timing\ System/Exam\ Timing\ System/build/Past\ Papers\ Tracking\ System.build/Release/Past\ Papers\ Tracking\ System.build/Objects-normal/x86_64/Past\ Papers\ Tracking\ System_dependency_info.dat --stringsdata-file /Users/patpateephangern/Documents/Exam\ Timing\ System/Exam\ Timing\ System/build/Past\ Papers\ Tracking\ System.build/Release/Past\ Papers\ Tracking\ System.build/Objects-normal/arm64/ExtractedAppShortcutsMetadata.stringsdata --stringsdata-file /Users/patpateephangern/Documents/Exam\ Timing\ System/Exam\ Timing\ System/build/Past\ Papers\ Tracking\ System.build/Release/Past\ Papers\ Tracking\ System.build/Objects-normal/x86_64/ExtractedAppShortcutsMetadata.stringsdata --source-file-list /Users/patpateephangern/Documents/Exam\ Timing\ System/Exam\ Timing\ System/build/Past\ Papers\ Tracking\ System.build/Release/Past\ Papers\ Tracking\ System.build/Objects-normal/arm64/Past\ Papers\ Tracking\ System.SwiftFileList --source-file-list /Users/patpateephangern/Documents/Exam\ Timing\ System/Exam\ Timing\ System/build/Past\ Papers\ Tracking\ System.build/Release/Past\ Papers\ Tracking\ System.build/Objects-normal/x86_64/Past\ Papers\ Tracking\ System.SwiftFileList --metadata-file-list /Users/patpateephangern/Documents/Exam\ Timing\ System/Exam\ Timing\ System/build/Past\ Papers\ Tracking\ System.build/Release/Past\ Papers\ Tracking\ System.build/Past\ Papers\ Tracking\ System.DependencyMetadataFileList --static-metadata-file-list /Users/patpateephangern/Documents/Exam\ Timing\ System/Exam\ Timing\ System/build/Past\ Papers\ Tracking\ System.build/Release/Past\ Papers\ Tracking\ System.build/Past\ Papers\ Tracking\ System.DependencyStaticMetadataFileList --swift-const-vals-list /Users/patpateephangern/Documents/Exam\ Timing\ System/Exam\ Timing\ System/build/Past\ Papers\ Tracking\ System.build/Release/Past\ Papers\ Tracking\ System.build/Objects-normal/arm64/Past\ Papers\ Tracking\ System.SwiftConstValuesFileList --swift-const-vals-list /Users/patpateephangern/Documents/Exam\ Timing\ System/Exam\ Timing\ System/build/Past\ Papers\ Tracking\ System.build/Release/Past\ Papers\ Tracking\ System.build/Objects-normal/x86_64/Past\ Papers\ Tracking\ System.SwiftConstValuesFileList --compile-time-extraction --deployment-aware-processing --validate-assistant-intents --no-app-shortcuts-localization
2026-05-25 14:11:40.753 appintentsmetadataprocessor[34243:1262250] Starting appintentsmetadataprocessor export
2026-05-25 14:11:40.764 appintentsmetadataprocessor[34243:1262250] warning: Metadata extraction skipped. No AppIntents.framework dependency found.

GenerateDSYMFile /Users/patpateephangern/Documents/Exam\ Timing\ System/Exam\ Timing\ System/build/Release/Past\ Papers\ Tracking\ System.app.dSYM /Users/patpateephangern/Documents/Exam\ Timing\ System/Exam\ Timing\ System/build/Release/Past\ Papers\ Tracking\ System.app/Contents/MacOS/Past\ Papers\ Tracking\ System (in target 'Past Papers Tracking System' from project 'Past Papers Tracking System')
    cd /Users/patpateephangern/Documents/Exam\ Timing\ System/Exam\ Timing\ System
    /Applications/Xcode.app/Contents/Developer/Toolchains/XcodeDefault.xctoolchain/usr/bin/dsymutil /Users/patpateephangern/Documents/Exam\ Timing\ System/Exam\ Timing\ System/build/Release/Past\ Papers\ Tracking\ System.app/Contents/MacOS/Past\ Papers\ Tracking\ System -o /Users/patpateephangern/Documents/Exam\ Timing\ System/Exam\ Timing\ System/build/Release/Past\ Papers\ Tracking\ System.app.dSYM

CodeSign /Users/patpateephangern/Documents/Exam\ Timing\ System/Exam\ Timing\ System/build/Release/Past\ Papers\ Tracking\ System.app (in target 'Past Papers Tracking System' from project 'Past Papers Tracking System')
    cd /Users/patpateephangern/Documents/Exam\ Timing\ System/Exam\ Timing\ System
    
    Signing Identity:     "Sign to Run Locally"
    
    /usr/bin/codesign --force --sign - --entitlements /Users/patpateephangern/Documents/Exam\ Timing\ System/Exam\ Timing\ System/build/Past\ Papers\ Tracking\ System.build/Release/Past\ Papers\ Tracking\ System.build/Past\ Papers\ Tracking\ System.app.xcent --timestamp\=none --generate-entitlement-der /Users/patpateephangern/Documents/Exam\ Timing\ System/Exam\ Timing\ System/build/Release/Past\ Papers\ Tracking\ System.app

RegisterExecutionPolicyException /Users/patpateephangern/Documents/Exam\ Timing\ System/Exam\ Timing\ System/build/Release/Past\ Papers\ Tracking\ System.app (in target 'Past Papers Tracking System' from project 'Past Papers Tracking System')
    cd /Users/patpateephangern/Documents/Exam\ Timing\ System/Exam\ Timing\ System
    builtin-RegisterExecutionPolicyException /Users/patpateephangern/Documents/Exam\ Timing\ System/Exam\ Timing\ System/build/Release/Past\ Papers\ Tracking\ System.app

Validate /Users/patpateephangern/Documents/Exam\ Timing\ System/Exam\ Timing\ System/build/Release/Past\ Papers\ Tracking\ System.app (in target 'Past Papers Tracking System' from project 'Past Papers Tracking System')
    cd /Users/patpateephangern/Documents/Exam\ Timing\ System/Exam\ Timing\ System
    builtin-validationUtility /Users/patpateephangern/Documents/Exam\ Timing\ System/Exam\ Timing\ System/build/Release/Past\ Papers\ Tracking\ System.app -no-validate-extension -infoplist-subpath Contents/Info.plist

Touch /Users/patpateephangern/Documents/Exam\ Timing\ System/Exam\ Timing\ System/build/Release/Past\ Papers\ Tracking\ System.app (in target 'Past Papers Tracking System' from project 'Past Papers Tracking System')
    cd /Users/patpateephangern/Documents/Exam\ Timing\ System/Exam\ Timing\ System
    /usr/bin/touch -c /Users/patpateephangern/Documents/Exam\ Timing\ System/Exam\ Timing\ System/build/Release/Past\ Papers\ Tracking\ System.app

RegisterWithLaunchServices /Users/patpateephangern/Documents/Exam\ Timing\ System/Exam\ Timing\ System/build/Release/Past\ Papers\ Tracking\ System.app (in target 'Past Papers Tracking System' from project 'Past Papers Tracking System')
    cd /Users/patpateephangern/Documents/Exam\ Timing\ System/Exam\ Timing\ System
    /System/Library/Frameworks/CoreServices.framework/Versions/Current/Frameworks/LaunchServices.framework/Versions/Current/Support/lsregister -f -R -trusted /Users/patpateephangern/Documents/Exam\ Timing\ System/Exam\ Timing\ System/build/Release/Past\ Papers\ Tracking\ System.app

** BUILD SUCCEEDED **

